 my_system_sfun

 Timestamp is 54ec3ec8 (Tue Feb 24 11:05:12 2015)

 Preferred load address is 0000000180000000

 Start         Length     Name                   Class
 0001:00000000 000b1d74H .text                   CODE
 0001:000b1d80 00000092H .text$x                 CODE
 0002:00000000 000004e0H .idata$5                DATA
 0002:000004e0 00000008H .CRT$XCA                DATA
 0002:000004e8 00000008H .CRT$XCZ                DATA
 0002:000004f0 00000008H .CRT$XIA                DATA
 0002:000004f8 00000008H .CRT$XIAA               DATA
 0002:00000500 00000008H .CRT$XIZ                DATA
 0002:00000510 00004bfcH .rdata                  DATA
 0002:00005110 00000008H .rtc$IAA                DATA
 0002:00005118 00000008H .rtc$IZZ                DATA
 0002:00005120 00000008H .rtc$TAA                DATA
 0002:00005128 00000008H .rtc$TZZ                DATA
 0002:00005130 00004944H .xdata                  DATA
 0002:00009a74 000000b4H .idata$2                DATA
 0002:00009b28 00000014H .idata$3                DATA
 0002:00009b40 000004e0H .idata$4                DATA
 0002:0000a020 00000b58H .idata$6                DATA
 0002:0000ab80 00000054H .edata                  DATA
 0003:00000000 0000e48cH .data                   DATA
 0003:0000e4a0 00002498H .bss                    DATA
 0004:00000000 00003a38H .pdata                  DATA

  Address         Publics by Value              Rva+Base               Lib:Object

 0000:00000000       ___safe_se_handler_count   0000000000000000     <absolute>
 0000:00000000       ___safe_se_handler_table   0000000000000000     <absolute>
 0000:00000000       __ImageBase                0000000180000000     <linker-defined>
 0001:00000000       sf_c13_my_system_get_eml_resolved_functions_info 0000000180001000 f   c13_my_system.obj
 0001:000059a0       sf_c13_my_system_get_check_sum 00000001800069a0 f   c13_my_system.obj
 0001:00005a20       sf_c13_my_system_get_autoinheritance_info 0000000180006a20 f   c13_my_system.obj
 0001:00008fc0       sf_c13_my_system_third_party_uses_info 0000000180009fc0 f   c13_my_system.obj
 0001:00008ff0       sf_internal_get_sim_state_c13_my_system 0000000180009ff0 f   c13_my_system.obj
 0001:0000a180       sf_internal_set_sim_state_c13_my_system 000000018000b180 f   c13_my_system.obj
 0001:0000b230       c13_my_system_method_dispatcher 000000018000c230 f   c13_my_system.obj
 0001:0006b260       sf_c14_my_system_get_eml_resolved_functions_info 000000018006c260 f   c14_my_system.obj
 0001:0006bb20       sf_c14_my_system_get_check_sum 000000018006cb20 f   c14_my_system.obj
 0001:0006bba0       sf_c14_my_system_get_autoinheritance_info 000000018006cba0 f   c14_my_system.obj
 0001:0006c3a0       sf_c14_my_system_third_party_uses_info 000000018006d3a0 f   c14_my_system.obj
 0001:0006c3d0       sf_internal_get_sim_state_c14_my_system 000000018006d3d0 f   c14_my_system.obj
 0001:0006c890       sf_internal_set_sim_state_c14_my_system 000000018006d890 f   c14_my_system.obj
 0001:0006ce20       c14_my_system_method_dispatcher 000000018006de20 f   c14_my_system.obj
 0001:00070ea0       sf_c15_my_system_get_eml_resolved_functions_info 0000000180071ea0 f   c15_my_system.obj
 0001:00071320       sf_c15_my_system_get_check_sum 0000000180072320 f   c15_my_system.obj
 0001:000713a0       sf_c15_my_system_get_autoinheritance_info 00000001800723a0 f   c15_my_system.obj
 0001:00071950       sf_c15_my_system_third_party_uses_info 0000000180072950 f   c15_my_system.obj
 0001:00071980       sf_internal_get_sim_state_c15_my_system 0000000180072980 f   c15_my_system.obj
 0001:00071e50       sf_internal_set_sim_state_c15_my_system 0000000180072e50 f   c15_my_system.obj
 0001:00072510       c15_my_system_method_dispatcher 0000000180073510 f   c15_my_system.obj
 0001:00074df0       sf_c16_my_system_get_eml_resolved_functions_info 0000000180075df0 f   c16_my_system.obj
 0001:000752f0       sf_c16_my_system_get_check_sum 00000001800762f0 f   c16_my_system.obj
 0001:00075370       sf_c16_my_system_get_autoinheritance_info 0000000180076370 f   c16_my_system.obj
 0001:00075920       sf_c16_my_system_third_party_uses_info 0000000180076920 f   c16_my_system.obj
 0001:00075950       sf_internal_get_sim_state_c16_my_system 0000000180076950 f   c16_my_system.obj
 0001:00075e60       sf_internal_set_sim_state_c16_my_system 0000000180076e60 f   c16_my_system.obj
 0001:00076520       c16_my_system_method_dispatcher 0000000180077520 f   c16_my_system.obj
 0001:00078e10       sf_c17_my_system_get_eml_resolved_functions_info 0000000180079e10 f   c17_my_system.obj
 0001:00079930       sf_c17_my_system_get_check_sum 000000018007a930 f   c17_my_system.obj
 0001:000799b0       sf_c17_my_system_get_autoinheritance_info 000000018007a9b0 f   c17_my_system.obj
 0001:0007a5d0       sf_c17_my_system_third_party_uses_info 000000018007b5d0 f   c17_my_system.obj
 0001:0007a600       sf_internal_get_sim_state_c17_my_system 000000018007b600 f   c17_my_system.obj
 0001:0007aaa0       sf_internal_set_sim_state_c17_my_system 000000018007baa0 f   c17_my_system.obj
 0001:0007aff0       c17_my_system_method_dispatcher 000000018007bff0 f   c17_my_system.obj
 0001:0007f7e0       sf_process_check_sum_call  00000001800807e0 f   my_system_sfun_registry.obj
 0001:0007f830       sf_process_autoinheritance_call 0000000180080830 f   my_system_sfun_registry.obj
 0001:0007f9d0       sf_process_get_third_party_uses_info_call 00000001800809d0 f   my_system_sfun_registry.obj
 0001:0007fb70       sf_process_get_eml_resolved_functions_info_call 0000000180080b70 f   my_system_sfun_registry.obj
 0001:0007fcf0       sf_mex_unlock_call         0000000180080cf0 f   my_system_sfun_registry.obj
 0001:0007fda0       sf_machine_global_initializer_called 0000000180080da0 f   my_system_sfun_registry.obj
 0001:0007fdd0       sf_machine_global_method_dispatcher 0000000180080dd0 f   my_system_sfun_registry.obj
 0001:0007fe30       sf_machine_global_terminator 0000000180080e30 f   my_system_sfun_registry.obj
 0001:0007fe80       sf_register_machine_exported_symbols 0000000180080e80 f   my_system_sfun_registry.obj
 0001:0007fea0       callCustomFcn              0000000180080ea0 f   my_system_sfun_registry.obj
 0001:0007feb0       sf_machine_global_initializer 0000000180080eb0 f   my_system_sfun_registry.obj
 0001:0007ff30       _ssSetStateAbsTol          0000000180080f30 f   my_system_sfun_registry.obj
 0001:00080010       _ssGetAbsTol               0000000180081010 f   my_system_sfun_registry.obj
 0001:00080080       _ssSetInputPortMatrixDimensions 0000000180081080 f   my_system_sfun_registry.obj
 0001:00080190       _ssSetOutputPortMatrixDimensions 0000000180081190 f   my_system_sfun_registry.obj
 0001:000802a0       _ssSetInputPortVectorDimension 00000001800812a0 f   my_system_sfun_registry.obj
 0001:00080370       _ssSetOutputPortVectorDimension 0000000180081370 f   my_system_sfun_registry.obj
 0001:00080440       ssIsRunTimeParamTunable    0000000180081440 f   my_system_sfun_registry.obj
 0001:000804b0       ssGetSFuncBlockHandle      00000001800814b0 f   my_system_sfun_registry.obj
 0001:00080520       _ssGetCurrentInputPortWidth 0000000180081520 f   my_system_sfun_registry.obj
 0001:00080640       _ssGetCurrentOutputPortWidth 0000000180081640 f   my_system_sfun_registry.obj
 0001:00080760       _ssGetCallSystemNumFcnCallDestinations 0000000180081760 f   my_system_sfun_registry.obj
 0001:000807d0       ssWarning                  00000001800817d0 f   my_system_sfun_registry.obj
 0001:000808e0       ssGetIsZeroCrossControlDisabled 00000001800818e0 f   my_system_sfun_registry.obj
 0001:00080950       ssSetIsInputPortUsedForContZcSignal 0000000180081950 f   my_system_sfun_registry.obj
 0001:000809c0       ssSetZcSignalIsZcElementDisc 00000001800819c0 f   my_system_sfun_registry.obj
 0001:00080a70       ssSetZcSignalName          0000000180081a70 f   my_system_sfun_registry.obj
 0001:00080ae0       ssSetZcSignalWidth         0000000180081ae0 f   my_system_sfun_registry.obj
 0001:00080b50       ssSetZcSignalZcEventType   0000000180081b50 f   my_system_sfun_registry.obj
 0001:00080bc0       ssSetZcSignalType          0000000180081bc0 f   my_system_sfun_registry.obj
 0001:00080c30       ssSetZcSignalZcTol         0000000180081c30 f   my_system_sfun_registry.obj
 0001:00080ca0       ssSetZcSignalNeedsEventNotification 0000000180081ca0 f   my_system_sfun_registry.obj
 0001:00080d10       ssCreateAndAddZcSignalInfo 0000000180081d10 f   my_system_sfun_registry.obj
 0001:00080d80       ssCloneAndAddZcSignalInfo  0000000180081d80 f   my_system_sfun_registry.obj
 0001:00080df0       ssGetNumZcSignals          0000000180081df0 f   my_system_sfun_registry.obj
 0001:00080e60       ssGetZcSignalVector        0000000180081e60 f   my_system_sfun_registry.obj
 0001:00080ed0       ssGetZcSignalZcEvents      0000000180081ed0 f   my_system_sfun_registry.obj
 0001:00080f40       ssGetZcSignalName          0000000180081f40 f   my_system_sfun_registry.obj
 0001:00080fb0       ssGetZcSignalWidth         0000000180081fb0 f   my_system_sfun_registry.obj
 0001:00081020       ssGetZcSignalZcEventType   0000000180082020 f   my_system_sfun_registry.obj
 0001:00081090       ssGetZcSignalType          0000000180082090 f   my_system_sfun_registry.obj
 0001:00081100       ssGetZcSignalZcTol         0000000180082100 f   my_system_sfun_registry.obj
 0001:00081180       ssGetZcSignalNeedsEventNotification 0000000180082180 f   my_system_sfun_registry.obj
 0001:000811f0       ssGetZcSignalIsZcElementDisc 00000001800821f0 f   my_system_sfun_registry.obj
 0001:00081290       ssGetIsInputPortElementContinuous 0000000180082290 f   my_system_sfun_registry.obj
 0001:00081330       _ssGetInputPortSignalPtrsFcn 0000000180082330 f   my_system_sfun_registry.obj
 0001:000815f0       _ssGetInputPortSignalFcn   00000001800825f0 f   my_system_sfun_registry.obj
 0001:00081810       _ssSetInputPortDirectFeedThroughFcn 0000000180082810 f   my_system_sfun_registry.obj
 0001:00081970       _ssSetInputPortReusableFcn 0000000180082970 f   my_system_sfun_registry.obj
 0001:00081a60       _ssSetOutputPortReusableFcn 0000000180082a60 f   my_system_sfun_registry.obj
 0001:00081b40       ssGetDTypeIdFromMxArray    0000000180082b40 f   my_system_sfun_registry.obj
 0001:00081c60       ssWriteRTWStr              0000000180082c60 f   my_system_sfun_registry.obj
 0001:00081cc0       ssWriteRTWMxVectParam      0000000180082cc0 f   my_system_sfun_registry.obj
 0001:00081d20       ssWriteRTWMx2dMatParam     0000000180082d20 f   my_system_sfun_registry.obj
 0001:00081da0       ssWriteRTWNameValuePair    0000000180082da0 f   my_system_sfun_registry.obj
 0001:00082290       ssWriteRTWParameters       0000000180083290 f   my_system_sfun_registry.obj
 0001:00082890       ssWriteRTWParamSettings    0000000180083890 f   my_system_sfun_registry.obj
 0001:00082f60       ssWriteRTWWorkVect         0000000180083f60 f   my_system_sfun_registry.obj
 0001:00083460       mexFunction                0000000180084460 f   my_system_sfun_registry.obj
 0001:00085190       ProcessMexSfunctionEveryCall 0000000180086190 f   my_system_sfun_registry.obj
 0001:00085300       my_system_initializer      0000000180086300 f   my_system_sfun.obj
 0001:00085310       my_system_terminator       0000000180086310 f   my_system_sfun.obj
 0001:00085320       sf_my_system_method_dispatcher 0000000180086320 f   my_system_sfun.obj
 0001:000853f0       sf_my_system_process_check_sum_call 00000001800863f0 f   my_system_sfun.obj
 0001:00085850       sf_my_system_autoinheritance_info 0000000180086850 f   my_system_sfun.obj
 0001:00085b00       sf_my_system_get_eml_resolved_functions_info 0000000180086b00 f   my_system_sfun.obj
 0001:00085d40       sf_my_system_third_party_uses_info 0000000180086d40 f   my_system_sfun.obj
 0001:00085f70       my_system_debug_initialize 0000000180086f70 f   my_system_sfun.obj
 0001:00085ff0       my_system_register_exported_symbols 0000000180086ff0 f   my_system_sfun.obj
 0001:00086000       load_my_system_optimization_info 0000000180087000 f   my_system_sfun.obj
 0001:00086050       unload_my_system_optimization_info 0000000180087050 f   my_system_sfun.obj
 0001:00086170       sf_mex_mx_is_numeric       0000000180087170 f   sfc_mex:sfc_mex.obj
 0001:000861b0       strcmp_ignore_ws           00000001800871b0 f   sfc_mex:sfc_mex.obj
 0001:000862f0       sf_mex_duplicatearraysafe  00000001800872f0 f   sfc_mex:sfc_mex.obj
 0001:00086450       sf_set_error_debugger_context_message_fcn 0000000180087450 f   sfc_mex:sfc_mex.obj
 0001:00086460       sf_set_debugger_matlab_error_fcn 0000000180087460 f   sfc_mex:sfc_mex.obj
 0001:000864a0       sf_set_error_prefix_string 00000001800874a0 f   sfc_mex:sfc_mex.obj
 0001:000864d0       sf_get_error_prefix_string 00000001800874d0 f   sfc_mex:sfc_mex.obj
 0001:000864e0       sf_mex_enter_parallel_region 00000001800874e0 f   sfc_mex:sfc_mex.obj
 0001:000864f0       sf_mex_exit_parallel_region 00000001800874f0 f   sfc_mex:sfc_mex.obj
 0001:00086500       sf_get_current_jmp_buf_ptr 0000000180087500 f   sfc_mex:sfc_mex.obj
 0001:00086510       sf_set_current_jmp_buf_ptr 0000000180087510 f   sfc_mex:sfc_mex.obj
 0001:00086520       sf_mex_set_halt_simulation 0000000180087520 f   sfc_mex:sfc_mex.obj
 0001:00086530       sf_mex_get_halt_simulation 0000000180087530 f   sfc_mex:sfc_mex.obj
 0001:00086540       sf_mex_clear_error_message 0000000180087540 f   sfc_mex:sfc_mex.obj
 0001:00086560       sf_mex_get_error_message_for_read 0000000180087560 f   sfc_mex:sfc_mex.obj
 0001:00086570       sf_mex_get_error_message_buffer_length 0000000180087570 f   sfc_mex:sfc_mex.obj
 0001:00086650       sf_mex_warning_message     0000000180087650 f   sfc_mex:sfc_mex.obj
 0001:000866c0       sf_mex_v_errbuf_createf    00000001800876c0 f   sfc_mex:sfc_mex.obj
 0001:000866d0       sf_mex_errbuf_createf      00000001800876d0 f   sfc_mex:sfc_mex.obj
 0001:00086700       sf_mex_v_errbuf_catf       0000000180087700 f   sfc_mex:sfc_mex.obj
 0001:00086740       sf_mex_errbuf_catf         0000000180087740 f   sfc_mex:sfc_mex.obj
 0001:00086790       sf_mex_errbuf_copy         0000000180087790 f   sfc_mex:sfc_mex.obj
 0001:000867a0       sf_mex_errbuf_clear        00000001800877a0 f   sfc_mex:sfc_mex.obj
 0001:000867b0       sf_mex_errbuf_isempty      00000001800877b0 f   sfc_mex:sfc_mex.obj
 0001:000868b0       sf_mex_set_error_status    00000001800878b0 f   sfc_mex:sfc_mex.obj
 0001:00086900       sf_mex_error_direct_call   0000000180087900 f   sfc_mex:sfc_mex.obj
 0001:00086920       sf_mex_error_message_no_long_jump 0000000180087920 f   sfc_mex:sfc_mex.obj
 0001:00086940       sf_mex_long_jump_on_error  0000000180087940 f   sfc_mex:sfc_mex.obj
 0001:00086970       sf_mex_call_matlab         0000000180087970 f   sfc_mex:sfc_mex.obj
 0001:00086a90       sf_mex_check_builtin       0000000180087a90 f   sfc_mex:sfc_mex.obj
 0001:00086b30       sf_mex_check_builtin_vs    0000000180087b30 f   sfc_mex:sfc_mex.obj
 0001:00086bf0       sf_mex_check_enum          0000000180087bf0 f   sfc_mex:sfc_mex.obj
 0001:00086c70       sf_mex_create_enum         0000000180087c70 f   sfc_mex:sfc_mex.obj
 0001:00086ce0       sf_mex_get_enum_element    0000000180087ce0 f   sfc_mex:sfc_mex.obj
 0001:00086cf0       sf_mex_createcellarray     0000000180087cf0 f   sfc_mex:sfc_mex.obj
 0001:00086d00       sf_mex_setcell             0000000180087d00 f   sfc_mex:sfc_mex.obj
 0001:00086d10       sf_mex_getcell             0000000180087d10 f   sfc_mex:sfc_mex.obj
 0001:00086d20       sf_mex_dup                 0000000180087d20 f   sfc_mex:sfc_mex.obj
 0001:00086d40       sf_mex_assign              0000000180087d40 f   sfc_mex:sfc_mex.obj
 0001:00086dc0       sf_mex_destroy             0000000180087dc0 f   sfc_mex:sfc_mex.obj
 0001:00086df0       mx_array_has_fi_type       0000000180087df0 f   sfc_mex:sfc_mex.obj
 0001:00086e20       sf_mex_convert_from_fi     0000000180087e20 f   sfc_mex:sfc_mex.obj
 0001:00086f50       sf_mex_convert_to_double   0000000180087f50 f   sfc_mex:sfc_mex.obj
 0001:00087070       sf_mex_import_fi_vs        0000000180088070 f   sfc_mex:sfc_mex.obj
 0001:000872a0       sf_matrix_matrix_index_ok  00000001800882a0 f   sfc_mex:sfc_mex.obj
 0001:00087330       sf_vector_vector_index_ok  0000000180088330 f   sfc_mex:sfc_mex.obj
 0001:00087360       ssGetCurrentInputPortDimensions_wrapper 0000000180088360 f   sfc_mex:sfc_mex.obj
 0001:00087380       ssGetCurrentOutputPortDimensions_wrapper 0000000180088380 f   sfc_mex:sfc_mex.obj
 0001:000873a0       sf_mex_emlrt_context_is_debug_mode 00000001800883a0 f   sfc_mex:sfc_mex.obj
 0001:000873b0       sf_mex_emlrt_context_set_debug_mode 00000001800883b0 f   sfc_mex:sfc_mex.obj
 0001:000873c0       sf_mex_emlrtNameCapturePostProcessR2012a 00000001800883c0 f   sfc_mex:sfc_mex.obj
 0001:00087430       sf_clear_error_manager_info 0000000180088430 f   sfc_mex:sfc_mex.obj
 0001:00087490       sf_mex_stop_simulation_abruptly_wo_error 0000000180088490 f   sfc_mex:sfc_mex.obj
 0001:000874d0       sf_mex_error_message       00000001800884d0 f   sfc_mex:sfc_mex.obj
 0001:00087540       sf_react_to_error_in_matlab_call 0000000180088540 f   sfc_mex:sfc_mex.obj
 0001:00087570       sf_mex_addfield            0000000180088570 f   sfc_mex:sfc_mex.obj
 0001:00087610       sf_mex_getfield            0000000180088610 f   sfc_mex:sfc_mex.obj
 0001:00087910       sf_mex_check_class         0000000180088910 f   sfc_mex:sfc_mex.obj
 0001:000879b0       sf_mex_is_real             00000001800889b0 f   sfc_mex:sfc_mex.obj
 0001:00087e20       sf_mex_decode_encoded_mx_struct_array 0000000180088e20 f   sfc_mex:sfc_mex.obj
 0001:00088110       sf_mex_lw_bounds_check     0000000180089110 f   sfc_mex:sfc_mex.obj
 0001:00088140       sf_mex_lw_size_eq_check_1d 0000000180089140 f   sfc_mex:sfc_mex.obj
 0001:00088160       sf_mex_lw_size_eq_check_nd 0000000180089160 f   sfc_mex:sfc_mex.obj
 0001:00088340       sf_mex_lw_dim_size_eq_check 0000000180089340 f   sfc_mex:sfc_mex.obj
 0001:00088370       sf_mex_lw_dim_size_geq_check 0000000180089370 f   sfc_mex:sfc_mex.obj
 0001:000883a0       sf_mex_lw_sub_assign_size_check_nd 00000001800893a0 f   sfc_mex:sfc_mex.obj
 0001:00088570       sf_mex_lw_runtime_error_msgid 0000000180089570 f   sfc_mex:sfc_mex.obj
 0001:00088660       sf_mex_lw_matrix_matrix_index_check 0000000180089660 f   sfc_mex:sfc_mex.obj
 0001:00088680       sf_mex_lw_vector_vector_index_check 0000000180089680 f   sfc_mex:sfc_mex.obj
 0001:000886c0       sf_mex_lw_for_loop_vector_check 00000001800896c0 f   sfc_mex:sfc_mex.obj
 0001:00088750       sf_mex_lw_non_negative_check 0000000180089750 f   sfc_mex:sfc_mex.obj
 0001:00088790       sf_mex_overflow_error      0000000180089790 f   sfc_mex:sfc_mex.obj
 0001:000887a0       sf_mex_dividebyzero_error  00000001800897a0 f   sfc_mex:sfc_mex.obj
 0001:000887b0       sf_mex_unsafe_enum_error   00000001800897b0 f   sfc_mex:sfc_mex.obj
 0001:000887c0       sf_emlrtErrHandler         00000001800897c0 f   sfc_mex:sfc_mex.obj
 0001:000888a0       sf_mex_size_one_check      00000001800898a0 f   sfc_mex:sfc_mex.obj
 0001:000888c0       sf_mex_printf              00000001800898c0 f   sfc_mex:sfc_mex.obj
 0001:00088a90       sf_mex_check_size          0000000180089a90 f   sfc_mex:sfc_mex.obj
 0001:00088d30       sf_mex_check_struct        0000000180089d30 f   sfc_mex:sfc_mex.obj
 0001:00088f90       sf_mex_check_struct_vs     0000000180089f90 f   sfc_mex:sfc_mex.obj
 0001:00089020       sf_mex_check_fi            000000018008a020 f   sfc_mex:sfc_mex.obj
 0001:00089120       sf_mex_check_fi_vs         000000018008a120 f   sfc_mex:sfc_mex.obj
 0001:000891c0       sf_echo_expression         000000018008a1c0 f   sfc_mex:sfc_mex.obj
 0001:00089220       sf_assertion_failed        000000018008a220 f   sfc_mex:sfc_mex.obj
 0001:00089500       sf_mex_evalin              000000018008a500 f   sfc_mex:sfc_mex.obj
 0001:00089770       sf_mex_export              000000018008a770 f   sfc_mex:sfc_mex.obj
 0001:00089830       sf_mex_get_ml_var_no_error 000000018008a830 f   sfc_mex:sfc_mex.obj
 0001:000899d0       sf_mex_get_ml_var          000000018008a9d0 f   sfc_mex:sfc_mex.obj
 0001:00089e60       ml_set_element_value_in_array 000000018008ae60 f   sfc_mex:sfc_mex.obj
 0001:0008af20       sf_mex_call_impl           000000018008bf20 f   sfc_mex:sfc_mex.obj
 0001:0008b340       sf_mex_call_debug          000000018008c340 f   sfc_mex:sfc_mex.obj
 0001:0008b370       sf_mex_call                000000018008c370 f   sfc_mex:sfc_mex.obj
 0001:0008b9c0       sf_mex_createstruct        000000018008c9c0 f   sfc_mex:sfc_mex.obj
 0001:0008bad0       sf_mex_createstructarray   000000018008cad0 f   sfc_mex:sfc_mex.obj
 0001:0008bb50       sf_mex_get_mx_datatype_from_sf_datatype 000000018008cb50 f   sfc_mex:sfc_mex.obj
 0001:0008be60       sf_mex_ml_var_sub          000000018008ce60 f   sfc_mex:sfc_mex.obj
 0001:0008c040       sf_mex_ml_var_subsasgn     000000018008d040 f   sfc_mex:sfc_mex.obj
 0001:0008c440       sf_mex_sub                 000000018008d440 f   sfc_mex:sfc_mex.obj
 0001:0008c650       sf_mex_subsasgn            000000018008d650 f   sfc_mex:sfc_mex.obj
 0001:0008cb60       sf_mex_create              000000018008db60 f   sfc_mex:sfc_mex.obj
 0001:0008d500       sf_mex_import_named        000000018008e500 f   sfc_mex:sfc_mex.obj
 0001:0008d560       sf_mex_import              000000018008e560 f   sfc_mex:sfc_mex.obj
 0001:0008d5b0       sf_mex_import_vs           000000018008e5b0 f   sfc_mex:sfc_mex.obj
 0001:0008d6c0       sf_mex_lower_fixpt_mx_array 000000018008e6c0 f   sfc_mex:sfc_mex.obj
 0001:0008d9c0       sf_send_message_wrapper    000000018008e9c0 f   sfc_mex:sfc_sf.obj
 0001:0008d9f0       sf_receive_message_wrapper 000000018008e9f0 f   sfc_mex:sfc_sf.obj
 0001:0008da30       sf_check_out_message_wrapper 000000018008ea30 f   sfc_mex:sfc_sf.obj
 0001:0008da70       sf_check_in_message_wrapper 000000018008ea70 f   sfc_mex:sfc_sf.obj
 0001:0008dab0       sf_no_message_wrapper      000000018008eab0 f   sfc_mex:sfc_sf.obj
 0001:0008de40       sim_mode_is_rtw_gen        000000018008ee40 f   sfc_mex:sfc_sf.obj
 0001:0008de70       sim_mode_is_external       000000018008ee70 f   sfc_mex:sfc_sf.obj
 0001:0008de80       sim_mode_is_modelref_sim   000000018008ee80 f   sfc_mex:sfc_sf.obj
 0001:0008dea0       mdlInitializeSizes         000000018008eea0 f   sfc_mex:sfc_sf.obj
 0001:0008dec0       mdlInitializeSampleTimes   000000018008eec0 f   sfc_mex:sfc_sf.obj
 0001:0008df00       mdlZeroCrossings           000000018008ef00 f   sfc_mex:sfc_sf.obj
 0001:0008dff0       mdlDerivatives             000000018008eff0 f   sfc_mex:sfc_sf.obj
 0001:0008e0b0       mdl_initialize_conditions_processing 000000018008f0b0 f   sfc_mex:sfc_sf.obj
 0001:0008e0e0       mdlInitializeConditions    000000018008f0e0 f   sfc_mex:sfc_sf.obj
 0001:0008e1a0       mdlGetSimState             000000018008f1a0 f   sfc_mex:sfc_sf.obj
 0001:0008e1b0       mdlSetSimState             000000018008f1b0 f   sfc_mex:sfc_sf.obj
 0001:0008e1c0       mdl_ext_mode_exec_processing 000000018008f1c0 f   sfc_mex:sfc_sf.obj
 0001:0008e1e0       mdlExtModeExec             000000018008f1e0 f   sfc_mex:sfc_sf.obj
 0001:0008e380       mdlTerminate               000000018008f380 f   sfc_mex:sfc_sf.obj
 0001:0008e3f0       mdlRTW                     000000018008f3f0 f   sfc_mex:sfc_sf.obj
 0001:0008e420       mdlSetWorkWidths           000000018008f420 f   sfc_mex:sfc_sf.obj
 0001:0008e430       mdlProcessParameters       000000018008f430 f   sfc_mex:sfc_sf.obj
 0001:0008e440       mdl_start_processing       000000018008f440 f   sfc_mex:sfc_sf.obj
 0001:0008e4a0       mdlStart                   000000018008f4a0 f   sfc_mex:sfc_sf.obj
 0001:0008e5b0       mdlEnable                  000000018008f5b0 f   sfc_mex:sfc_sf.obj
 0001:0008e690       mdlDisable                 000000018008f690 f   sfc_mex:sfc_sf.obj
 0001:0008e750       sf_get_chart_instance_ptr  000000018008f750 f   sfc_mex:sfc_sf.obj
 0001:0008e770       sf_load_rtw_optimization_info 000000018008f770 f   sfc_mex:sfc_sf.obj
 0001:0008e840       sf_update_buildInfo        000000018008f840 f   sfc_mex:sfc_sf.obj
 0001:0008e940       sf_rtw_info_uint_prop      000000018008f940 f   sfc_mex:sfc_sf.obj
 0001:0008ea80       sf_is_chart_inlinable      000000018008fa80 f   sfc_mex:sfc_sf.obj
 0001:0008eaa0       sf_mark_output_events_with_multiple_callers 000000018008faa0 f   sfc_mex:sfc_sf.obj
 0001:0008ec30       sf_mark_chart_reusable_outputs 000000018008fc30 f   sfc_mex:sfc_sf.obj
 0001:0008ee90       sf_mark_chart_expressionable_inputs 000000018008fe90 f   sfc_mex:sfc_sf.obj
 0001:0008f0f0       sf_get_subchart_simstruct  00000001800900f0 f   sfc_mex:sfc_sf.obj
 0001:0008f140       sf_get_fixpt_data_type_id  0000000180090140 f   sfc_mex:sfc_sf.obj
 0001:0008f180       sf_get_enum_data_type_id   0000000180090180 f   sfc_mex:sfc_sf.obj
 0001:0008f1c0       sf_get_param_data_type_id  00000001800901c0 f   sfc_mex:sfc_sf.obj
 0001:0008f1f0       sf_mex_listen_for_ctrl_c_force 00000001800901f0 f   sfc_mex:sfc_sf.obj
 0001:0008f300       sf_mex_draw_now            0000000180090300 f   sfc_mex:sfc_sf.obj
 0001:0008f340       sf_mex_set_debugger_sim_status_listener_fcn 0000000180090340 f   sfc_mex:sfc_sf.obj
 0001:0008f350       sf_mex_listen_for_ctrl_c   0000000180090350 f   sfc_mex:sfc_sf.obj
 0001:0008f3f0       sf_mex_get_sfun_param      00000001800903f0 f   sfc_mex:sfc_sf.obj
 0001:0008f440       sf_get_runtime_param_data  0000000180090440 f   sfc_mex:sfc_sf.obj
 0001:0008f480       sf_call_output_fcn_call    0000000180090480 f   sfc_mex:sfc_sf.obj
 0001:0008f5c0       sf_call_output_fcn_enable  00000001800905c0 f   sfc_mex:sfc_sf.obj
 0001:0008f650       sf_call_output_fcn_disable 0000000180090650 f   sfc_mex:sfc_sf.obj
 0001:0008f6e0       sf_clear_rtw_identifier    00000001800906e0 f   sfc_mex:sfc_sf.obj
 0001:0008ff00       sf_set_encoded_dwork_info  0000000180090f00 f   sfc_mex:sfc_sf.obj
 0001:0008ff50       sf_get_dwork_info_from_mat_file 0000000180090f50 f   sfc_mex:sfc_sf.obj
 0001:00090110       sf_set_rtw_dwork_info      0000000180091110 f   sfc_mex:sfc_sf.obj
 0001:00090280       mdlOutputs                 0000000180091280 f   sfc_mex:sfc_sf.obj
 0001:000903a0       sf_debug_chart_instance_initialized_quick 00000001800913a0 f   sfc_debug:sfcdebug.obj
 0001:00090420       sf_debug_disp              0000000180091420 f   sfc_debug:sfcdebug.obj
 0001:000906f0       sf_debug_data_runtime_size_mismatch_error_check 00000001800916f0 f   sfc_debug:sfcdebug.obj
 0001:000907a0       sf_debug_try_loading_machine 00000001800917a0 f   sfc_debug:sfcdebug.obj
 0001:000908a0       sf_debug_reset_current_state_configuration 00000001800918a0 f   sfc_debug:sfcdebug.obj
 0001:00090920       sf_debug_store_current_state_configuration 0000000180091920 f   sfc_debug:sfcdebug.obj
 0001:000909a0       sf_debug_restore_previous_state_configuration 00000001800919a0 f   sfc_debug:sfcdebug.obj
 0001:00090a20       sf_debug_restore_previous_state_configuration2 0000000180091a20 f   sfc_debug:sfcdebug.obj
 0001:00090aa0       sf_debug_get_event_scope   0000000180091aa0 f   sfc_debug:sfcdebug.obj
 0001:00090c10       use_debugger_step_animation 0000000180091c10 f   sfc_debug:sfcdebug.obj
 0001:00090c30       sf_debug_get_script_id     0000000180091c30 f   sfc_debug:sfcdebug.obj
 0001:00090cc0       sf_debug_set_script_translation 0000000180091cc0 f   sfc_debug:sfcdebug.obj
 0001:00090e40       sf_debug_extract_message_post_receive_info 0000000180091e40 f   sfc_debug:sfcdebug.obj
 0001:00091000       sf_debug_get_current_machine_id 0000000180092000 f   sfc_debug:sfcdebug.obj
 0001:00091020       sf_debug_get_current_optional_integer 0000000180092020 f   sfc_debug:sfcdebug.obj
 0001:00091030       sf_debug_get_current_machine_number 0000000180092030 f   sfc_debug:sfcdebug.obj
 0001:00091050       sf_debug_get_current_machine_name 0000000180092050 f   sfc_debug:sfcdebug.obj
 0001:00091070       sf_debug_get_current_chart_id 0000000180092070 f   sfc_debug:sfcdebug.obj
 0001:000910b0       sf_debug_get_current_chart_number 00000001800920b0 f   sfc_debug:sfcdebug.obj
 0001:000910c0       sf_debug_get_current_instance_number 00000001800920c0 f   sfc_debug:sfcdebug.obj
 0001:000910d0       sf_debug_get_current_is_minor_time_step 00000001800920d0 f   sfc_debug:sfcdebug.obj
 0001:00091150       sf_debug_get_current_object_type 0000000180092150 f   sfc_debug:sfcdebug.obj
 0001:00091160       sf_debug_get_current_instance_handle 0000000180092160 f   sfc_debug:sfcdebug.obj
 0001:000911c0       sf_debug_get_current_event_type 00000001800921c0 f   sfc_debug:sfcdebug.obj
 0001:000911d0       sf_debug_get_current_object_id 00000001800921d0 f   sfc_debug:sfcdebug.obj
 0001:00091210       sf_debug_get_current_active_event_type 0000000180092210 f   sfc_debug:sfcdebug.obj
 0001:00091220       sf_debug_get_current_active_event_id 0000000180092220 f   sfc_debug:sfcdebug.obj
 0001:00091260       sf_debug_get_current_tag_type 0000000180092260 f   sfc_debug:sfcdebug.obj
 0001:00091270       sf_debug_get_current_simulation_time 0000000180092270 f   sfc_debug:sfcdebug.obj
 0001:00091280       sf_debug_get_current_coverage_percentage 0000000180092280 f   sfc_debug:sfcdebug.obj
 0001:00091290       sf_debug_current_statement_context 0000000180092290 f   sfc_debug:sfcdebug.obj
 0001:00091310       sf_debug_get_current_statement_info 0000000180092310 f   sfc_debug:sfcdebug.obj
 0001:000914b0       sf_debug_terminate_instance 00000001800924b0 f   sfc_debug:sfcdebug.obj
 0001:000917d0       sf_debug_assertion_failed  00000001800927d0 f   sfc_debug:sfcdebug.obj
 0001:000919a0       sf_debug_create_debug_instance_struct 00000001800929a0 f   sfc_debug:sfcdebug.obj
 0001:000919f0       sf_debug_set_number_of_data_with_change_event_for_machine 00000001800929f0 f   sfc_debug:sfcdebug.obj
 0001:00091a40       sf_debug_set_machine_event_thresholds 0000000180092a40 f   sfc_debug:sfcdebug.obj
 0001:00091a60       sf_debug_set_machine_event_scope 0000000180092a60 f   sfc_debug:sfcdebug.obj
 0001:00091ab0       sf_debug_set_machine_data_thresholds 0000000180092ab0 f   sfc_debug:sfcdebug.obj
 0001:00091b00       sf_debug_set_machine_data_scope 0000000180092b00 f   sfc_debug:sfcdebug.obj
 0001:00091ba0       sf_debug_set_machine_data_name 0000000180092ba0 f   sfc_debug:sfcdebug.obj
 0001:00091c50       sf_debug_set_machine_data_size 0000000180092c50 f   sfc_debug:sfcdebug.obj
 0001:00091da0       sf_debug_set_machine_data_type 0000000180092da0 f   sfc_debug:sfcdebug.obj
 0001:00091f10       sf_debug_get_chart_data_number 0000000180092f10 f   sfc_debug:sfcdebug.obj
 0001:00091f30       sf_debug_get_chart_event_number 0000000180092f30 f   sfc_debug:sfcdebug.obj
 0001:00091f50       sf_debug_set_chart_state_info 0000000180092f50 f   sfc_debug:sfcdebug.obj
 0001:00091fe0       sf_debug_set_chart_decomposition 0000000180092fe0 f   sfc_debug:sfcdebug.obj
 0001:00092050       sf_debug_set_chart_substate_count 0000000180093050 f   sfc_debug:sfcdebug.obj
 0001:00092130       sf_debug_set_chart_substate_index 0000000180093130 f   sfc_debug:sfcdebug.obj
 0001:000921b0       sf_debug_set_chart_state_substate_count 00000001800931b0 f   sfc_debug:sfcdebug.obj
 0001:000922d0       sf_debug_set_chart_state_substate_index 00000001800932d0 f   sfc_debug:sfcdebug.obj
 0001:00092360       sf_debug_set_number_of_data_with_change_event_for_chart 0000000180093360 f   sfc_debug:sfcdebug.obj
 0001:000923f0       sf_debug_set_number_of_states_with_entry_event_for_chart 00000001800933f0 f   sfc_debug:sfcdebug.obj
 0001:00092470       sf_debug_set_number_of_states_with_exit_event_for_chart 0000000180093470 f   sfc_debug:sfcdebug.obj
 0001:000924f0       sf_debug_set_chart_disable_implicit_casting 00000001800934f0 f   sfc_debug:sfcdebug.obj
 0001:00092560       sf_debug_set_chart_event_thresholds 0000000180093560 f   sfc_debug:sfcdebug.obj
 0001:000925e0       sf_debug_set_chart_data_compiled_props 00000001800935e0 f   sfc_debug:sfcdebug.obj
 0001:00092920       sf_debug_set_chart_data_props 0000000180093920 f   sfc_debug:sfcdebug.obj
 0001:00092c40       sf_debug_check_fi_license  0000000180093c40 f   sfc_debug:sfcdebug.obj
 0001:00092e00       sf_debug_symbol_scope_push 0000000180093e00 f   sfc_debug:sfcdebug.obj
 0001:00092e40       sf_debug_symbol_scope_push_eml 0000000180093e40 f   sfc_debug:sfcdebug.obj
 0001:00092e90       sf_debug_symbol_scope_pop  0000000180093e90 f   sfc_debug:sfcdebug.obj
 0001:00092ed0       sf_debug_symbol_scope_add_importable 0000000180093ed0 f   sfc_debug:sfcdebug.obj
 0001:00092f50       sf_debug_symbol_scope_add  0000000180093f50 f   sfc_debug:sfcdebug.obj
 0001:00092fd0       sf_debug_symbol_scope_add_dyn_importable 0000000180093fd0 f   sfc_debug:sfcdebug.obj
 0001:00093090       sf_debug_symbol_scope_add_dyn 0000000180094090 f   sfc_debug:sfcdebug.obj
 0001:000930d0       sf_debug_symbol_scope_add_eml_importable 00000001800940d0 f   sfc_debug:sfcdebug.obj
 0001:00093110       sf_debug_symbol_scope_add_eml 0000000180094110 f   sfc_debug:sfcdebug.obj
 0001:00093150       sf_debug_symbol_scope_add_eml_dyn_importable 0000000180094150 f   sfc_debug:sfcdebug.obj
 0001:000931b0       sf_debug_symbol_scope_add_eml_dyn 00000001800941b0 f   sfc_debug:sfcdebug.obj
 0001:00093210       sf_debug_symbol_switch     0000000180094210 f   sfc_debug:sfcdebug.obj
 0001:00093230       sf_debug_symbol_scope_add_verbose 0000000180094230 f   sfc_debug:sfcdebug.obj
 0001:00093300       sf_debug_set_machine_data_value_ptr 0000000180094300 f   sfc_debug:sfcdebug.obj
 0001:00093340       sf_debug_set_instance_data_value_ptr 0000000180094340 f   sfc_debug:sfcdebug.obj
 0001:00093410       sf_debug_unset_instance_data_value_ptr 0000000180094410 f   sfc_debug:sfcdebug.obj
 0001:000934c0       sf_debug_set_chart_event_scope 00000001800944c0 f   sfc_debug:sfcdebug.obj
 0001:00093540       sf_debug_set_chart_transition_coverage_maps 0000000180094540 f   sfc_debug:sfcdebug.obj
 0001:00093640       sf_debug_set_chart_state_coverage_maps 0000000180094640 f   sfc_debug:sfcdebug.obj
 0001:00093710       sf_debug_set_instance_transition_coverage_weights 0000000180094710 f   sfc_debug:sfcdebug.obj
 0001:000937a0       sf_debug_set_instance_state_coverage_weights 00000001800947a0 f   sfc_debug:sfcdebug.obj
 0001:000939f0       sf_debug_unload_machine    00000001800949f0 f   sfc_debug:sfcdebug.obj
 0001:00093a40       sf_debug_load_machine      0000000180094a40 f   sfc_debug:sfcdebug.obj
 0001:00093b50       sf_debug_set_active_instance_in_data_dictionary 0000000180094b50 f   sfc_debug:sfcdebug.obj
 0001:00093d30       sf_debug_set_active_instance 0000000180094d30 f   sfc_debug:sfcdebug.obj
 0001:00093e90       sf_debug_chart_visiblity_change 0000000180094e90 f   sfc_debug:sfcdebug.obj
 0001:00093f80       sf_debug_select_chart      0000000180094f80 f   sfc_debug:sfcdebug.obj
 0001:000940e0       sf_debug_set_instance_cv_ids 00000001800950e0 f   sfc_debug:sfcdebug.obj
 0001:00094410       sf_debug_select_charts     0000000180095410 f   sfc_debug:sfcdebug.obj
 0001:000945c0       sf_debug_initialized       00000001800955c0 f   sfc_debug:sfcdebug.obj
 0001:000945e0       sf_debug_is_uninterruptible 00000001800955e0 f   sfc_debug:sfcdebug.obj
 0001:00094610       sf_debug_initialize_debugger_gui 0000000180095610 f   sfc_debug:sfcdebug.obj
 0001:000949f0       sf_debug_resume            00000001800959f0 f   sfc_debug:sfcdebug.obj
 0001:00094a10       sf_debug_go                0000000180095a10 f   sfc_debug:sfcdebug.obj
 0001:00094a20       sf_debug_break             0000000180095a20 f   sfc_debug:sfcdebug.obj
 0001:00094a30       sf_debug_step_over         0000000180095a30 f   sfc_debug:sfcdebug.obj
 0001:00094a40       sf_debug_step_out          0000000180095a40 f   sfc_debug:sfcdebug.obj
 0001:00094a50       sf_debug_set_disable_all_breakpoints 0000000180095a50 f   sfc_debug:sfcdebug.obj
 0001:00094a60       sf_debug_disable_all_breakpoints_and_go 0000000180095a60 f   sfc_debug:sfcdebug.obj
 0001:00094a70       sf_debug_break_on_chart_entry 0000000180095a70 f   sfc_debug:sfcdebug.obj
 0001:00094a80       sf_debug_break_on_event_broadcast 0000000180095a80 f   sfc_debug:sfcdebug.obj
 0001:00094a90       sf_debug_break_on_state_entry 0000000180095a90 f   sfc_debug:sfcdebug.obj
 0001:00094aa0       sf_debug_break_between_times 0000000180095aa0 f   sfc_debug:sfcdebug.obj
 0001:00094ac0       sf_debug_browse_data       0000000180095ac0 f   sfc_debug:sfcdebug.obj
 0001:00094ad0       sf_debug_watch_data        0000000180095ad0 f   sfc_debug:sfcdebug.obj
 0001:00094b00       sf_debug_assign_data       0000000180095b00 f   sfc_debug:sfcdebug.obj
 0001:00094b10       sf_debug_whos              0000000180095b10 f   sfc_debug:sfcdebug.obj
 0001:00094b30       sf_debug_get_consistency_info 0000000180095b30 f   sfc_debug:sfcdebug.obj
 0001:00094b40       sf_debug_browse_trace      0000000180095b40 f   sfc_debug:sfcdebug.obj
 0001:00094b50       sf_debug_set_breakpoints   0000000180095b50 f   sfc_debug:sfcdebug.obj
 0001:00094cc0       sf_debug_set_eml_breakpoints 0000000180095cc0 f   sfc_debug:sfcdebug.obj
 0001:00094e20       sf_debug_set_script_breakpoints 0000000180095e20 f   sfc_debug:sfcdebug.obj
 0001:00094ea0       sf_debug_add_script_breakpoints 0000000180095ea0 f   sfc_debug:sfcdebug.obj
 0001:00094f10       sf_debug_clear_script_breakpoints 0000000180095f10 f   sfc_debug:sfcdebug.obj
 0001:00094f80       sf_debug_query_script_breakpoints 0000000180095f80 f   sfc_debug:sfcdebug.obj
 0001:00095030       sf_debug_get_eml_script_id 0000000180096030 f   sfc_debug:sfcdebug.obj
 0001:00095080       sf_debug_set_watch         0000000180096080 f   sfc_debug:sfcdebug.obj
 0001:000952a0       sf_debug_get_instance_handle 00000001800962a0 f   sfc_debug:sfcdebug.obj
 0001:00095330       sf_debug_get_active_states 0000000180096330 f   sfc_debug:sfcdebug.obj
 0001:00095340       sf_debug_set_honor_breakpoints 0000000180096340 f   sfc_debug:sfcdebug.obj
 0001:00095350       sf_debug_get_animation     0000000180096350 f   sfc_debug:sfcdebug.obj
 0001:00095360       sf_debug_set_animation     0000000180096360 f   sfc_debug:sfcdebug.obj
 0001:00095370       sf_debug_animate           0000000180096370 f   sfc_debug:sfcdebug.obj
 0001:00095390       sf_debug_cycle_detection_check 0000000180096390 f   sfc_debug:sfcdebug.obj
 0001:000953a0       sf_debug_data_range_check  00000001800963a0 f   sfc_debug:sfcdebug.obj
 0001:000953b0       sf_debug_transition_conflict_check 00000001800963b0 f   sfc_debug:sfcdebug.obj
 0001:000953c0       sf_debug_state_consistency_check 00000001800963c0 f   sfc_debug:sfcdebug.obj
 0001:000953d0       sf_debug_data_range_check_enabled 00000001800963d0 f   sfc_debug:sfcdebug.obj
 0001:000953f0       sf_debug_transition_conflict_check_enabled 00000001800963f0 f   sfc_debug:sfcdebug.obj
 0001:00095410       sf_debug_transition_conflict_check_begin 0000000180096410 f   sfc_debug:sfcdebug.obj
 0001:00095430       sf_debug_transition_conflict_check_end 0000000180096430 f   sfc_debug:sfcdebug.obj
 0001:00095450       sf_debug_stop_debugging    0000000180096450 f   sfc_debug:sfcdebug.obj
 0001:00095480       sf_debug_is_cycle_detected 0000000180096480 f   sfc_debug:sfcdebug.obj
 0001:00095490       sf_debug_is_array_bounds_detected 0000000180096490 f   sfc_debug:sfcdebug.obj
 0001:000954a0       sf_debug_get_state_vectors_data_size 00000001800964a0 f   sfc_debug:sfcdebug.obj
 0001:000954e0       sf_debug_get_state_vectors_data 00000001800964e0 f   sfc_debug:sfcdebug.obj
 0001:000955f0       sf_debug_set_state_vectors_data 00000001800965f0 f   sfc_debug:sfcdebug.obj
 0001:00095880       sf_debug_get_script_index  0000000180096880 f   sfc_debug:sfcdebug.obj
 0001:00095a10       sf_debug_add_script        0000000180096a10 f   sfc_debug:sfcdebug.obj
 0001:00095ba0       cv_eval_point              0000000180096ba0 f   sfc_debug:sfcdebug.obj
 0001:00095d10       cv_eval_testobjective      0000000180096d10 f   sfc_debug:sfcdebug.obj
 0001:00095e20       sf_debug_cv_init_state     0000000180096e20 f   sfc_debug:sfcdebug.obj
 0001:00095f50       sf_debug_cv_init_chart     0000000180096f50 f   sfc_debug:sfcdebug.obj
 0001:00096040       sf_debug_cv_init_trans     0000000180097040 f   sfc_debug:sfcdebug.obj
 0001:00096150       sf_debug_cv_init_saturation 0000000180097150 f   sfc_debug:sfcdebug.obj
 0001:00096250       sf_debug_cv_init_testobjectives 0000000180097250 f   sfc_debug:sfcdebug.obj
 0001:00096430       cv_eml_init_script         0000000180097430 f   sfc_debug:sfcdebug.obj
 0001:00096550       cv_eml_init_fcn            0000000180097550 f   sfc_debug:sfcdebug.obj
 0001:00096660       cv_eml_init_testobjective  0000000180097660 f   sfc_debug:sfcdebug.obj
 0001:00096740       cv_eml_init_saturation     0000000180097740 f   sfc_debug:sfcdebug.obj
 0001:00096810       cv_eml_init_if             0000000180097810 f   sfc_debug:sfcdebug.obj
 0001:000968f0       cv_eml_init_for            00000001800978f0 f   sfc_debug:sfcdebug.obj
 0001:000969c0       cv_eml_init_while          00000001800979c0 f   sfc_debug:sfcdebug.obj
 0001:00096a90       cv_eml_init_mcdc           0000000180097a90 f   sfc_debug:sfcdebug.obj
 0001:00096bb0       cv_eml_init_switch         0000000180097bb0 f   sfc_debug:sfcdebug.obj
 0001:00096cb0       cv_eml_eval                0000000180097cb0 f   sfc_debug:sfcdebug.obj
 0001:00096da0       sf_debug_bm_is_a_eml_breakpoint 0000000180097da0 f   sfc_debug:sfcdebug.obj
 0001:00096ef0       sf_debug_temporal_threshold 0000000180097ef0 f   sfc_debug:sfcdebug.obj
 0001:00097260       sf_debug_transition_conflict_error 0000000180098260 f   sfc_debug:sfcdebug.obj
 0001:000975c0       sf_debug_state_inconsistency_error 00000001800985c0 f   sfc_debug:sfcdebug.obj
 0001:000976e0       sf_debug_check_for_state_inconsistency 00000001800986e0 f   sfc_debug:sfcdebug.obj
 0001:00097720       sf_debug_cycle_detecton_error 0000000180098720 f   sfc_debug:sfcdebug.obj
 0001:00097e70       sf_debug_size_eq_check_1d  0000000180098e70 f   sfc_debug:sfcdebug.obj
 0001:00097e90       sf_debug_size_eq_check_nd  0000000180098e90 f   sfc_debug:sfcdebug.obj
 0001:00098090       sf_debug_dim_size_eq_check 0000000180099090 f   sfc_debug:sfcdebug.obj
 0001:000980c0       sf_debug_dim_size_geq_check 00000001800990c0 f   sfc_debug:sfcdebug.obj
 0001:000980f0       sf_debug_sub_assign_size_check_nd 00000001800990f0 f   sfc_debug:sfcdebug.obj
 0001:000982d0       sf_debug_matrix_matrix_index_check 00000001800992d0 f   sfc_debug:sfcdebug.obj
 0001:00098320       sf_debug_vector_vector_index_check 0000000180099320 f   sfc_debug:sfcdebug.obj
 0001:00098370       sf_debug_for_loop_vector_check 0000000180099370 f   sfc_debug:sfcdebug.obj
 0001:00098410       sf_debug_runtime_error_msgid 0000000180099410 f   sfc_debug:sfcdebug.obj
 0001:000984b0       sf_debug_data_array_bounds_error_check 00000001800994b0 f   sfc_debug:sfcdebug.obj
 0001:000985c0       sf_debug_eml_data_array_bounds_error_check 00000001800995c0 f   sfc_debug:sfcdebug.obj
 0001:00098a80       sf_debug_integer_check     0000000180099a80 f   sfc_debug:sfcdebug.obj
 0001:00098b70       sf_debug_not_nan_check     0000000180099b70 f   sfc_debug:sfcdebug.obj
 0001:00098c40       sf_debug_non_negative_check 0000000180099c40 f   sfc_debug:sfcdebug.obj
 0001:00098d10       sf_debug_overflow_detection 0000000180099d10 f   sfc_debug:sfcdebug.obj
 0001:00099370       sf_debug_cast_to_real32_T  000000018009a370 f   sfc_debug:sfcdebug.obj
 0001:00099440       sf_debug_cast_to_int8_T    000000018009a440 f   sfc_debug:sfcdebug.obj
 0001:00099510       sf_debug_cast_to_uint8_T   000000018009a510 f   sfc_debug:sfcdebug.obj
 0001:000995e0       sf_debug_cast_to_int16_T   000000018009a5e0 f   sfc_debug:sfcdebug.obj
 0001:000996b0       sf_debug_cast_to_uint16_T  000000018009a6b0 f   sfc_debug:sfcdebug.obj
 0001:00099780       sf_debug_cast_to_int32_T   000000018009a780 f   sfc_debug:sfcdebug.obj
 0001:00099850       sf_debug_cast_to_uint32_T  000000018009a850 f   sfc_debug:sfcdebug.obj
 0001:00099920       sf_debug_data_range_error  000000018009a920 f   sfc_debug:sfcdebug.obj
 0001:00099c30       sf_debug_read_before_write_check 000000018009ac30 f   sfc_debug:sfcdebug.obj
 0001:0009a060       sf_debug_data_range_error_wrapper_min_max 000000018009b060 f   sfc_debug:sfcdebug.obj
 0001:0009a180       sf_debug_data_range_error_wrapper_min 000000018009b180 f   sfc_debug:sfcdebug.obj
 0001:0009a290       sf_debug_data_range_error_wrapper_max 000000018009b290 f   sfc_debug:sfcdebug.obj
 0001:0009a3a0       sf_debug_data_range_wrapper 000000018009b3a0 f   sfc_debug:sfcdebug.obj
 0001:0009a460       sf_debug_set_current_status_info 000000018009b460 f   sfc_debug:sfcdebug.obj
 0001:0009a800       sf_debug_register_message_post_receive_info 000000018009b800 f   sfc_debug:sfcdebug.obj
 0001:0009aa50       sf_debug_call              000000018009ba50 f   sfc_debug:sfcdebug.obj
 0001:0009b3b0       sf_debug_initialize_machine 000000018009c3b0 f   sfc_debug:sfcdebug.obj
 0001:0009b660       sf_debug_initialize_chart  000000018009c660 f   sfc_debug:sfcdebug.obj
 0001:0009bab0       sf_debug_ensure_script     000000018009cab0 f   sfc_debug:sfcdebug.obj
 0001:0009bb60       cv_eval_saturation         000000018009cb60 f   sfc_debug:sfcdebug.obj
 0001:0009bce0       cv_saturation_accum        000000018009cce0 f   sfc_debug:sfcdebug.obj
 0001:0009be20       cv_script_init_script      000000018009ce20 f   sfc_debug:sfcdebug.obj
 0001:0009bf10       cv_script_init_fcn         000000018009cf10 f   sfc_debug:sfcdebug.obj
 0001:0009bfd0       cv_script_init_testobjective 000000018009cfd0 f   sfc_debug:sfcdebug.obj
 0001:0009c090       cv_script_init_saturation  000000018009d090 f   sfc_debug:sfcdebug.obj
 0001:0009c140       cv_script_init_if          000000018009d140 f   sfc_debug:sfcdebug.obj
 0001:0009c200       cv_script_init_for         000000018009d200 f   sfc_debug:sfcdebug.obj
 0001:0009c2b0       cv_script_init_while       000000018009d2b0 f   sfc_debug:sfcdebug.obj
 0001:0009c360       cv_script_init_mcdc        000000018009d360 f   sfc_debug:sfcdebug.obj
 0001:0009c460       cv_script_init_switch      000000018009d460 f   sfc_debug:sfcdebug.obj
 0001:0009c540       cv_script_eval             000000018009d540 f   sfc_debug:sfcdebug.obj
 0001:0009c610       eml_debug_line_call        000000018009d610 f   sfc_debug:sfcdebug.obj
 0001:0009c7e0       sf_debug_terminate         000000018009d7e0 f   sfc_debug:sfcdebug.obj
 0001:0009c9f0       sf_debug_set_script_cv_ids 000000018009d9f0 f   sfc_debug:sfcdebug.obj
 0001:0009cb20       sf_debug_api               000000018009db20 f   sfc_debug:sfc_api.obj
 0001:0009e410       sf_debug_sm_terminate      000000018009f410 f   sfc_debug:sfdb_animation.obj
 0001:0009e5c0       sf_debug_reset_path_objects 000000018009f5c0 f   sfc_debug:sfdb_animation.obj
 0001:0009e640       sf_debug_sm_reset_object_selection_status 000000018009f640 f   sfc_debug:sfdb_animation.obj
 0001:0009e6e0       sf_debug_sm_reset_state_buffer 000000018009f6e0 f   sfc_debug:sfdb_animation.obj
 0001:0009e7b0       sf_debug_sm_store_state_buffer 000000018009f7b0 f   sfc_debug:sfdb_animation.obj
 0001:0009e830       sf_debug_sm_restore_state_buffer1 000000018009f830 f   sfc_debug:sfdb_animation.obj
 0001:0009e8a0       sf_debug_sm_restore_state_buffer2 000000018009f8a0 f   sfc_debug:sfdb_animation.obj
 0001:0009e910       sf_debug_sm_chart_active   000000018009f910 f   sfc_debug:sfdb_animation.obj
 0001:0009e960       sf_debug_sm_select_active_objects 000000018009f960 f   sfc_debug:sfdb_animation.obj
 0001:0009ee30       sf_debug_sm_is_chart_active 000000018009fe30 f   sfc_debug:sfdb_animation.obj
 0001:0009ee70       sf_debug_sm_is_state_active 000000018009fe70 f   sfc_debug:sfdb_animation.obj
 0001:0009f0b0       sf_debug_sm_get_active_states 00000001800a00b0 f   sfc_debug:sfdb_animation.obj
 0001:0009f660       sf_debug_sm_initialize_instance 00000001800a0660 f   sfc_debug:sfdb_animation.obj
 0001:0009f870       sf_debug_sm_change_object_selection_status 00000001800a0870 f   sfc_debug:sfdb_animation.obj
 0001:0009fb40       cv_create_interface        00000001800a0b40 f   sfc_debug:cv_sfinterface.obj
 0001:0009fe50       cv_init_trans              00000001800a0e50 f   sfc_debug:cv_sfinterface.obj
 0001:0009fea0       cv_init_saturation         00000001800a0ea0 f   sfc_debug:cv_sfinterface.obj
 0001:0009fee0       cv_init_testobjective      00000001800a0ee0 f   sfc_debug:cv_sfinterface.obj
 0001:0009ff20       cv_init_state              00000001800a0f20 f   sfc_debug:cv_sfinterface.obj
 0001:0009ff90       cv_init_chart              00000001800a0f90 f   sfc_debug:cv_sfinterface.obj
 0001:0009ffe0       cv_dec_update_call         00000001800a0fe0 f   sfc_debug:cv_sfinterface.obj
 0001:000a0020       cv_cond_update_call        00000001800a1020 f   sfc_debug:cv_sfinterface.obj
 0001:000a0060       cv_saturation_update_call  00000001800a1060 f   sfc_debug:cv_sfinterface.obj
 0001:000a00a0       cv_saturation_update_accum 00000001800a10a0 f   sfc_debug:cv_sfinterface.obj
 0001:000a00e0       cv_testobjective_update_call 00000001800a10e0 f   sfc_debug:cv_sfinterface.obj
 0001:000a0120       cv_sigrange_update         00000001800a1120 f   sfc_debug:cv_sfinterface.obj
 0001:000a0160       cvsf_eml_eval              00000001800a1160 f   sfc_debug:cv_sfinterface.obj
 0001:000a0240       cvsf_eml_init_script       00000001800a1240 f   sfc_debug:cv_sfinterface.obj
 0001:000a02d0       cvsf_eml_init_fcn          00000001800a12d0 f   sfc_debug:cv_sfinterface.obj
 0001:000a0330       cvsf_eml_init_testobjective 00000001800a1330 f   sfc_debug:cv_sfinterface.obj
 0001:000a0390       cvsf_eml_init_saturation   00000001800a1390 f   sfc_debug:cv_sfinterface.obj
 0001:000a03e0       cvsf_eml_init_if           00000001800a13e0 f   sfc_debug:cv_sfinterface.obj
 0001:000a0440       cvsf_eml_init_for          00000001800a1440 f   sfc_debug:cv_sfinterface.obj
 0001:000a0490       cvsf_eml_init_while        00000001800a1490 f   sfc_debug:cv_sfinterface.obj
 0001:000a04e0       cvsf_eml_init_mcdc         00000001800a14e0 f   sfc_debug:cv_sfinterface.obj
 0001:000a0570       cvsf_eml_init_switch       00000001800a1570 f   sfc_debug:cv_sfinterface.obj
 0001:000a05e0       cvsf_script_eval           00000001800a15e0 f   sfc_debug:cv_sfinterface.obj
 0001:000a06c0       cvsf_script_init_script    00000001800a16c0 f   sfc_debug:cv_sfinterface.obj
 0001:000a0750       cvsf_script_init_fcn       00000001800a1750 f   sfc_debug:cv_sfinterface.obj
 0001:000a07b0       cvsf_script_init_testobjective 00000001800a17b0 f   sfc_debug:cv_sfinterface.obj
 0001:000a0810       cvsf_script_init_saturation 00000001800a1810 f   sfc_debug:cv_sfinterface.obj
 0001:000a0860       cvsf_script_init_if        00000001800a1860 f   sfc_debug:cv_sfinterface.obj
 0001:000a08c0       cvsf_script_init_for       00000001800a18c0 f   sfc_debug:cv_sfinterface.obj
 0001:000a0910       cvsf_script_init_while     00000001800a1910 f   sfc_debug:cv_sfinterface.obj
 0001:000a0960       cvsf_script_init_mcdc      00000001800a1960 f   sfc_debug:cv_sfinterface.obj
 0001:000a09f0       cvsf_script_init_switch    00000001800a19f0 f   sfc_debug:cv_sfinterface.obj
 0001:000a0a60       cv_destroy_interface       00000001800a1a60 f   sfc_debug:cv_sfinterface.obj
 0001:000a0a80       cv_create_instance_objects 00000001800a1a80 f   sfc_debug:cv_sfinterface.obj
 0001:000a0ef0       cv_is_enabled              00000001800a1ef0 f   sfc_debug:cv_sfinterface.obj
 0001:000a0f00       sf_debug_cv_initialize_script 00000001800a1f00 f   sfc_debug:cv_sfinterface.obj
 0001:000a1090       sf_debug_cv_initialize_instance 00000001800a2090 f   sfc_debug:cv_sfinterface.obj
 0001:000a1420       sf_debug_cv_terminate_chart 00000001800a2420 f   sfc_debug:cv_sfinterface.obj
 0001:000a1540       cv_call_trans_test         00000001800a2540 f   sfc_debug:cv_sfinterface.obj
 0001:000a1550       cv_call_sub_cond_test      00000001800a2550 f   sfc_debug:cv_sfinterface.obj
 0001:000a1590       sf_debug_st_initialize_machine 00000001800a2590 f   sfc_debug:sfdb_data_browse.obj
 0001:000a1640       sf_debug_st_initialize_instance 00000001800a2640 f   sfc_debug:sfdb_data_browse.obj
 0001:000a1850       sf_debug_st_terminate      00000001800a2850 f   sfc_debug:sfdb_data_browse.obj
 0001:000a1bf0       sf_debug_st_set_data_value_ptr_in_machine 00000001800a2bf0 f   sfc_debug:sfdb_data_browse.obj
 0001:000a1c80       sf_debug_st_set_data_value_ptr_in_instance 00000001800a2c80 f   sfc_debug:sfdb_data_browse.obj
 0001:000a1d60       sf_debug_st_unset_data_value_ptr_in_machine 00000001800a2d60 f   sfc_debug:sfdb_data_browse.obj
 0001:000a1dd0       sf_debug_st_unset_data_value_ptr_in_instance 00000001800a2dd0 f   sfc_debug:sfdb_data_browse.obj
 0001:000a2090       sf_debug_mx_value          00000001800a3090 f   sfc_debug:sfdb_data_browse.obj
 0001:000a20f0       sf_debug_mx_packed_vector  00000001800a30f0 f   sfc_debug:sfdb_data_browse.obj
 0001:000a21d0       sf_debug_mx_uint_vector    00000001800a31d0 f   sfc_debug:sfdb_data_browse.obj
 0001:000a2280       sf_debug_st_get_double_value_from_void_ptr_vector 00000001800a3280 f   sfc_debug:sfdb_data_browse.obj
 0001:000a2d60       sf_debug_st_browse_data    00000001800a3d60 f   sfc_debug:sfdb_data_browse.obj
 0001:000a35a0       sf_debug_hm_initialize_instance 00000001800a45a0 f   sfc_debug:sfdb_handle_management.obj
 0001:000a3a80       sf_debug_hm_get_object_id  00000001800a4a80 f   sfc_debug:sfdb_handle_management.obj
 0001:000a4630       sf_debug_hm_update_chart_visibility 00000001800a5630 f   sfc_debug:sfdb_handle_management.obj
 0001:000a5820       sf_debug_object_is_eml_function 00000001800a6820 f   sfc_debug:sfdb_handle_management.obj
 0001:000a5890       sf_debug_hm_initialize_ids_in_machine 00000001800a6890 f   sfc_debug:sfdb_handle_management.obj
 0001:000a5a00       sf_debug_hm_initialize_ids_in_chart 00000001800a6a00 f   sfc_debug:sfdb_handle_management.obj
 0001:000a5b00       sf_debug_hm_initialize_chart 00000001800a6b00 f   sfc_debug:sfdb_handle_management.obj
 0001:000a6200       sf_debug_hm_terminate      00000001800a7200 f   sfc_debug:sfdb_handle_management.obj
 0001:000a6260       sf_debug_hm_initialize_machine 00000001800a7260 f   sfc_debug:sfdb_handle_management.obj
 0001:000a6980       sf_debug_ss_initialize     00000001800a7980 f   sfc_debug:sfdb_symbol_scope.obj
 0001:000a69a0       sf_debug_ss_terminate      00000001800a79a0 f   sfc_debug:sfdb_symbol_scope.obj
 0001:000a6a30       sf_debug_ss_push_symbol_scope 00000001800a7a30 f   sfc_debug:sfdb_symbol_scope.obj
 0001:000a6b30       sf_debug_ss_push_symbol_scope_eml 00000001800a7b30 f   sfc_debug:sfdb_symbol_scope.obj
 0001:000a6b90       sf_debug_ss_pop_symbol_scope 00000001800a7b90 f   sfc_debug:sfdb_symbol_scope.obj
 0001:000a6c40       sf_debug_ss_add_symbol     00000001800a7c40 f   sfc_debug:sfdb_symbol_scope.obj
 0001:000a6db0       sf_debug_ss_add_symbol_eml 00000001800a7db0 f   sfc_debug:sfdb_symbol_scope.obj
 0001:000a7cb0       sf_debug_ss_set_data_value 00000001800a8cb0 f   sfc_debug:sfdb_symbol_scope.obj
 0001:000a8100       getInstanceNumber          00000001800a9100 f   sfc_debug:sfdb_symbol_scope.obj
 0001:000a81d0       sf_debug_ss_watch_data     00000001800a91d0 f   sfc_debug:sfdb_symbol_scope.obj
 0001:000a83c0       sf_debug_ss_assign_data    00000001800a93c0 f   sfc_debug:sfdb_symbol_scope.obj
 0001:000a8dd0       get_data_entry_name        00000001800a9dd0 f   sfc_debug:sfdb_symbol_scope.obj
 0001:000a8e20       sf_debug_ss_whos           00000001800a9e20 f   sfc_debug:sfdb_symbol_scope.obj
 0001:000a9470       sf_debug_cc_initialize_chart 00000001800aa470 f   sfc_debug:sfdb_coverage.obj
 0001:000a9e60       sf_debug_cc_initialize_instance 00000001800aae60 f   sfc_debug:sfdb_coverage.obj
 0001:000aaba0       sf_debug_cc_terminate      00000001800abba0 f   sfc_debug:sfdb_coverage.obj
 0001:000aac90       sf_debug_cc_set_transition_maps 00000001800abc90 f   sfc_debug:sfdb_coverage.obj
 0001:000aadc0       sf_debug_cc_set_state_maps 00000001800abdc0 f   sfc_debug:sfdb_coverage.obj
 0001:000aaea0       sf_debug_cc_set_transition_weights 00000001800abea0 f   sfc_debug:sfdb_coverage.obj
 0001:000ab160       sf_debug_cc_set_state_weights 00000001800ac160 f   sfc_debug:sfdb_coverage.obj
 0001:000ab430       sf_debug_cc_mark_transition_guard 00000001800ac430 f   sfc_debug:sfdb_coverage.obj
 0001:000ab4c0       sf_debug_cc_mark_transition_trigger 00000001800ac4c0 f   sfc_debug:sfdb_coverage.obj
 0001:000ab550       sf_debug_cc_mark_transition_decision 00000001800ac550 f   sfc_debug:sfdb_coverage.obj
 0001:000ab5c0       sf_debug_cc_mark_transition_condition_action 00000001800ac5c0 f   sfc_debug:sfdb_coverage.obj
 0001:000ab610       sf_debug_cc_mark_transition_transition_action 00000001800ac610 f   sfc_debug:sfdb_coverage.obj
 0001:000ab660       sf_debug_cc_mark_state_entry 00000001800ac660 f   sfc_debug:sfdb_coverage.obj
 0001:000ab6b0       sf_debug_cc_mark_state_during 00000001800ac6b0 f   sfc_debug:sfdb_coverage.obj
 0001:000ab700       sf_debug_cc_mark_state_exit 00000001800ac700 f   sfc_debug:sfdb_coverage.obj
 0001:000ab750       sf_debug_bm_clear_script_breakpoints 00000001800ac750 f   sfc_debug:sfdb_breakpoints.obj
 0001:000ab780       sf_debug_bm_set_script_breakpoint 00000001800ac780 f   sfc_debug:sfdb_breakpoints.obj
 0001:000ab800       sf_debug_bm_clear_single_script_breakpoint 00000001800ac800 f   sfc_debug:sfdb_breakpoints.obj
 0001:000ab880       sf_debug_bm_query_script_breakpoint 00000001800ac880 f   sfc_debug:sfdb_breakpoints.obj
 0001:000ab8d0       sf_debug_bm_initialize_scripts 00000001800ac8d0 f   sfc_debug:sfdb_breakpoints.obj
 0001:000abf60       sf_debug_bm_terminate      00000001800acf60 f   sfc_debug:sfdb_breakpoints.obj
 0001:000ac240       sf_debug_bm_remove_all_breakpoints_in_machine 00000001800ad240 f   sfc_debug:sfdb_breakpoints.obj
 0001:000ac2a0       sf_debug_bm_remove_all_breakpoints_in_chart 00000001800ad2a0 f   sfc_debug:sfdb_breakpoints.obj
 0001:000ac3f0       sf_debug_bm_initialize_global_breakpoints 00000001800ad3f0 f   sfc_debug:sfdb_breakpoints.obj
 0001:000ac570       sf_debug_bm_set_breakpoint 00000001800ad570 f   sfc_debug:sfdb_breakpoints.obj
 0001:000acb30       sf_debug_bm_set_eml_breakpoint 00000001800adb30 f   sfc_debug:sfdb_breakpoints.obj
 0001:000acbc0       sf_debug_bm_initialize_machine_breakpoint_map 00000001800adbc0 f   sfc_debug:sfdb_breakpoints.obj
 0001:000acfe0       sf_debug_bm_is_a_breakpoint 00000001800adfe0 f   sfc_debug:sfdb_breakpoints.obj
 0001:000ad500       sf_debug_bm_get_all_breakpoints_in_machine 00000001800ae500 f   sfc_debug:sfdb_breakpoints.obj
 0001:000ad800       sf_debug_bm_get_all_breakpoints_in_chart 00000001800ae800 f   sfc_debug:sfdb_breakpoints.obj
 0001:000ae390       sf_debug_bm_initialize_machine 00000001800af390 f   sfc_debug:sfdb_breakpoints.obj
 0001:000ae460       sf_debug_bm_initialize_chart 00000001800af460 f   sfc_debug:sfdb_breakpoints.obj
 0001:000ae850       sf_debug_sc_terminate      00000001800af850 f   sfc_debug:sfdb_state_consistency.obj
 0001:000aeb70       sf_debug_sc_is_chart_consistent 00000001800afb70 f   sfc_debug:sfdb_state_consistency.obj
 0001:000aee20       sf_debug_sc_get_consistency_error_info 00000001800afe20 f   sfc_debug:sfdb_state_consistency.obj
 0001:000af230       sf_debug_tm_terminate      00000001800b0230 f   sfc_debug:sfdb_call_stack.obj
 0001:000af2e0       sf_debug_tm_push_chart_instance 00000001800b02e0 f   sfc_debug:sfdb_call_stack.obj
 0001:000af420       sf_debug_tm_pop_chart_instance 00000001800b0420 f   sfc_debug:sfdb_call_stack.obj
 0001:000af480       sf_debug_tm_push_trace_node 00000001800b0480 f   sfc_debug:sfdb_call_stack.obj
 0001:000af600       sf_debug_tm_pop_trace_node 00000001800b0600 f   sfc_debug:sfdb_call_stack.obj
 0001:000af680       sf_debug_tm_get_current_global_trace_index 00000001800b0680 f   sfc_debug:sfdb_call_stack.obj
 0001:000af690       sf_debug_tm_get_current_local_trace_index 00000001800b0690 f   sfc_debug:sfdb_call_stack.obj
 0001:000af6c0       sf_debug_tm_set_cycle_detected_flag 00000001800b06c0 f   sfc_debug:sfdb_call_stack.obj
 0001:000af700       sf_debug_tm_set_cycle_started_flag 00000001800b0700 f   sfc_debug:sfdb_call_stack.obj
 0001:000af740       sf_debug_tm_get_chart_number_from_stack 00000001800b0740 f   sfc_debug:sfdb_call_stack.obj
 0001:000af940       sf_debug_tm_browse_trace   00000001800b0940 f   sfc_debug:sfdb_call_stack.obj
 0001:000afc50       sf_debug_cd_initialize_instance 00000001800b0c50 f   sfc_debug:sfdb_cycle_detection.obj
 0001:000aff00       sf_debug_cd_mark_processed_transition_in_instance 00000001800b0f00 f   sfc_debug:sfdb_cycle_detection.obj
 0001:000affa0       sf_debug_cd_checksum_push  00000001800b0fa0 f   sfc_debug:sfdb_cycle_detection.obj
 0001:000b0250       sf_debug_cd_checksum_pop   00000001800b1250 f   sfc_debug:sfdb_cycle_detection.obj
 0001:000b02c0       sf_debug_cd_turn_off_cycle_detection 00000001800b12c0 f   sfc_debug:sfdb_cycle_detection.obj
 0001:000b0310       sf_debug_cd_terminate      00000001800b1310 f   sfc_debug:sfdb_cycle_detection.obj
 0001:000b0540       md5_initialize_state       00000001800b1540 f   sfc_debug:ckmd5.obj
 0001:000b0fd0       md5_update_state           00000001800b1fd0 f   sfc_debug:ckmd5.obj
 0001:000b0ff0       md5_get_hash               00000001800b1ff0 f   sfc_debug:ckmd5.obj
 0001:000b1020       md5_get_hash_for_a_single_string 00000001800b2020 f   sfc_debug:ckmd5.obj
 0001:000b1080       mxGetPr                    00000001800b2080 f   libmx:libmx.dll
 0001:000b1086       mxCreateDoubleScalar       00000001800b2086 f   libmx:libmx.dll
 0001:000b108c       mxCreateDoubleMatrix_730   00000001800b208c f   libmx:libmx.dll
 0001:000b1092       mxSetField_730             00000001800b2092 f   libmx:libmx.dll
 0001:000b1098       mxCreateString             00000001800b2098 f   libmx:libmx.dll
 0001:000b109e       mxCreateStructMatrix_730   00000001800b209e f   libmx:libmx.dll
 0001:000b10a4       mxCreateCellMatrix_730     00000001800b20a4 f   libmx:libmx.dll
 0001:000b10aa       mxDestroyArray             00000001800b20aa f   libmx:libmx.dll
 0001:000b10b0       mxDuplicateArray           00000001800b20b0 f   libmx:libmx.dll
 0001:000b10b6       mxIsEmpty                  00000001800b20b6 f   libmx:libmx.dll
 0001:000b10bc       mxGetNaN                   00000001800b20bc f   libmx:libmx.dll
 0001:000b10c2       mxGetString_730            00000001800b20c2 f   libmx:libmx.dll
 0001:000b10c8       mxIsChar                   00000001800b20c8 f   libmx:libmx.dll
 0001:000b10ce       mxGetClassID               00000001800b20ce f   libmx:libmx.dll
 0001:000b10d4       mxIsNumeric                00000001800b20d4 f   libmx:libmx.dll
 0001:000b10da       mxIsComplex                00000001800b20da f   libmx:libmx.dll
 0001:000b10e0       mxGetN                     00000001800b20e0 f   libmx:libmx.dll
 0001:000b10e6       mxGetM                     00000001800b20e6 f   libmx:libmx.dll
 0001:000b10ec       mxCalloc                   00000001800b20ec f   libmx:libmx.dll
 0001:000b10f2       mxGetScalar                00000001800b20f2 f   libmx:libmx.dll
 0001:000b10f8       mxIsLogical                00000001800b20f8 f   libmx:libmx.dll
 0001:000b10fe       mxCreateDoubleMatrix_700   00000001800b20fe f   libmx:libmx.dll
 0001:000b1104       mxFree                     00000001800b2104 f   libmx:libmx.dll
 0001:000b110a       mxArrayToString            00000001800b210a f   libmx:libmx.dll
 0001:000b1110       mxCreateCellMatrix_700     00000001800b2110 f   libmx:libmx.dll
 0001:000b1116       mxSetCell_700              00000001800b2116 f   libmx:libmx.dll
 0001:000b111c       mxGetCell_700              00000001800b211c f   libmx:libmx.dll
 0001:000b1122       mxGetClassName             00000001800b2122 f   libmx:libmx.dll
 0001:000b1128       mxSetField_700             00000001800b2128 f   libmx:libmx.dll
 0001:000b112e       mxAddField                 00000001800b212e f   libmx:libmx.dll
 0001:000b1134       mxGetField_700             00000001800b2134 f   libmx:libmx.dll
 0001:000b113a       mxGetNumberOfElements      00000001800b213a f   libmx:libmx.dll
 0001:000b1140       mxIsStruct                 00000001800b2140 f   libmx:libmx.dll
 0001:000b1146       mxIsA                      00000001800b2146 f   libmx:libmx.dll
 0001:000b114c       mxIsClass                  00000001800b214c f   libmx:libmx.dll
 0001:000b1152       mxGetLogicals              00000001800b2152 f   libmx:libmx.dll
 0001:000b1158       mxIsSparse                 00000001800b2158 f   libmx:libmx.dll
 0001:000b115e       mxSetFieldByNumber_700     00000001800b215e f   libmx:libmx.dll
 0001:000b1164       mxGetFieldByNumber_700     00000001800b2164 f   libmx:libmx.dll
 0001:000b116a       mxGetFieldNameByNumber     00000001800b216a f   libmx:libmx.dll
 0001:000b1170       mxGetNumberOfFields        00000001800b2170 f   libmx:libmx.dll
 0001:000b1176       mxCreateStructMatrix_700   00000001800b2176 f   libmx:libmx.dll
 0001:000b117c       mxGetFieldNumber           00000001800b217c f   libmx:libmx.dll
 0001:000b1182       mxIsNaN                    00000001800b2182 f   libmx:libmx.dll
 0001:000b1188       mxGetData                  00000001800b2188 f   libmx:libmx.dll
 0001:000b118e       mxGetImagData              00000001800b218e f   libmx:libmx.dll
 0001:000b1194       mxArrayClassIDName         00000001800b2194 f   libmx:libmx.dll
 0001:000b119a       mxCreateNumericMatrix_700  00000001800b219a f   libmx:libmx.dll
 0001:000b11a0       mxCreateStructArray_700    00000001800b21a0 f   libmx:libmx.dll
 0001:000b11a6       mxCalcSingleSubscript_700  00000001800b21a6 f   libmx:libmx.dll
 0001:000b11ac       mxGetDimensions_700        00000001800b21ac f   libmx:libmx.dll
 0001:000b11b2       mxGetNumberOfDimensions_700 00000001800b21b2 f   libmx:libmx.dll
 0001:000b11b8       mxCreateNumericArray_700   00000001800b21b8 f   libmx:libmx.dll
 0001:000b11be       mxGetElementSize           00000001800b21be f   libmx:libmx.dll
 0001:000b11c4       mxCreateStringFromNChars_700 00000001800b21c4 f   libmx:libmx.dll
 0001:000b11ca       mxGetString_700            00000001800b21ca f   libmx:libmx.dll
 0001:000b11d0       mxIsLogicalScalarTrue      00000001800b21d0 f   libmx:libmx.dll
 0001:000b11d6       mxCreateLogicalScalar      00000001800b21d6 f   libmx:libmx.dll
 0001:000b11dc       mexUnlock                  00000001800b21dc f   libmex:libmex.dll
 0001:000b11e2       mexIsLocked                00000001800b21e2 f   libmex:libmex.dll
 0001:000b11e8       mexWarnMsgTxt              00000001800b21e8 f   libmex:libmex.dll
 0001:000b11ee       mexCallMATLAB              00000001800b21ee f   libmex:libmex.dll
 0001:000b11f4       mexErrMsgTxt               00000001800b21f4 f   libmex:libmex.dll
 0001:000b11fa       mexMakeArrayPersistent     00000001800b21fa f   libmex:libmex.dll
 0001:000b1200       mexSetTrapFlag             00000001800b2200 f   libmex:libmex.dll
 0001:000b1206       mexPutVariable             00000001800b2206 f   libmex:libmex.dll
 0001:000b120c       mexGetVariable             00000001800b220c f   libmex:libmex.dll
 0001:000b1212       mexLock                    00000001800b2212 f   libmex:libmex.dll
 0001:000b1218       mexMakeMemoryPersistent    00000001800b2218 f   libmex:libmex.dll
 0001:000b121e       mexFunctionName            00000001800b221e f   libmex:libmex.dll
 0001:000b1224       ssRegisterDataTypeFxpFSlopeFixExpBias 00000001800b2224 f   libfixedpoint:libfixedpoint.dll
 0001:000b122a       ssRegisterDataTypeFxpScaledDouble 00000001800b222a f   libfixedpoint:libfixedpoint.dll
 0001:000b1230       utMalloc                   00000001800b2230 f   libut:libut.dll
 0001:000b1236       utFree                     00000001800b2236 f   libut:libut.dll
 0001:000b123c       utVSNprintf                00000001800b223c f   libut:libut.dll
 0001:000b1242       utCPUtime                  00000001800b2242 f   libut:libut.dll
 0001:000b1248       utCalloc                   00000001800b2248 f   libut:libut.dll
 0001:000b124e       utRealloc                  00000001800b224e f   libut:libut.dll
 0001:000b1254       muDoubleScalarSin          00000001800b2254 f   libmwmathutil:libmwmathutil.dll
 0001:000b125a       muDoubleScalarCos          00000001800b225a f   libmwmathutil:libmwmathutil.dll
 0001:000b1260       muDoubleScalarPower        00000001800b2260 f   libmwmathutil:libmwmathutil.dll
 0001:000b1266       muDoubleScalarIsNaN        00000001800b2266 f   libmwmathutil:libmwmathutil.dll
 0001:000b126c       muDoubleScalarAbs          00000001800b226c f   libmwmathutil:libmwmathutil.dll
 0001:000b1272       muDoubleScalarSqrt         00000001800b2272 f   libmwmathutil:libmwmathutil.dll
 0001:000b1278       emlrtCreateRootTLS         00000001800b2278 f   libemlrt:libemlrt.dll
 0001:000b127e       emlrtDestroyRootTLS        00000001800b227e f   libemlrt:libemlrt.dll
 0001:000b1284       emlrtCheckBuiltInR2012b    00000001800b2284 f   libemlrt:libemlrt.dll
 0001:000b128a       emlrtCheckVsBuiltInR2012b  00000001800b228a f   libemlrt:libemlrt.dll
 0001:000b1290       emlrtCheckEnumR2012b       00000001800b2290 f   libemlrt:libemlrt.dll
 0001:000b1296       emlrtCreateEnumR2012b      00000001800b2296 f   libemlrt:libemlrt.dll
 0001:000b129c       emlrtGetEnumElementR2009a  00000001800b229c f   libemlrt:libemlrt.dll
 0001:000b12a2       emlrtCreateReference       00000001800b22a2 f   libemlrt:libemlrt.dll
 0001:000b12a8       emlrtImportVsFiArrayR2009b 00000001800b22a8 f   libemlrt:libemlrt.dll
 0001:000b12ae       emlrtNameCapturePostProcessR2012a 00000001800b22ae f   libemlrt:libemlrt.dll
 0001:000b12b4       emlrtExtractMessageId      00000001800b22b4 f   libemlrt:libemlrt.dll
 0001:000b12ba       emlrtTranslateMessageIDtoLCPstring 00000001800b22ba f   libemlrt:libemlrt.dll
 0001:000b12c0       emlrtForLoopVectorIsValidR2011b 00000001800b22c0 f   libemlrt:libemlrt.dll
 0001:000b12c6       emlrtTranslateUTF16MessagetoLCPstring 00000001800b22c6 f   libemlrt:libemlrt.dll
 0001:000b12cc       emlrtGetEnumUnderlyingArrayR2009a 00000001800b22cc f   libemlrt:libemlrt.dll
 0001:000b12d2       emlrtIsEnumR2009a          00000001800b22d2 f   libemlrt:libemlrt.dll
 0001:000b12d8       dgemm                      00000001800b22d8 f   libmwblas:libmwblas.dll
 0001:000b12de       dtrsm                      00000001800b22de f   libmwblas:libmwblas.dll
 0001:000b12e4       __GSHandlerCheckCommon     00000001800b22e4 f   MSVCRT:gshandler.obj
 0001:000b1348       __GSHandlerCheck           00000001800b2348 f   MSVCRT:gshandler.obj
 0001:000b1366       strlen                     00000001800b2366 f   MSVCRT:MSVCR100.dll
 0001:000b1380       __security_check_cookie    00000001800b2380 f   MSVCRT:amdsecgs.obj
 0001:000b13b0       _alloca_probe              00000001800b23b0     MSVCRT:chkstk.obj
 0001:000b13b0       __chkstk                   00000001800b23b0 f   MSVCRT:chkstk.obj
 0001:000b13fe       memset                     00000001800b23fe f   MSVCRT:MSVCR100.dll
 0001:000b1404       strcmp                     00000001800b2404 f   MSVCRT:MSVCR100.dll
 0001:000b140a       free                       00000001800b240a f   MSVCRT:MSVCR100.dll
 0001:000b1410       sprintf                    00000001800b2410 f   MSVCRT:MSVCR100.dll
 0001:000b1416       malloc                     00000001800b2416 f   MSVCRT:MSVCR100.dll
 0001:000b141c       strcat                     00000001800b241c f   MSVCRT:MSVCR100.dll
 0001:000b1422       memcpy                     00000001800b2422 f   MSVCRT:MSVCR100.dll
 0001:000b1428       NtCurrentTeb               00000001800b2428 f i MSVCRT:crtdll.obj
 0001:000b1494       _CRT_INIT                  00000001800b2494 f   MSVCRT:crtdll.obj
 0001:000b182c       _DllMainCRTStartup         00000001800b282c f   MSVCRT:crtdll.obj
 0001:000b186a       strncpy                    00000001800b286a f   MSVCRT:MSVCR100.dll
 0001:000b1870       longjmp                    00000001800b2870 f   MSVCRT:MSVCR100.dll
 0001:000b1876       strncmp                    00000001800b2876 f   MSVCRT:MSVCR100.dll
 0001:000b187c       ceil                       00000001800b287c f   MSVCRT:MSVCR100.dll
 0001:000b1882       strrchr                    00000001800b2882 f   MSVCRT:MSVCR100.dll
 0001:000b1888       _setjmp                    00000001800b2888 f   MSVCRT:MSVCR100.dll
 0001:000b188e       ldexp                      00000001800b288e f   MSVCRT:MSVCR100.dll
 0001:000b1894       __report_gsfailure         00000001800b2894 f   MSVCRT:gs_report.obj
 0001:000b19e0       __clean_type_info_names    00000001800b29e0 f   MSVCRT:tncleanup.obj
 0001:000b19ec       _onexit                    00000001800b29ec f   MSVCRT:atonexit.obj
 0001:000b1a9c       atexit                     00000001800b2a9c f   MSVCRT:atonexit.obj
 0001:000b1ab4       _RTC_Initialize            00000001800b2ab4 f   MSVCRT:_initsect_.obj
 0001:000b1aec       _RTC_Terminate             00000001800b2aec f   MSVCRT:_initsect_.obj
 0001:000b1b24       _malloc_crt                00000001800b2b24 f   MSVCRT:MSVCR100.dll
 0001:000b1b30       _ValidateImageBase         00000001800b2b30 f   MSVCRT:pesect.obj
 0001:000b1b60       _FindPESection             00000001800b2b60 f   MSVCRT:pesect.obj
 0001:000b1bb0       _IsNonwritableInCurrentImage 00000001800b2bb0 f   MSVCRT:pesect.obj
 0001:000b1bf2       _initterm                  00000001800b2bf2 f   MSVCRT:MSVCR100.dll
 0001:000b1bf8       _initterm_e                00000001800b2bf8 f   MSVCRT:MSVCR100.dll
 0001:000b1bfe       _encoded_null              00000001800b2bfe f   MSVCRT:MSVCR100.dll
 0001:000b1c04       _amsg_exit                 00000001800b2c04 f   MSVCRT:MSVCR100.dll
 0001:000b1c0a       __C_specific_handler       00000001800b2c0a f   MSVCRT:MSVCR100.dll
 0001:000b1c10       __CppXcptFilter            00000001800b2c10 f   MSVCRT:MSVCR100.dll
 0001:000b1c18       DllMain                    00000001800b2c18 f   MSVCRT:dllmain.obj
 0001:000b1c3c       __security_init_cookie     00000001800b2c3c f   MSVCRT:gs_support.obj
 0001:000b1cf0       __crt_debugger_hook        00000001800b2cf0 f   MSVCRT:MSVCR100.dll
 0001:000b1cf6       __clean_type_info_names_internal 00000001800b2cf6 f   MSVCRT:MSVCR100.dll
 0001:000b1cfc       _unlock                    00000001800b2cfc f   MSVCRT:MSVCR100.dll
 0001:000b1d02       __dllonexit                00000001800b2d02 f   MSVCRT:MSVCR100.dll
 0001:000b1d08       _lock                      00000001800b2d08 f   MSVCRT:MSVCR100.dll
 0001:000b1d0e       EncodePointer              00000001800b2d0e f   kernel32:KERNEL32.dll
 0001:000b1d14       DecodePointer              00000001800b2d14 f   kernel32:KERNEL32.dll
 0001:000b1d1a       Sleep                      00000001800b2d1a f   kernel32:KERNEL32.dll
 0001:000b1d20       TerminateProcess           00000001800b2d20 f   kernel32:KERNEL32.dll
 0001:000b1d26       GetCurrentProcess          00000001800b2d26 f   kernel32:KERNEL32.dll
 0001:000b1d2c       UnhandledExceptionFilter   00000001800b2d2c f   kernel32:KERNEL32.dll
 0001:000b1d32       SetUnhandledExceptionFilter 00000001800b2d32 f   kernel32:KERNEL32.dll
 0001:000b1d38       IsDebuggerPresent          00000001800b2d38 f   kernel32:KERNEL32.dll
 0001:000b1d3e       RtlVirtualUnwind           00000001800b2d3e f   kernel32:KERNEL32.dll
 0001:000b1d44       RtlLookupFunctionEntry     00000001800b2d44 f   kernel32:KERNEL32.dll
 0001:000b1d4a       RtlCaptureContext          00000001800b2d4a f   kernel32:KERNEL32.dll
 0001:000b1d50       DisableThreadLibraryCalls  00000001800b2d50 f   kernel32:KERNEL32.dll
 0001:000b1d56       QueryPerformanceCounter    00000001800b2d56 f   kernel32:KERNEL32.dll
 0001:000b1d5c       GetTickCount               00000001800b2d5c f   kernel32:KERNEL32.dll
 0001:000b1d62       GetCurrentThreadId         00000001800b2d62 f   kernel32:KERNEL32.dll
 0001:000b1d68       GetCurrentProcessId        00000001800b2d68 f   kernel32:KERNEL32.dll
 0001:000b1d6e       GetSystemTimeAsFileTime    00000001800b2d6e f   kernel32:KERNEL32.dll
 0002:00000000       __imp_RtlLookupFunctionEntry 00000001800b3000     kernel32:KERNEL32.dll
 0002:00000008       __imp_RtlVirtualUnwind     00000001800b3008     kernel32:KERNEL32.dll
 0002:00000010       __imp_IsDebuggerPresent    00000001800b3010     kernel32:KERNEL32.dll
 0002:00000018       __imp_SetUnhandledExceptionFilter 00000001800b3018     kernel32:KERNEL32.dll
 0002:00000020       __imp_UnhandledExceptionFilter 00000001800b3020     kernel32:KERNEL32.dll
 0002:00000028       __imp_GetCurrentProcess    00000001800b3028     kernel32:KERNEL32.dll
 0002:00000030       __imp_TerminateProcess     00000001800b3030     kernel32:KERNEL32.dll
 0002:00000038       __imp_Sleep                00000001800b3038     kernel32:KERNEL32.dll
 0002:00000040       __imp_DecodePointer        00000001800b3040     kernel32:KERNEL32.dll
 0002:00000048       __imp_EncodePointer        00000001800b3048     kernel32:KERNEL32.dll
 0002:00000050       __imp_DisableThreadLibraryCalls 00000001800b3050     kernel32:KERNEL32.dll
 0002:00000058       __imp_QueryPerformanceCounter 00000001800b3058     kernel32:KERNEL32.dll
 0002:00000060       __imp_GetTickCount         00000001800b3060     kernel32:KERNEL32.dll
 0002:00000068       __imp_GetCurrentThreadId   00000001800b3068     kernel32:KERNEL32.dll
 0002:00000070       __imp_GetCurrentProcessId  00000001800b3070     kernel32:KERNEL32.dll
 0002:00000078       __imp_GetSystemTimeAsFileTime 00000001800b3078     kernel32:KERNEL32.dll
 0002:00000080       __imp_RtlCaptureContext    00000001800b3080     kernel32:KERNEL32.dll
 0002:00000088       \177KERNEL32_NULL_THUNK_DATA 00000001800b3088     kernel32:KERNEL32.dll
 0002:00000090       __imp_ldexp                00000001800b3090     MSVCRT:MSVCR100.dll
 0002:00000098       __imp__onexit              00000001800b3098     MSVCRT:MSVCR100.dll
 0002:000000a0       __imp__lock                00000001800b30a0     MSVCRT:MSVCR100.dll
 0002:000000a8       __imp___dllonexit          00000001800b30a8     MSVCRT:MSVCR100.dll
 0002:000000b0       __imp__unlock              00000001800b30b0     MSVCRT:MSVCR100.dll
 0002:000000b8       __imp___clean_type_info_names_internal 00000001800b30b8     MSVCRT:MSVCR100.dll
 0002:000000c0       __imp___crt_debugger_hook  00000001800b30c0     MSVCRT:MSVCR100.dll
 0002:000000c8       __imp___CppXcptFilter      00000001800b30c8     MSVCRT:MSVCR100.dll
 0002:000000d0       __imp___C_specific_handler 00000001800b30d0     MSVCRT:MSVCR100.dll
 0002:000000d8       __imp__amsg_exit           00000001800b30d8     MSVCRT:MSVCR100.dll
 0002:000000e0       __imp__encoded_null        00000001800b30e0     MSVCRT:MSVCR100.dll
 0002:000000e8       __imp__initterm_e          00000001800b30e8     MSVCRT:MSVCR100.dll
[...]
 0001:00087c90       sf_mex_check_fimath        0000000180088c90 f   sfc_mex:sfc_mex.obj
 0001:000887f0       size_mismatch_error        00000001800897f0 f   sfc_mex:sfc_mex.obj
 0001:00089260       check_array_dimensions     000000018008a260 f   sfc_mex:sfc_mex.obj
 0001:000892d0       check_input_mxarray        000000018008a2d0 f   sfc_mex:sfc_mex.obj
 0001:00089a10       sf_numeric_value_to_double 000000018008aa10 f   sfc_mex:sfc_mex.obj
 0001:00089a60       ml_generic_out_of_bounds_check 000000018008aa60 f   sfc_mex:sfc_mex.obj
 0001:00089c20       ml_get_element_value_from_array 000000018008ac20 f   sfc_mex:sfc_mex.obj
 0001:00089fc0       _ml_generic_castability_check 000000018008afc0 f   sfc_mex:sfc_mex.obj
 0001:0008a710       ml_generic_castability_check 000000018008b710 f   sfc_mex:sfc_mex.obj
 0001:0008a7b0       ml_check_mx_array_for_single_castability 000000018008b7b0 f   sfc_mex:sfc_mex.obj
 0001:0008a850       ml_check_mx_array_for_logical_castability 000000018008b850 f   sfc_mex:sfc_mex.obj
 0001:0008a8f0       ml_check_mx_array_for_int8_castability 000000018008b8f0 f   sfc_mex:sfc_mex.obj
 0001:0008a9a0       ml_check_mx_array_for_uint8_castability 000000018008b9a0 f   sfc_mex:sfc_mex.obj
 0001:0008aa00       ml_check_mx_array_for_int16_castability 000000018008ba00 f   sfc_mex:sfc_mex.obj
 0001:0008aa60       ml_check_mx_array_for_uint16_castability 000000018008ba60 f   sfc_mex:sfc_mex.obj
 0001:0008aac0       ml_check_mx_array_for_int32_castability 000000018008bac0 f   sfc_mex:sfc_mex.obj
 0001:0008ab20       ml_check_mx_array_for_uint32_castability 000000018008bb20 f   sfc_mex:sfc_mex.obj
 0001:0008ab80       ml_check_mx_array_for_castability 000000018008bb80 f   sfc_mex:sfc_mex.obj
 0001:0008b3a0       set_data_value             000000018008c3a0 f   sfc_mex:sfc_mex.obj
 0001:0008b710       get_data_value             000000018008c710 f   sfc_mex:sfc_mex.obj
 0001:0008b820       get_next_element_address   000000018008c820 f   sfc_mex:sfc_mex.obj
 0001:0008b8f0       sf_normalize_index         000000018008c8f0 f   sfc_mex:sfc_mex.obj
 0001:0008bca0       ml_array_index_bound_check 000000018008cca0 f   sfc_mex:sfc_mex.obj
 0001:0008c820       mx_value                   000000018008d820 f   sfc_mex:sfc_mex.obj
 0001:0008c870       sf_create_numeric_array    000000018008d870 f   sfc_mex:sfc_mex.obj
 0001:0008c910       sf_mex_assign_to_mx_array  000000018008d910 f   sfc_mex:sfc_mex.obj
 0001:0008cc80       assign_from_mx_array       000000018008dc80 f   sfc_mex:sfc_mex.obj
 0001:0008d3e0       sf_mex_import_v            000000018008e3e0 f   sfc_mex:sfc_mex.obj
 0001:0008daf0       get_machine_and_chart_file_number 000000018008eaf0 f   sfc_mex:sfc_sf.obj
 0001:0008dbe0       get_sfun_block_specialization 000000018008ebe0 f   sfc_mex:sfc_sf.obj
 0001:0008dc90       call_sf_machine_global_method_dispatcher 000000018008ec90 f   sfc_mex:sfc_sf.obj
 0001:0008dee0       mdl_zeroCrossings_processing 000000018008eee0 f   sfc_mex:sfc_sf.obj
 0001:0008dfc0       mdl_derivatives_processing 000000018008efc0 f   sfc_mex:sfc_sf.obj
 0001:0008e2a0       mdl_outputs_continuous_legacy 000000018008f2a0 f   sfc_mex:sfc_sf.obj
 0001:0008e320       mdl_outputs_processing     000000018008f320 f   sfc_mex:sfc_sf.obj
 0001:0008e590       mdl_enable_processing      000000018008f590 f   sfc_mex:sfc_sf.obj
 0001:0008e670       mdl_disable_processing     000000018008f670 f   sfc_mex:sfc_sf.obj
 0001:0008f500       sf_call_output_fcn_enable_disable 0000000180090500 f   sfc_mex:sfc_sf.obj
 0001:0008f780       set_dwork_information_from_mx_array 0000000180090780 f   sfc_mex:sfc_sf.obj
 0001:00090070       ptr2mxStruct               0000000180091070 f   sfc_mex:sfc_sf.obj
 0001:00090380       SNPRINTF_WRAPPER           0000000180091380 f   sfc_debug:sfcdebug.obj
 0001:000903b0       sf_debug_chart_instance_initialized 00000001800913b0 f   sfc_debug:sfcdebug.obj
 0001:00090550       sfrtAddSize                0000000180091550 f   sfc_debug:sfcdebug.obj
 0001:00090610       sfrtGenSizeString          0000000180091610 f   sfc_debug:sfcdebug.obj
 0001:00090d60       fill_single_message_info   0000000180091d60 f   sfc_debug:sfcdebug.obj
 0001:00090fe0       sf_debug_sim_status_listener 0000000180091fe0 f   sfc_debug:sfcdebug.obj
 0001:00091570       sf_debug_form_mask_bits    0000000180092570 f   sfc_debug:sfcdebug.obj
 0001:00091590       sf_debug_form_sf_data_type_offsets 0000000180092590 f   sfc_debug:sfcdebug.obj
 0001:00091650       sf_debug_free_all          0000000180092650 f   sfc_debug:sfcdebug.obj
 0001:000917e0       sf_debug_append_debugger_context 00000001800927e0 f   sfc_debug:sfcdebug.obj
 0001:00091b50       local_strdup               0000000180092b50 f   sfc_debug:sfcdebug.obj
 0001:00092ad0       sf_debug_em_terminate      0000000180093ad0 f   sfc_debug:sfcdebug.obj
 0001:00092b10       sf_debug_push_eml_function 0000000180093b10 f   sfc_debug:sfcdebug.obj
 0001:00092bb0       sf_debug_pop_eml_function  0000000180093bb0 f   sfc_debug:sfcdebug.obj
 0001:00093850       sf_debug_get_machine_number_from_id_or_name 0000000180094850 f   sfc_debug:sfcdebug.obj
 0001:000939a0       sf_debug_get_chart_number_from_id 00000001800949a0 f   sfc_debug:sfcdebug.obj
 0001:00094780       sf_debug_transfer_control_to_debugger_GUI 0000000180095780 f   sfc_debug:sfcdebug.obj
 0001:000956f0       sf_debug_scripts_rehash    00000001800966f0 f   sfc_debug:sfcdebug.obj
 0001:00095900       sf_debug_get_script_line_count 0000000180096900 f   sfc_debug:sfcdebug.obj
 0001:00096350       cv_eml_state_cvId          0000000180097350 f   sfc_debug:sfcdebug.obj
 0001:000963c0       cv_eml_trans_cvId          00000001800973c0 f   sfc_debug:sfcdebug.obj
 0001:00097840       sf_debug_data_array_bounds_error 0000000180098840 f   sfc_debug:sfcdebug.obj
 0001:00097bf0       eml_debug_runtime_error_doclink 0000000180098bf0 f   sfc_debug:sfcdebug.obj
 0001:00097d60       sf_debug_runtime_error     0000000180098d60 f   sfc_debug:sfcdebug.obj
 0001:00097dd0       sf_debug_matlab_error      0000000180098dd0 f   sfc_debug:sfcdebug.obj
 0001:00098740       sf_debug_data_value_error  0000000180099740 f   sfc_debug:sfcdebug.obj
 0001:00099010       sf_debug_data_loss_error   000000018009a010 f   sfc_debug:sfcdebug.obj
 0001:00099f30       call_cv_range_check        000000018009af30 f   sfc_debug:sfcdebug.obj
 0001:0009a790       sf_debug_invoke_cycle_detection_code 000000018009b790 f   sfc_debug:sfcdebug.obj
 0001:0009b300       sf_reset_debug_info_struct 000000018009c300 f   sfc_debug:sfcdebug.obj
 0001:0009baf0       cv_script_cvId             000000018009caf0 f   sfc_debug:sfcdebug.obj
 0001:0009ccb0       sfc_api_chart_visible      000000018009dcb0 f   sfc_debug:sfc_api.obj
 0001:0009cd40       sfc_api_active_instance    000000018009dd40 f   sfc_debug:sfc_api.obj
 0001:0009cdd0       sfc_api_machine_load       000000018009ddd0 f   sfc_debug:sfc_api.obj
 0001:0009cec0       sfc_api_debugger_alive     000000018009dec0 f   sfc_debug:sfc_api.obj
 0001:0009ced0       sfc_api_go                 000000018009ded0 f   sfc_debug:sfc_api.obj
 0001:0009cee0       sfc_api_step_over          000000018009dee0 f   sfc_debug:sfc_api.obj
 0001:0009cef0       sfc_api_step_out           000000018009def0 f   sfc_debug:sfc_api.obj
 0001:0009cf00       sfc_api_resume             000000018009df00 f   sfc_debug:sfc_api.obj
 0001:0009cf10       sfc_api_break              000000018009df10 f   sfc_debug:sfc_api.obj
 0001:0009cf20       sfc_api_stop_debugging     000000018009df20 f   sfc_debug:sfc_api.obj
 0001:0009cf80       sfc_api_is_cycle_detected  000000018009df80 f   sfc_debug:sfc_api.obj
 0001:0009cfe0       sfc_api_is_array_bounds_detected 000000018009dfe0 f   sfc_debug:sfc_api.obj
 0001:0009d040       sfc_api_set_disable_all_breakpoints 000000018009e040 f   sfc_debug:sfc_api.obj
 0001:0009d0c0       sfc_api_disable_all_breakpoints_and_go 000000018009e0c0 f   sfc_debug:sfc_api.obj
 0001:0009d0d0       sfc_api_close              000000018009e0d0 f   sfc_debug:sfc_api.obj
 0001:0009d0e0       sfc_api_browse_data        000000018009e0e0 f   sfc_debug:sfc_api.obj
 0001:0009d160       sfc_api_watch_data         000000018009e160 f   sfc_debug:sfc_api.obj
 0001:0009d270       sfc_api_extract_message_post_receive_info 000000018009e270 f   sfc_debug:sfc_api.obj
 0001:0009d290       sfc_api_assign_data        000000018009e290 f   sfc_debug:sfc_api.obj
 0001:0009d340       sfc_api_whos               000000018009e340 f   sfc_debug:sfc_api.obj
 0001:0009d3d0       sfc_api_get_consistency_info 000000018009e3d0 f   sfc_debug:sfc_api.obj
 0001:0009d3e0       sfc_api_browse_trace       000000018009e3e0 f   sfc_debug:sfc_api.obj
 0001:0009d3f0       sfc_api_break_on_chart_entry 000000018009e3f0 f   sfc_debug:sfc_api.obj
 0001:0009d420       sfc_api_break_on_event_broadcast 000000018009e420 f   sfc_debug:sfc_api.obj
 0001:0009d450       sfc_api_break_on_state_entry 000000018009e450 f   sfc_debug:sfc_api.obj
 0001:0009d480       sfc_api_set_watch          000000018009e480 f   sfc_debug:sfc_api.obj
 0001:0009d530       sfc_api_set_breakpoints    000000018009e530 f   sfc_debug:sfc_api.obj
 0001:0009d5f0       sfc_api_set_eml_breakpoints 000000018009e5f0 f   sfc_debug:sfc_api.obj
 0001:0009d690       sfc_api_set_script_breakpoints 000000018009e690 f   sfc_debug:sfc_api.obj
 0001:0009d6f0       sfc_api_add_script_breakpoints 000000018009e6f0 f   sfc_debug:sfc_api.obj
 0001:0009d750       sfc_api_clear_script_breakpoints 000000018009e750 f   sfc_debug:sfc_api.obj
 0001:0009d7b0       sfc_api_query_script_breakpoints 000000018009e7b0 f   sfc_debug:sfc_api.obj
 0001:0009d820       sfc_api_get_script_id      000000018009e820 f   sfc_debug:sfc_api.obj
 0001:0009d8e0       sfc_api_get_active_states  000000018009e8e0 f   sfc_debug:sfc_api.obj
 0001:0009d970       sfc_api_break_between_times 000000018009e970 f   sfc_debug:sfc_api.obj
 0001:0009d9e0       sfc_api_get_instance_handle 000000018009e9e0 f   sfc_debug:sfc_api.obj
 0001:0009dab0       sfc_api_set_animation      000000018009eab0 f   sfc_debug:sfc_api.obj
 0001:0009db00       sfc_api_select_chart       000000018009eb00 f   sfc_debug:sfc_api.obj
 0001:0009db70       sfc_api_select_charts      000000018009eb70 f   sfc_debug:sfc_api.obj
 0001:0009dba0       sfc_api_cycle_detection_check 000000018009eba0 f   sfc_debug:sfc_api.obj
 0001:0009dbf0       sfc_api_data_range_check   000000018009ebf0 f   sfc_debug:sfc_api.obj
 0001:0009dc40       sfc_api_transition_conflict_check 000000018009ec40 f   sfc_debug:sfc_api.obj
 0001:0009dc90       sfc_api_state_consistency_check 000000018009ec90 f   sfc_debug:sfc_api.obj
 0001:0009dce0       sfc_api_set_instance_cv_ids 000000018009ece0 f   sfc_debug:sfc_api.obj
 0001:0009de10       sfc_api_set_script_cv_ids  000000018009ee10 f   sfc_debug:sfc_api.obj
 0001:0009dee0       sfc_api_get_current_machine_id 000000018009eee0 f   sfc_debug:sfc_api.obj
 0001:0009df10       sfc_api_get_current_machine_number 000000018009ef10 f   sfc_debug:sfc_api.obj
 0001:0009df40       sfc_api_get_current_chart_number 000000018009ef40 f   sfc_debug:sfc_api.obj
 0001:0009df70       sfc_api_get_current_instance_number 000000018009ef70 f   sfc_debug:sfc_api.obj
 0001:0009dfa0       sfc_api_get_current_instance_handle 000000018009efa0 f   sfc_debug:sfc_api.obj
 0001:0009dfc0       sfc_api_get_current_is_minor_time_step 000000018009efc0 f   sfc_debug:sfc_api.obj
 0001:0009dff0       sfc_api_get_current_machine_name 000000018009eff0 f   sfc_debug:sfc_api.obj
 0001:0009e010       sfc_api_get_current_chart_id 000000018009f010 f   sfc_debug:sfc_api.obj
 0001:0009e040       sfc_api_get_current_object_type 000000018009f040 f   sfc_debug:sfc_api.obj
 0001:0009e070       sfc_api_get_current_event_type 000000018009f070 f   sfc_debug:sfc_api.obj
 0001:0009e0a0       sfc_api_get_current_object_id 000000018009f0a0 f   sfc_debug:sfc_api.obj
 0001:0009e0d0       sfc_get_current_active_event_type 000000018009f0d0 f   sfc_debug:sfc_api.obj
 0001:0009e100       sfc_api_get_current_active_event_id 000000018009f100 f   sfc_debug:sfc_api.obj
 0001:0009e130       sfc_api_get_current_simulation_time 000000018009f130 f   sfc_debug:sfc_api.obj
 0001:0009e150       sfc_get_current_tag_type   000000018009f150 f   sfc_debug:sfc_api.obj
 0001:0009e180       sfc_get_current_coverage_percentage 000000018009f180 f   sfc_debug:sfc_api.obj
 0001:0009e1a0       sfc_get_current_statement_context 000000018009f1a0 f   sfc_debug:sfc_api.obj
 0001:0009e1c0       sfc_get_current_optional_integer 000000018009f1c0 f   sfc_debug:sfc_api.obj
 0001:0009e1f0       sfc_get_current_statement_info 000000018009f1f0 f   sfc_debug:sfc_api.obj
 0001:0009e290       sfc_api_get                000000018009f290 f   sfc_debug:sfc_api.obj
 0001:0009eef0       sf_debug_sm_fill_state_activity_data 000000018009fef0 f   sfc_debug:sfdb_animation.obj
 0001:000a1730       void_ptr_stack_vector_free_total 00000001800a2730 f   sfc_debug:sfdb_data_browse.obj
 0001:000a17b0       sf_debug_st_terminate_machine 00000001800a27b0 f   sfc_debug:sfdb_data_browse.obj
 0001:000a17f0       sf_debug_st_terminate_instance 00000001800a27f0 f   sfc_debug:sfdb_data_browse.obj
 0001:000a1ba0       push_on_to_void_ptr_stack  00000001800a2ba0 f   sfc_debug:sfdb_data_browse.obj
 0001:000a1d30       pop_from_void_ptr_stack    00000001800a2d30 f   sfc_debug:sfdb_data_browse.obj
 0001:000a1e60       sf_debug_st_get_data_value 00000001800a2e60 f   sfc_debug:sfdb_data_browse.obj
 0001:000a2390       mx_value                   00000001800a3390 f   sfc_debug:sfdb_data_browse.obj
 0001:000a23d0       sf_debug_st_fill_data_struct 00000001800a33d0 f   sfc_debug:sfdb_data_browse.obj
 0001:000a2710       data_type_format_strings   00000001800a3710 f   sfc_debug:sfdb_data_browse.obj
 0001:000a27c0       sf_debug_st_fill_data      00000001800a37c0 f   sfc_debug:sfdb_data_browse.obj
 0001:000a34b0       sf_debug_hm_get_simulink_handle 00000001800a44b0 f   sfc_debug:sfdb_handle_management.obj
 0001:000a3f60       sf_debug_hm_initialize_globals 00000001800a4f60 f   sfc_debug:sfdb_handle_management.obj
 0001:000a4060       sf_debug_hm_get_machine_debug_flag 00000001800a5060 f   sfc_debug:sfdb_handle_management.obj
 0001:000a41d0       sf_debug_hm_get_machine_id 00000001800a51d0 f   sfc_debug:sfdb_handle_management.obj
 0001:000a42f0       sf_debug_hm_get_chart_id   00000001800a52f0 f   sfc_debug:sfdb_handle_management.obj
 0001:000a4490       sf_debug_hm_register_executing_SFunction 00000001800a5490 f   sfc_debug:sfdb_handle_management.obj
 0001:000a4820       sf_debug_hm_form_object_boolean_properties 00000001800a5820 f   sfc_debug:sfdb_handle_management.obj
 0001:000a4af0       sf_debug_hm_form_object_properties 00000001800a5af0 f   sfc_debug:sfdb_handle_management.obj
 0001:000a4d30       sf_debug_hm_terminate_charts 00000001800a5d30 f   sfc_debug:sfdb_handle_management.obj
 0001:000a5410       sf_debug_hm_terminate_machines 00000001800a6410 f   sfc_debug:sfdb_handle_management.obj
 0001:000a6e80       sf_debug_ss_copy_dimension 00000001800a7e80 f   sfc_debug:sfdb_symbol_scope.obj
 0001:000a6f40       sf_debug_ss_get_number_elements 00000001800a7f40 f   sfc_debug:sfdb_symbol_scope.obj
 0001:000a6f60       sf_debug_ss_fill_data_struct 00000001800a7f60 f   sfc_debug:sfdb_symbol_scope.obj
 0001:000a72b0       sf_debug_ss_reset_data_info 00000001800a82b0 f   sfc_debug:sfdb_symbol_scope.obj
 0001:000a7310       sf_debug_fill_data_info_by_symbol_scope_entry 00000001800a8310 f   sfc_debug:sfdb_symbol_scope.obj
 0001:000a73d0       sf_debug_fill_data_info_by_data_vector 00000001800a83d0 f   sfc_debug:sfdb_symbol_scope.obj
 0001:000a7620       get_data_info_helper       00000001800a8620 f   sfc_debug:sfdb_symbol_scope.obj
 0001:000a7910       sf_debug_ss_get_data_info  00000001800a8910 f   sfc_debug:sfdb_symbol_scope.obj
 0001:000a7b30       sf_debug_select_mex_function 00000001800a8b30 f   sfc_debug:sfdb_symbol_scope.obj
 0001:000a7b60       sf_debug_is_dyn_matrix_initialized 00000001800a8b60 f   sfc_debug:sfdb_symbol_scope.obj
 0001:000a7b80       sf_debug_ss_set_data_value_try 00000001800a8b80 f   sfc_debug:sfdb_symbol_scope.obj
 0001:000a7d70       sf_debug_ss_get_data_value 00000001800a8d70 f   sfc_debug:sfdb_symbol_scope.obj
 0001:000a84d0       sf_debug_ss_data_bytes_string 00000001800a94d0 f   sfc_debug:sfdb_symbol_scope.obj
 0001:000a8560       sf_debug_ss_data_class_string 00000001800a9560 f   sfc_debug:sfdb_symbol_scope.obj
 0001:000a88e0       sf_debug_ss_data_size_string 00000001800a98e0 f   sfc_debug:sfdb_symbol_scope.obj
 0001:000a89c0       sf_debug_ss_data_create_data_info_struct 00000001800a99c0 f   sfc_debug:sfdb_symbol_scope.obj
 0001:000a8c70       sf_debug_ss_data_create_name_value_pair 00000001800a9c70 f   sfc_debug:sfdb_symbol_scope.obj
 0001:000a8d10       sf_debug_ss_data_get_whos_info 00000001800a9d10 f   sfc_debug:sfdb_symbol_scope.obj
 0001:000a8d20       same_named_data_in_data_array 00000001800a9d20 f   sfc_debug:sfdb_symbol_scope.obj
 0001:000aa4b0       sf_debug_cc_terminate_chart 00000001800ab4b0 f   sfc_debug:sfdb_coverage.obj
 0001:000aa7c0       sf_debug_cc_terminate_instance 00000001800ab7c0 f   sfc_debug:sfdb_coverage.obj
 0001:000ab390       sf_debug_cc_mark_object_if_needed 00000001800ac390 f   sfc_debug:sfdb_coverage.obj
 0001:000abc10       sf_debug_bm_initialize_eml 00000001800acc10 f   sfc_debug:sfdb_breakpoints.obj
 0001:000accd0       sf_debug_bm_map_debug_tag_to_breakpoint_tag 00000001800adcd0 f   sfc_debug:sfdb_breakpoints.obj
 0001:000acdb0       sf_debug_bm_is_a_eml_breakpoint_impl 00000001800addb0 f   sfc_debug:sfdb_breakpoints.obj
 0001:000ae6e0       sf_debug_sc_push_on_error_stack 00000001800af6e0 f   sfc_debug:sfdb_state_consistency.obj
 0001:000ae800       sf_debug_sc_reset_error_stack 00000001800af800 f   sfc_debug:sfdb_state_consistency.obj
 0001:000ae990       sf_debug_sc_is_state_inconsistent 00000001800af990 f   sfc_debug:sfdb_state_consistency.obj
 0001:000aec80       sf_debug_sc_fill_consistency_info 00000001800afc80 f   sfc_debug:sfdb_state_consistency.obj
 0001:000af220       void_assertion_fcn         00000001800b0220 f   sfc_debug:sfdb_call_stack.obj
 0001:000af770       sf_debug_tm_fill_local_trace 00000001800b0770 f   sfc_debug:sfdb_call_stack.obj
 0001:000afd10       sf_debug_cd_terminate_instance 00000001800b0d10 f   sfc_debug:sfdb_cycle_detection.obj
 0001:000afd70       sf_debug_cd_free_checksum_stack 00000001800b0d70 f   sfc_debug:sfdb_cycle_detection.obj
 0001:000afdc0       sf_debug_cd_reset_pack_strings 00000001800b0dc0 f   sfc_debug:sfdb_cycle_detection.obj
 0001:000b0460       md5file_clear              00000001800b1460 f   sfc_debug:ckmd5.obj
 0001:000b0490       Encode                     00000001800b1490 f   sfc_debug:ckmd5.obj
 0001:000b04e0       Decode                     00000001800b14e0 f   sfc_debug:ckmd5.obj
 0001:000b0580       MD5Transform               00000001800b1580 f   sfc_debug:ckmd5.obj
 0001:000b0de0       md5file_addn               00000001800b1de0 f   sfc_debug:ckmd5.obj
 0001:000b0eb0       md5file_hash               00000001800b1eb0 f   sfc_debug:ckmd5.obj
 0001:000b1434       pre_c_init                 00000001800b2434 f   MSVCRT:crtdll.obj
 0001:000b16f0       __DllMainCRTStartup        00000001800b26f0 f   MSVCRT:crtdll.obj
 0001:000b1d80       __DllMainCRTStartup$filt$0 00000001800b2d80 f   MSVCRT:crtdll.obj
 0001:000b1db0       __DllMainCRTStartup$fin$1  00000001800b2db0 f   MSVCRT:crtdll.obj
 0001:000b1dca       _onexit$fin$0              00000001800b2dca f   MSVCRT:atonexit.obj
 0001:000b1df0       _IsNonwritableInCurrentImage$filt$0 00000001800b2df0 f   MSVCRT:pesect.obj
