Archive member included because of file (symbol)

c:/program files (x86)/atollic/truestudio for arm lite 5.2.2/armtools/bin/../lib/gcc/arm-atollic-eabi/4.8.3/../../../../arm-atollic-eabi/lib/armv7e-m/softfp\libc.a(lib_a-init.o)
                              src\startup_stm32f4xx.o (__libc_init_array)
c:/program files (x86)/atollic/truestudio for arm lite 5.2.2/armtools/bin/../lib/gcc/arm-atollic-eabi/4.8.3/../../../../arm-atollic-eabi/lib/armv7e-m/softfp\libc.a(lib_a-memcpy-stub.o)
                              src\FreeRTOS\queue.o (memcpy)
c:/program files (x86)/atollic/truestudio for arm lite 5.2.2/armtools/bin/../lib/gcc/arm-atollic-eabi/4.8.3/../../../../arm-atollic-eabi/lib/armv7e-m/softfp\libc.a(lib_a-memset.o)
                              src\FreeRTOS\tasks.o (memset)
c:/program files (x86)/atollic/truestudio for arm lite 5.2.2/armtools/bin/../lib/gcc/arm-atollic-eabi/4.8.3/../../../../arm-atollic-eabi/lib/armv7e-m/softfp\libc.a(lib_a-sprintf.o)
                              src\FreeRTOS\tasks.o (sprintf)
c:/program files (x86)/atollic/truestudio for arm lite 5.2.2/armtools/bin/../lib/gcc/arm-atollic-eabi/4.8.3/../../../../arm-atollic-eabi/lib/armv7e-m/softfp\libc.a(lib_a-strcat.o)
                              src\FreeRTOS\tasks.o (strcat)
c:/program files (x86)/atollic/truestudio for arm lite 5.2.2/armtools/bin/../lib/gcc/arm-atollic-eabi/4.8.3/../../../../arm-atollic-eabi/lib/armv7e-m/softfp\libc.a(lib_a-strlen.o)
                              src\FreeRTOS\tasks.o (strlen)
c:/program files (x86)/atollic/truestudio for arm lite 5.2.2/armtools/bin/../lib/gcc/arm-atollic-eabi/4.8.3/../../../../arm-atollic-eabi/lib/armv7e-m/softfp\libc.a(lib_a-strncpy.o)
                              src\FreeRTOS\tasks.o (strncpy)
c:/program files (x86)/atollic/truestudio for arm lite 5.2.2/armtools/bin/../lib/gcc/arm-atollic-eabi/4.8.3/../../../../arm-atollic-eabi/lib/armv7e-m/softfp\libc.a(lib_a-svfprintf.o)
                              c:/program files (x86)/atollic/truestudio for arm lite 5.2.2/armtools/bin/../lib/gcc/arm-atollic-eabi/4.8.3/../../../../arm-atollic-eabi/lib/armv7e-m/softfp\libc.a(lib_a-sprintf.o) (_svfprintf_r)
c:/program files (x86)/atollic/truestudio for arm lite 5.2.2/armtools/bin/../lib/gcc/arm-atollic-eabi/4.8.3/../../../../arm-atollic-eabi/lib/armv7e-m/softfp\libc.a(lib_a-dtoa.o)
                              c:/program files (x86)/atollic/truestudio for arm lite 5.2.2/armtools/bin/../lib/gcc/arm-atollic-eabi/4.8.3/../../../../arm-atollic-eabi/lib/armv7e-m/softfp\libc.a(lib_a-svfprintf.o) (_dtoa_r)
c:/program files (x86)/atollic/truestudio for arm lite 5.2.2/armtools/bin/../lib/gcc/arm-atollic-eabi/4.8.3/../../../../arm-atollic-eabi/lib/armv7e-m/softfp\libc.a(lib_a-impure.o)
                              c:/program files (x86)/atollic/truestudio for arm lite 5.2.2/armtools/bin/../lib/gcc/arm-atollic-eabi/4.8.3/../../../../arm-atollic-eabi/lib/armv7e-m/softfp\libc.a(lib_a-sprintf.o) (_impure_ptr)
c:/program files (x86)/atollic/truestudio for arm lite 5.2.2/armtools/bin/../lib/gcc/arm-atollic-eabi/4.8.3/../../../../arm-atollic-eabi/lib/armv7e-m/softfp\libc.a(lib_a-locale.o)
                              c:/program files (x86)/atollic/truestudio for arm lite 5.2.2/armtools/bin/../lib/gcc/arm-atollic-eabi/4.8.3/../../../../arm-atollic-eabi/lib/armv7e-m/softfp\libc.a(lib_a-svfprintf.o) (_localeconv_r)
c:/program files (x86)/atollic/truestudio for arm lite 5.2.2/armtools/bin/../lib/gcc/arm-atollic-eabi/4.8.3/../../../../arm-atollic-eabi/lib/armv7e-m/softfp\libc.a(lib_a-malloc.o)
                              c:/program files (x86)/atollic/truestudio for arm lite 5.2.2/armtools/bin/../lib/gcc/arm-atollic-eabi/4.8.3/../../../../arm-atollic-eabi/lib/armv7e-m/softfp\libc.a(lib_a-dtoa.o) (malloc)
c:/program files (x86)/atollic/truestudio for arm lite 5.2.2/armtools/bin/../lib/gcc/arm-atollic-eabi/4.8.3/../../../../arm-atollic-eabi/lib/armv7e-m/softfp\libc.a(lib_a-mallocr.o)
                              c:/program files (x86)/atollic/truestudio for arm lite 5.2.2/armtools/bin/../lib/gcc/arm-atollic-eabi/4.8.3/../../../../arm-atollic-eabi/lib/armv7e-m/softfp\libc.a(lib_a-svfprintf.o) (_malloc_r)
c:/program files (x86)/atollic/truestudio for arm lite 5.2.2/armtools/bin/../lib/gcc/arm-atollic-eabi/4.8.3/../../../../arm-atollic-eabi/lib/armv7e-m/softfp\libc.a(lib_a-memchr-stub.o)
                              c:/program files (x86)/atollic/truestudio for arm lite 5.2.2/armtools/bin/../lib/gcc/arm-atollic-eabi/4.8.3/../../../../arm-atollic-eabi/lib/armv7e-m/softfp\libc.a(lib_a-svfprintf.o) (memchr)
c:/program files (x86)/atollic/truestudio for arm lite 5.2.2/armtools/bin/../lib/gcc/arm-atollic-eabi/4.8.3/../../../../arm-atollic-eabi/lib/armv7e-m/softfp\libc.a(lib_a-mlock.o)
[...]
Memory Configuration

Name             Origin             Length             Attributes
FLASH            0x08000000         0x00100000         xr
RAM              0x20000000         0x00020000         xrw
MEMORY_B1        0x60000000         0x00000000         xr
*default*        0x00000000         0xffffffff

Linker script and memory map

LOAD c:/program files (x86)/atollic/truestudio for arm lite 5.2.2/armtools/bin/../lib/gcc/arm-atollic-eabi/4.8.3/armv7e-m/softfp/crti.o
LOAD c:/program files (x86)/atollic/truestudio for arm lite 5.2.2/armtools/bin/../lib/gcc/arm-atollic-eabi/4.8.3/armv7e-m/softfp/crtbegin.o
LOAD src\vSensorTask.o
LOAD src\vComsTask.o
LOAD src\utils.o
LOAD src\system_stm32f4xx.o
LOAD src\stm32f4xx_it.o
LOAD src\stm32f4_discovery_lis302dl.o
LOAD src\startup_stm32f4xx.o
LOAD src\serial_terminal.o
LOAD src\mems.o
LOAD src\main.o
LOAD src\hardwareSetup.o
LOAD src\adcCurrent.o
LOAD src\XBEE.o
LOAD src\SPIcomms.o
LOAD src\FreeRTOS\timers.o
LOAD src\FreeRTOS\tasks.o
LOAD src\FreeRTOS\queue.o
LOAD src\FreeRTOS\portable\MemMang\heap_1.o
LOAD src\FreeRTOS\portable\GCC\ARM_CM4F\port.o
LOAD src\FreeRTOS\list.o
LOAD src\FreeRTOS\croutine.o
LOAD src\CRC.o
LOAD Libraries\STM32F4xx_StdPeriph_Driver\src\stm32f4xx_wwdg.o
LOAD Libraries\STM32F4xx_StdPeriph_Driver\src\stm32f4xx_usart.o
LOAD Libraries\STM32F4xx_StdPeriph_Driver\src\stm32f4xx_tim.o
LOAD Libraries\STM32F4xx_StdPeriph_Driver\src\stm32f4xx_syscfg.o
LOAD Libraries\STM32F4xx_StdPeriph_Driver\src\stm32f4xx_spi.o
LOAD Libraries\STM32F4xx_StdPeriph_Driver\src\stm32f4xx_sdio.o
LOAD Libraries\STM32F4xx_StdPeriph_Driver\src\stm32f4xx_rtc.o
LOAD Libraries\STM32F4xx_StdPeriph_Driver\src\stm32f4xx_rng.o
LOAD Libraries\STM32F4xx_StdPeriph_Driver\src\stm32f4xx_rcc.o
LOAD Libraries\STM32F4xx_StdPeriph_Driver\src\stm32f4xx_pwr.o
LOAD Libraries\STM32F4xx_StdPeriph_Driver\src\stm32f4xx_iwdg.o
LOAD Libraries\STM32F4xx_StdPeriph_Driver\src\stm32f4xx_i2c.o
LOAD Libraries\STM32F4xx_StdPeriph_Driver\src\stm32f4xx_hash_sha1.o
LOAD Libraries\STM32F4xx_StdPeriph_Driver\src\stm32f4xx_hash_md5.o
LOAD Libraries\STM32F4xx_StdPeriph_Driver\src\stm32f4xx_hash.o
LOAD Libraries\STM32F4xx_StdPeriph_Driver\src\stm32f4xx_gpio.o
LOAD Libraries\STM32F4xx_StdPeriph_Driver\src\stm32f4xx_fsmc.o
LOAD Libraries\STM32F4xx_StdPeriph_Driver\src\stm32f4xx_flash.o
LOAD Libraries\STM32F4xx_StdPeriph_Driver\src\stm32f4xx_exti.o
LOAD Libraries\STM32F4xx_StdPeriph_Driver\src\stm32f4xx_dma.o
LOAD Libraries\STM32F4xx_StdPeriph_Driver\src\stm32f4xx_dcmi.o
LOAD Libraries\STM32F4xx_StdPeriph_Driver\src\stm32f4xx_dbgmcu.o
LOAD Libraries\STM32F4xx_StdPeriph_Driver\src\stm32f4xx_dac.o
LOAD Libraries\STM32F4xx_StdPeriph_Driver\src\stm32f4xx_cryp_tdes.o
LOAD Libraries\STM32F4xx_StdPeriph_Driver\src\stm32f4xx_cryp_des.o
LOAD Libraries\STM32F4xx_StdPeriph_Driver\src\stm32f4xx_cryp_aes.o
LOAD Libraries\STM32F4xx_StdPeriph_Driver\src\stm32f4xx_cryp.o
LOAD Libraries\STM32F4xx_StdPeriph_Driver\src\stm32f4xx_crc.o
LOAD Libraries\STM32F4xx_StdPeriph_Driver\src\stm32f4xx_can.o
LOAD Libraries\STM32F4xx_StdPeriph_Driver\src\stm32f4xx_adc.o
LOAD Libraries\STM32F4xx_StdPeriph_Driver\src\stm32f4_discovery.o
LOAD Libraries\STM32F4xx_StdPeriph_Driver\src\misc.o
LOAD c:/program files (x86)/atollic/truestudio for arm lite 5.2.2/armtools/bin/../lib/gcc/arm-atollic-eabi/4.8.3/../../../../arm-atollic-eabi/lib/armv7e-m/softfp\libm.a
START GROUP
LOAD c:/program files (x86)/atollic/truestudio for arm lite 5.2.2/armtools/bin/../lib/gcc/arm-atollic-eabi/4.8.3/../../../../arm-atollic-eabi/lib/armv7e-m/softfp\libc.a
LOAD c:/program files (x86)/atollic/truestudio for arm lite 5.2.2/armtools/bin/../lib/gcc/arm-atollic-eabi/4.8.3/../../../../arm-atollic-eabi/lib/armv7e-m/softfp\libm.a
END GROUP
                0x00001000                malloc_getpagesize_P = 0x1000
START GROUP
LOAD c:/program files (x86)/atollic/truestudio for arm lite 5.2.2/armtools/bin/../lib/gcc/arm-atollic-eabi/4.8.3/armv7e-m/softfp\libgcc.a
LOAD c:/program files (x86)/atollic/truestudio for arm lite 5.2.2/armtools/bin/../lib/gcc/arm-atollic-eabi/4.8.3/../../../../arm-atollic-eabi/lib/armv7e-m/softfp\libc.a
END GROUP
LOAD c:/program files (x86)/atollic/truestudio for arm lite 5.2.2/armtools/bin/../lib/gcc/arm-atollic-eabi/4.8.3/armv7e-m/softfp/crtend.o
LOAD c:/program files (x86)/atollic/truestudio for arm lite 5.2.2/armtools/bin/../lib/gcc/arm-atollic-eabi/4.8.3/armv7e-m/softfp/crtn.o
                0x20020000                _estack = 0x20020000
                0x00000000                _Min_Heap_Size = 0x0
                0x00000400                _Min_Stack_Size = 0x400

.isr_vector     0x08000000      0x188
                0x08000000                . = ALIGN (0x4)
 *(.isr_vector)
 .isr_vector    0x08000000      0x188 src\startup_stm32f4xx.o
                0x08000000                g_pfnVectors
                0x08000188                . = ALIGN (0x4)

.text           0x08000188     0x5190
                0x08000188                . = ALIGN (0x4)
 *(.text)
 .text          0x08000188       0x40 c:/program files (x86)/atollic/truestudio for arm lite 5.2.2/armtools/bin/../lib/gcc/arm-atollic-eabi/4.8.3/armv7e-m/softfp/crtbegin.o
 *(.text*)
 .text.vSensorTask
                0x080001c8      0x62c src\vSensorTask.o
                0x080001c8                vSensorTask
 .text.vCommsTask
                0x080007f4      0x11c src\vComsTask.o
                0x080007f4                vCommsTask
 .text.SystemInit
                0x08000910       0x58 src\system_stm32f4xx.o
                0x08000910                SystemInit
 .text.SetSysClock
                0x08000968       0xf4 src\system_stm32f4xx.o
 .text.EXTI0_IRQHandler
                0x08000a5c      0x110 src\stm32f4xx_it.o
                0x08000a5c                EXTI0_IRQHandler
 .text.DMA2_Stream6_IRQHandler
                0x08000b6c       0x40 src\stm32f4xx_it.o
                0x08000b6c                DMA2_Stream6_IRQHandler
 .text.NMI_Handler
                0x08000bac        0xc src\stm32f4xx_it.o
                0x08000bac                NMI_Handler
 .text.HardFault_Handler
                0x08000bb8        0x8 src\stm32f4xx_it.o
                0x08000bb8                HardFault_Handler
 .text.MemManage_Handler
                0x08000bc0        0x8 src\stm32f4xx_it.o
                0x08000bc0                MemManage_Handler
 .text.BusFault_Handler
                0x08000bc8        0x8 src\stm32f4xx_it.o
                0x08000bc8                BusFault_Handler
 .text.UsageFault_Handler
                0x08000bd0        0x8 src\stm32f4xx_it.o
                0x08000bd0                UsageFault_Handler
 .text.DebugMon_Handler
                0x08000bd8        0xc src\stm32f4xx_it.o
                0x08000bd8                DebugMon_Handler
 .text.Reset_Handler
                0x08000be4       0x60 src\startup_stm32f4xx.o
                0x08000be4                Reset_Handler
 .text.Default_Handler
                0x08000c44        0x4 src\startup_stm32f4xx.o
                0x08000c44                RTC_Alarm_IRQHandler
                0x08000c44                HASH_RNG_IRQHandler
                0x08000c44                EXTI2_IRQHandler
                0x08000c44                TIM8_CC_IRQHandler
                0x08000c44                TIM1_CC_IRQHandler
                0x08000c44                DMA2_Stream5_IRQHandler
                0x08000c44                DMA1_Stream5_IRQHandler
                0x08000c44                PVD_IRQHandler
                0x08000c44                SDIO_IRQHandler
                0x08000c44                TAMP_STAMP_IRQHandler
                0x08000c44                CAN2_RX1_IRQHandler
                0x08000c44                EXTI3_IRQHandler
                0x08000c44                TIM8_TRG_COM_TIM14_IRQHandler
                0x08000c44                TIM1_UP_TIM10_IRQHandler
                0x08000c44                TIM8_UP_TIM13_IRQHandler
                0x08000c44                I2C3_ER_IRQHandler
                0x08000c44                I2C2_EV_IRQHandler
                0x08000c44                DMA1_Stream2_IRQHandler
                0x08000c44                CAN1_RX0_IRQHandler
                0x08000c44                FPU_IRQHandler
                0x08000c44                OTG_HS_WKUP_IRQHandler
                0x08000c44                CAN2_SCE_IRQHandler
                0x08000c44                SPI1_IRQHandler
                0x08000c44                TIM6_DAC_IRQHandler
                0x08000c44                TIM1_BRK_TIM9_IRQHandler
                0x08000c44                DCMI_IRQHandler
                0x08000c44                CAN2_RX0_IRQHandler
                0x08000c44                DMA2_Stream3_IRQHandler
                0x08000c44                USART6_IRQHandler
                0x08000c44                USART3_IRQHandler
                0x08000c44                CRYP_IRQHandler
                0x08000c44                CAN1_RX1_IRQHandler
                0x08000c44                UART5_IRQHandler
                0x08000c44                DMA2_Stream0_IRQHandler
                0x08000c44                TIM4_IRQHandler
                0x08000c44                I2C1_EV_IRQHandler
                0x08000c44                DMA1_Stream6_IRQHandler
                0x08000c44                DMA1_Stream1_IRQHandler
                0x08000c44                UART4_IRQHandler
                0x08000c44                TIM3_IRQHandler
                0x08000c44                RCC_IRQHandler
                0x08000c44                TIM8_BRK_TIM12_IRQHandler
                0x08000c44                Default_Handler
                0x08000c44                EXTI15_10_IRQHandler
                0x08000c44                ADC_IRQHandler
                0x08000c44                DMA1_Stream7_IRQHandler
                0x08000c44                TIM7_IRQHandler
                0x08000c44                CAN2_TX_IRQHandler
                0x08000c44                TIM5_IRQHandler
                0x08000c44                DMA2_Stream7_IRQHandler
                0x08000c44                I2C3_EV_IRQHandler
                0x08000c44                EXTI9_5_IRQHandler
                0x08000c44                RTC_WKUP_IRQHandler
                0x08000c44                ETH_WKUP_IRQHandler
                0x08000c44                SPI2_IRQHandler
                0x08000c44                OTG_HS_EP1_IN_IRQHandler
                0x08000c44                DMA1_Stream0_IRQHandler
                0x08000c44                CAN1_TX_IRQHandler
                0x08000c44                EXTI4_IRQHandler
                0x08000c44                FSMC_IRQHandler
                0x08000c44                ETH_IRQHandler
                0x08000c44                OTG_HS_EP1_OUT_IRQHandler
                0x08000c44                WWDG_IRQHandler
                0x08000c44                TIM2_IRQHandler
                0x08000c44                OTG_FS_WKUP_IRQHandler
                0x08000c44                TIM1_TRG_COM_TIM11_IRQHandler
                0x08000c44                OTG_HS_IRQHandler
                0x08000c44                EXTI1_IRQHandler
                0x08000c44                USART2_IRQHandler
                0x08000c44                I2C2_ER_IRQHandler
                0x08000c44                DMA2_Stream1_IRQHandler
                0x08000c44                CAN1_SCE_IRQHandler
                0x08000c44                FLASH_IRQHandler
                0x08000c44                DMA2_Stream4_IRQHandler
                0x08000c44                USART1_IRQHandler
                0x08000c44                OTG_FS_IRQHandler
                0x08000c44                SPI3_IRQHandler
                0x08000c44                DMA1_Stream4_IRQHandler
                0x08000c44                I2C1_ER_IRQHandler
                0x08000c44                DMA1_Stream3_IRQHandler
 .text.serialTerminal_Init
                0x08000c48        0xc src\serial_terminal.o
                0x08000c48                serialTerminal_Init
 .text.serialTerminal_packetize
                0x08000c54      0x514 src\serial_terminal.o
                0x08000c54                serialTerminal_packetize
 .text.main     0x08001168       0xc4 src\main.o
                0x08001168                main
 .text.vApplicationTickHook
                0x0800122c       0x24 src\main.o
                0x0800122c                vApplicationTickHook
 .text.vApplicationIdleHook
                0x08001250       0x24 src\main.o
                0x08001250                vApplicationIdleHook
 .text.vApplicationMallocFailedHook
                0x08001274       0x10 src\main.o
                0x08001274                vApplicationMallocFailedHook
 .text.setupCommsHardware
                0x08001284       0x98 src\hardwareSetup.o
                0x08001284                setupCommsHardware
 .text.comms_dma_init
                0x0800131c       0xd0 src\hardwareSetup.o
                0x0800131c                comms_dma_init
 .text.setupADC
                0x080013ec       0x80 src\adcCurrent.o
                0x080013ec                setupADC
 .text.adc_convert
                0x0800146c       0x2c src\adcCurrent.o
                0x0800146c                adc_convert
 .text.setupCollarInemo
                0x08001498       0xb0 src\XBEE.o
                0x08001498                setupCollarInemo
 .text.s1_dma_init
                0x08001548       0xb0 src\XBEE.o
                0x08001548                s1_dma_init
 .text.DMA2_Stream2_IRQHandler
                0x080015f8       0x20 src\XBEE.o
                0x080015f8                DMA2_Stream2_IRQHandler
 .text.initSPI  0x08001618      0x130 src\SPIcomms.o
                0x08001618                initSPI
 .text.setUpRegisters
                0x08001748      0x108 src\SPIcomms.o
                0x08001748                setUpRegisters
 .text.chipEnable
                0x08001850       0x14 src\SPIcomms.o
                0x08001850                chipEnable
 .text.chipDisable
                0x08001864       0x14 src\SPIcomms.o
                0x08001864                chipDisable
 .text.chipSelect
                0x08001878       0x14 src\SPIcomms.o
                0x08001878                chipSelect
 .text.chipDeSelect
                0x0800188c       0x14 src\SPIcomms.o
                0x0800188c                chipDeSelect
 .text.delay100ms
                0x080018a0      0x354 src\SPIcomms.o
                0x080018a0                delay100ms
 .text.delay130micro
                0x08001bf4       0x5c src\SPIcomms.o
                0x08001bf4                delay130micro
 .text.delay10micro
                0x08001c50       0x44 src\SPIcomms.o
                0x08001c50                delay10micro
 .text.writeSPIcomms
                0x08001c94       0x8c src\SPIcomms.o
                0x08001c94                writeSPIcomms
 .text.setADDR  0x08001d20      0x164 src\SPIcomms.o
                0x08001d20                setADDR
 .text.sendRequest
                0x08001e84       0x90 src\SPIcomms.o
                0x08001e84                sendRequest
 .text.readPacket
                0x08001f14       0xb0 src\SPIcomms.o
                0x08001f14                readPacket
 .text.flushTX  0x08001fc4       0x54 src\SPIcomms.o
                0x08001fc4                flushTX
 .text.flushRX  0x08002018       0x54 src\SPIcomms.o
                0x08002018                flushRX
 .text.xTimerCreateTimerTask
                0x0800206c       0x5c src\FreeRTOS\timers.o
                0x0800206c                xTimerCreateTimerTask
 .text.xTimerGenericCommand
                0x080020c8       0x8c src\FreeRTOS\timers.o
                0x080020c8                xTimerGenericCommand
 .text.prvProcessExpiredTimer
                0x08002154       0x74 src\FreeRTOS\timers.o
 .text.prvTimerTask
                0x080021c8       0x24 src\FreeRTOS\timers.o
 .text.prvProcessTimerOrBlockTask
                0x080021ec       0x6c src\FreeRTOS\timers.o
 .text.prvGetNextExpireTime
                0x08002258       0x48 src\FreeRTOS\timers.o
 .text.prvSampleTimeNow
                0x080022a0       0x44 src\FreeRTOS\timers.o
 .text.prvInsertTimerInActiveList
                0x080022e4       0x84 src\FreeRTOS\timers.o
 .text.prvProcessReceivedCommands
                0x08002368      0x100 src\FreeRTOS\timers.o
 .text.prvSwitchTimerLists
                0x08002468       0xb8 src\FreeRTOS\timers.o
 .text.prvCheckForValidListAndQueue
                0x08002520       0x54 src\FreeRTOS\timers.o
 .text.xTaskGenericCreate
                0x08002574      0x18c src\FreeRTOS\tasks.o
                0x08002574                xTaskGenericCreate
 .text.vTaskDelayUntil
                0x08002700       0xb8 src\FreeRTOS\tasks.o
                0x08002700                vTaskDelayUntil
 .text.vTaskStartScheduler
                0x080027b8       0x74 src\FreeRTOS\tasks.o
                0x080027b8                vTaskStartScheduler
 .text.vTaskSuspendAll
                0x0800282c       0x1c src\FreeRTOS\tasks.o
                0x0800282c                vTaskSuspendAll
 .text.xTaskResumeAll
                0x08002848      0x108 src\FreeRTOS\tasks.o
                0x08002848                xTaskResumeAll
 .text.xTaskGetTickCount
                0x08002950       0x24 src\FreeRTOS\tasks.o
                0x08002950                xTaskGetTickCount
 .text.vTaskIncrementTick
                0x08002974      0x150 src\FreeRTOS\tasks.o
                0x08002974                vTaskIncrementTick
 .text.vTaskSwitchContext
                0x08002ac4       0xa4 src\FreeRTOS\tasks.o
                0x08002ac4                vTaskSwitchContext
 .text.vTaskPlaceOnEventList
                0x08002b68       0x70 src\FreeRTOS\tasks.o
                0x08002b68                vTaskPlaceOnEventList
 .text.vTaskPlaceOnEventListRestricted
                0x08002bd8       0x54 src\FreeRTOS\tasks.o
                0x08002bd8                vTaskPlaceOnEventListRestricted
 .text.xTaskRemoveFromEventList
                0x08002c2c       0xb0 src\FreeRTOS\tasks.o
                0x08002c2c                xTaskRemoveFromEventList
 .text.vTaskSetTimeOutState
                0x08002cdc       0x3c src\FreeRTOS\tasks.o
                0x08002cdc                vTaskSetTimeOutState
 .text.xTaskCheckForTimeOut
                0x08002d18       0xa8 src\FreeRTOS\tasks.o
                0x08002d18                xTaskCheckForTimeOut
 .text.vTaskMissedYield
                0x08002dc0       0x18 src\FreeRTOS\tasks.o
                0x08002dc0                vTaskMissedYield
 .text.prvIdleTask
                0x08002dd8       0x24 src\FreeRTOS\tasks.o
 .text.prvInitialiseTCBVariables
                0x08002dfc       0x6c src\FreeRTOS\tasks.o
 .text.prvInitialiseTaskLists
                0x08002e68       0x7c src\FreeRTOS\tasks.o
 .text.prvCheckTasksWaitingTermination
                0x08002ee4       0x74 src\FreeRTOS\tasks.o
 .text.prvAddCurrentTaskToDelayedList
                0x08002f58       0x6c src\FreeRTOS\tasks.o
 .text.prvAllocateTCBAndStack
                0x08002fc4       0x64 src\FreeRTOS\tasks.o
 .text.prvDeleteTCB
                0x08003028       0x20 src\FreeRTOS\tasks.o
 .text.xTaskGetCurrentTaskHandle
                0x08003048       0x20 src\FreeRTOS\tasks.o
                0x08003048                xTaskGetCurrentTaskHandle
 .text.xTaskGetSchedulerState
                0x08003068       0x3c src\FreeRTOS\tasks.o
                0x08003068                xTaskGetSchedulerState
 .text.vTaskPriorityInherit
                0x080030a4       0xb4 src\FreeRTOS\tasks.o
                0x080030a4                vTaskPriorityInherit
 .text.vTaskPriorityDisinherit
                0x08003158       0x7c src\FreeRTOS\tasks.o
                0x08003158                vTaskPriorityDisinherit
 .text.xQueueGenericCreate
                0x080031d4       0xd8 src\FreeRTOS\queue.o
                0x080031d4                xQueueGenericCreate
 .text.xQueueCreateMutex
                0x080032ac       0x94 src\FreeRTOS\queue.o
                0x080032ac                xQueueCreateMutex
 .text.xQueueGenericSend
                0x08003340      0x140 src\FreeRTOS\queue.o
                0x08003340                xQueueGenericSend
 .text.xQueueGenericSendFromISR
                0x08003480       0xc4 src\FreeRTOS\queue.o
                0x08003480                xQueueGenericSendFromISR
 .text.xQueueGenericReceive
                0x08003544      0x1a0 src\FreeRTOS\queue.o
                0x08003544                xQueueGenericReceive
 .text.prvCopyDataToQueue
                0x080036e4       0xb8 src\FreeRTOS\queue.o
 .text.prvCopyDataFromQueue
                0x0800379c       0x4c src\FreeRTOS\queue.o
 .text.prvUnlockQueue
                0x080037e8       0x98 src\FreeRTOS\queue.o
 .text.prvIsQueueEmpty
                0x08003880       0x2c src\FreeRTOS\queue.o
 .text.prvIsQueueFull
                0x080038ac       0x30 src\FreeRTOS\queue.o
 .text.vQueueWaitForMessageRestricted
                0x080038dc       0x54 src\FreeRTOS\queue.o
                0x080038dc                vQueueWaitForMessageRestricted
 .text.pvPortMalloc
                0x08003930       0x78 src\FreeRTOS\portable\MemMang\heap_1.o
                0x08003930                pvPortMalloc
 .text.vPortFree
                0x080039a8       0x14 src\FreeRTOS\portable\MemMang\heap_1.o
                0x080039a8                vPortFree
 .text.pxPortInitialiseStack
                0x080039bc       0x5c src\FreeRTOS\portable\GCC\ARM_CM4F\port.o
                0x080039bc                pxPortInitialiseStack
 .text.SVC_Handler
                0x08003a18       0x20 src\FreeRTOS\portable\GCC\ARM_CM4F\port.o
                0x08003a18                SVC_Handler
 .text.vPortStartFirstTask
                0x08003a38       0x14 src\FreeRTOS\portable\GCC\ARM_CM4F\port.o
                0x08003a38                vPortStartFirstTask
 .text.xPortStartScheduler
                0x08003a4c       0x38 src\FreeRTOS\portable\GCC\ARM_CM4F\port.o
                0x08003a4c                xPortStartScheduler
 .text.vPortYieldFromISR
                0x08003a84       0x18 src\FreeRTOS\portable\GCC\ARM_CM4F\port.o
                0x08003a84                vPortYieldFromISR
 .text.vPortEnterCritical
                0x08003a9c       0x24 src\FreeRTOS\portable\GCC\ARM_CM4F\port.o
                0x08003a9c                vPortEnterCritical
 .text.vPortExitCritical
                0x08003ac0       0x2c src\FreeRTOS\portable\GCC\ARM_CM4F\port.o
                0x08003ac0                vPortExitCritical
 .text.PendSV_Handler
                0x08003aec       0x58 src\FreeRTOS\portable\GCC\ARM_CM4F\port.o
                0x08003aec                PendSV_Handler
 .text.SysTick_Handler
                0x08003b44       0x30 src\FreeRTOS\portable\GCC\ARM_CM4F\port.o
                0x08003b44                SysTick_Handler
 .text.prvSetupTimerInterrupt
                0x08003b74       0x24 src\FreeRTOS\portable\GCC\ARM_CM4F\port.o
 .text.vListInitialise
                0x08003b98       0x40 src\FreeRTOS\list.o
                0x08003b98                vListInitialise
 .text.vListInitialiseItem
                0x08003bd8       0x18 src\FreeRTOS\list.o
                0x08003bd8                vListInitialiseItem
 .text.vListInsertEnd
                0x08003bf0       0x50 src\FreeRTOS\list.o
                0x08003bf0                vListInsertEnd
 .text.vListInsert
                0x08003c40       0x70 src\FreeRTOS\list.o
                0x08003c40                vListInsert
 .text.vListRemove
                0x08003cb0       0x50 src\FreeRTOS\list.o
                0x08003cb0                vListRemove
 .text.initCRC  0x08003d00       0x18 src\CRC.o
                0x08003d00                initCRC
 .text.crcCalc  0x08003d18       0x68 src\CRC.o
                0x08003d18                crcCalc
 .text.buildTable
                0x08003d80       0x74 src\CRC.o
 .text.USART_Init
                0x08003df4      0x174 Libraries\STM32F4xx_StdPeriph_Driver\src\stm32f4xx_usart.o
                0x08003df4                USART_Init
 .text.USART_StructInit
                0x08003f68       0x38 Libraries\STM32F4xx_StdPeriph_Driver\src\stm32f4xx_usart.o
                0x08003f68                USART_StructInit
 .text.USART_Cmd
                0x08003fa0       0x40 Libraries\STM32F4xx_StdPeriph_Driver\src\stm32f4xx_usart.o
                0x08003fa0                USART_Cmd
 .text.USART_SendData
                0x08003fe0       0x24 Libraries\STM32F4xx_StdPeriph_Driver\src\stm32f4xx_usart.o
                0x08003fe0                USART_SendData
 .text.USART_DMACmd
                0x08004004       0x48 Libraries\STM32F4xx_StdPeriph_Driver\src\stm32f4xx_usart.o
                0x08004004                USART_DMACmd
 .text.USART_GetFlagStatus
                0x0800404c       0x38 Libraries\STM32F4xx_StdPeriph_Driver\src\stm32f4xx_usart.o
                0x0800404c                USART_GetFlagStatus
 .text.USART_ClearFlag
                0x08004084       0x20 Libraries\STM32F4xx_StdPeriph_Driver\src\stm32f4xx_usart.o
                0x08004084                USART_ClearFlag
 .text.SYSCFG_EXTILineConfig
                0x080040a4       0x7c Libraries\STM32F4xx_StdPeriph_Driver\src\stm32f4xx_syscfg.o
                0x080040a4                SYSCFG_EXTILineConfig
 .text.SPI_I2S_DeInit
                0x08004120       0x74 Libraries\STM32F4xx_StdPeriph_Driver\src\stm32f4xx_spi.o
                0x08004120                SPI_I2S_DeInit
 .text.SPI_Init
                0x08004194       0x88 Libraries\STM32F4xx_StdPeriph_Driver\src\stm32f4xx_spi.o
                0x08004194                SPI_Init
 .text.SPI_Cmd  0x0800421c       0x40 Libraries\STM32F4xx_StdPeriph_Driver\src\stm32f4xx_spi.o
                0x0800421c                SPI_Cmd
 .text.SPI_I2S_ReceiveData
                0x0800425c       0x1c Libraries\STM32F4xx_StdPeriph_Driver\src\stm32f4xx_spi.o
                0x0800425c                SPI_I2S_ReceiveData
 .text.SPI_I2S_SendData
                0x08004278       0x1c Libraries\STM32F4xx_StdPeriph_Driver\src\stm32f4xx_spi.o
                0x08004278                SPI_I2S_SendData
 .text.SPI_I2S_GetFlagStatus
                0x08004294       0x38 Libraries\STM32F4xx_StdPeriph_Driver\src\stm32f4xx_spi.o
                0x08004294                SPI_I2S_GetFlagStatus
 .text.RCC_GetClocksFreq
                0x080042cc      0x154 Libraries\STM32F4xx_StdPeriph_Driver\src\stm32f4xx_rcc.o
                0x080042cc                RCC_GetClocksFreq
 .text.RCC_AHB1PeriphClockCmd
                0x08004420       0x3c Libraries\STM32F4xx_StdPeriph_Driver\src\stm32f4xx_rcc.o
                0x08004420                RCC_AHB1PeriphClockCmd
 .text.RCC_APB1PeriphClockCmd
                0x0800445c       0x3c Libraries\STM32F4xx_StdPeriph_Driver\src\stm32f4xx_rcc.o
                0x0800445c                RCC_APB1PeriphClockCmd
 .text.RCC_APB2PeriphClockCmd
                0x08004498       0x3c Libraries\STM32F4xx_StdPeriph_Driver\src\stm32f4xx_rcc.o
                0x08004498                RCC_APB2PeriphClockCmd
 .text.RCC_APB1PeriphResetCmd
                0x080044d4       0x3c Libraries\STM32F4xx_StdPeriph_Driver\src\stm32f4xx_rcc.o
                0x080044d4                RCC_APB1PeriphResetCmd
 .text.RCC_APB2PeriphResetCmd
                0x08004510       0x3c Libraries\STM32F4xx_StdPeriph_Driver\src\stm32f4xx_rcc.o
                0x08004510                RCC_APB2PeriphResetCmd
 .text.GPIO_Init
                0x0800454c      0x11c Libraries\STM32F4xx_StdPeriph_Driver\src\stm32f4xx_gpio.o
                0x0800454c                GPIO_Init
 .text.GPIO_SetBits
                0x08004668       0x1c Libraries\STM32F4xx_StdPeriph_Driver\src\stm32f4xx_gpio.o
                0x08004668                GPIO_SetBits
 .text.GPIO_ResetBits
                0x08004684       0x1c Libraries\STM32F4xx_StdPeriph_Driver\src\stm32f4xx_gpio.o
                0x08004684                GPIO_ResetBits
 .text.GPIO_ToggleBits
                0x080046a0       0x24 Libraries\STM32F4xx_StdPeriph_Driver\src\stm32f4xx_gpio.o
                0x080046a0                GPIO_ToggleBits
 .text.GPIO_PinAFConfig
                0x080046c4       0x8c Libraries\STM32F4xx_StdPeriph_Driver\src\stm32f4xx_gpio.o
                0x080046c4                GPIO_PinAFConfig
 .text.EXTI_Init
                0x08004750       0xdc Libraries\STM32F4xx_StdPeriph_Driver\src\stm32f4xx_exti.o
                0x08004750                EXTI_Init
 .text.EXTI_GetITStatus
                0x0800482c       0x48 Libraries\STM32F4xx_StdPeriph_Driver\src\stm32f4xx_exti.o
                0x0800482c                EXTI_GetITStatus
 .text.EXTI_ClearITPendingBit
                0x08004874       0x1c Libraries\STM32F4xx_StdPeriph_Driver\src\stm32f4xx_exti.o
                0x08004874                EXTI_ClearITPendingBit
 .text.DMA_DeInit
                0x08004890      0x1a4 Libraries\STM32F4xx_StdPeriph_Driver\src\stm32f4xx_dma.o
                0x08004890                DMA_DeInit
 .text.DMA_Init
                0x08004a34       0xac Libraries\STM32F4xx_StdPeriph_Driver\src\stm32f4xx_dma.o
                0x08004a34                DMA_Init
 .text.DMA_StructInit
                0x08004ae0       0x6c Libraries\STM32F4xx_StdPeriph_Driver\src\stm32f4xx_dma.o
                0x08004ae0                DMA_StructInit
 .text.DMA_Cmd  0x08004b4c       0x38 Libraries\STM32F4xx_StdPeriph_Driver\src\stm32f4xx_dma.o
                0x08004b4c                DMA_Cmd
 .text.DMA_SetCurrDataCounter
                0x08004b84       0x1c Libraries\STM32F4xx_StdPeriph_Driver\src\stm32f4xx_dma.o
                0x08004b84                DMA_SetCurrDataCounter
 .text.DMA_GetCurrDataCounter
                0x08004ba0       0x1c Libraries\STM32F4xx_StdPeriph_Driver\src\stm32f4xx_dma.o
                0x08004ba0                DMA_GetCurrDataCounter
 .text.DMA_GetCmdStatus
                0x08004bbc       0x30 Libraries\STM32F4xx_StdPeriph_Driver\src\stm32f4xx_dma.o
                0x08004bbc                DMA_GetCmdStatus
 .text.DMA_ITConfig
                0x08004bec       0x74 Libraries\STM32F4xx_StdPeriph_Driver\src\stm32f4xx_dma.o
                0x08004bec                DMA_ITConfig
 .text.DMA_GetITStatus
                0x08004c60       0xb0 Libraries\STM32F4xx_StdPeriph_Driver\src\stm32f4xx_dma.o
                0x08004c60                DMA_GetITStatus
 .text.DMA_ClearITPendingBit
                0x08004d10       0x5c Libraries\STM32F4xx_StdPeriph_Driver\src\stm32f4xx_dma.o
                0x08004d10                DMA_ClearITPendingBit
 .text.ADC_DeInit
                0x08004d6c       0x1c Libraries\STM32F4xx_StdPeriph_Driver\src\stm32f4xx_adc.o
                0x08004d6c                ADC_DeInit
 .text.ADC_Init
                0x08004d88       0xa8 Libraries\STM32F4xx_StdPeriph_Driver\src\stm32f4xx_adc.o
                0x08004d88                ADC_Init
 .text.ADC_Cmd  0x08004e30       0x38 Libraries\STM32F4xx_StdPeriph_Driver\src\stm32f4xx_adc.o
                0x08004e30                ADC_Cmd
 .text.ADC_RegularChannelConfig
                0x08004e68      0x188 Libraries\STM32F4xx_StdPeriph_Driver\src\stm32f4xx_adc.o
                0x08004e68                ADC_RegularChannelConfig
 .text.ADC_SoftwareStartConv
                0x08004ff0       0x20 Libraries\STM32F4xx_StdPeriph_Driver\src\stm32f4xx_adc.o
                0x08004ff0                ADC_SoftwareStartConv
 .text.ADC_GetConversionValue
                0x08005010       0x1c Libraries\STM32F4xx_StdPeriph_Driver\src\stm32f4xx_adc.o
                0x08005010                ADC_GetConversionValue
 .text.ADC_GetFlagStatus
                0x0800502c       0x34 Libraries\STM32F4xx_StdPeriph_Driver\src\stm32f4xx_adc.o
                0x0800502c                ADC_GetFlagStatus
 .text.STM_EVAL_LEDInit
                0x08005060       0x5c Libraries\STM32F4xx_StdPeriph_Driver\src\stm32f4_discovery.o
                0x08005060                STM_EVAL_LEDInit
 .text.STM_EVAL_LEDOn
                0x080050bc       0x30 Libraries\STM32F4xx_StdPeriph_Driver\src\stm32f4_discovery.o
                0x080050bc                STM_EVAL_LEDOn
 .text.STM_EVAL_LEDOff
                0x080050ec       0x30 Libraries\STM32F4xx_StdPeriph_Driver\src\stm32f4_discovery.o
                0x080050ec                STM_EVAL_LEDOff
 .text.STM_EVAL_LEDToggle
                0x0800511c       0x3c Libraries\STM32F4xx_StdPeriph_Driver\src\stm32f4_discovery.o
                0x0800511c                STM_EVAL_LEDToggle
 .text.NVIC_Init
                0x08005158       0xbc Libraries\STM32F4xx_StdPeriph_Driver\src\misc.o
                0x08005158                NVIC_Init
 .text.__libc_init_array
                0x08005214       0x4c c:/program files (x86)/atollic/truestudio for arm lite 5.2.2/armtools/bin/../lib/gcc/arm-atollic-eabi/4.8.3/../../../../arm-atollic-eabi/lib/armv7e-m/softfp\libc.a(lib_a-init.o)
                0x08005214                __libc_init_array
 .text.memcpy   0x08005260       0x12 c:/program files (x86)/atollic/truestudio for arm lite 5.2.2/armtools/bin/../lib/gcc/arm-atollic-eabi/4.8.3/../../../../arm-atollic-eabi/lib/armv7e-m/softfp\libc.a(lib_a-memcpy-stub.o)
                0x08005260                memcpy
 .text.memset   0x08005272       0x10 c:/program files (x86)/atollic/truestudio for arm lite 5.2.2/armtools/bin/../lib/gcc/arm-atollic-eabi/4.8.3/../../../../arm-atollic-eabi/lib/armv7e-m/softfp\libc.a(lib_a-memset.o)
                0x08005272                memset
 .text.strncpy  0x08005282       0x24 c:/program files (x86)/atollic/truestudio for arm lite 5.2.2/armtools/bin/../lib/gcc/arm-atollic-eabi/4.8.3/../../../../arm-atollic-eabi/lib/armv7e-m/softfp\libc.a(lib_a-strncpy.o)
                0x08005282                strncpy
 *(.rodata)
 *fill*         0x080052a6        0x2 
 .rodata        0x080052a8       0x18 src\main.o
 .rodata        0x080052c0        0x8 src\FreeRTOS\timers.o
 .rodata        0x080052c8       0x20 src\FreeRTOS\tasks.o
 *(.rodata*)
 .rodata.GPIO_PIN
                0x080052e8        0x8 Libraries\STM32F4xx_StdPeriph_Driver\src\stm32f4_discovery.o
                0x080052e8                GPIO_PIN
 .rodata.GPIO_CLK
                0x080052f0       0x10 Libraries\STM32F4xx_StdPeriph_Driver\src\stm32f4_discovery.o
                0x080052f0                GPIO_CLK
 *(.glue_7)
 .glue_7        0x00000000        0x0 linker stubs
 *(.glue_7t)
 .glue_7t       0x00000000        0x0 linker stubs
 *(.eh_frame)
 .eh_frame      0x08005300        0x0 c:/program files (x86)/atollic/truestudio for arm lite 5.2.2/armtools/bin/../lib/gcc/arm-atollic-eabi/4.8.3/armv7e-m/softfp/crtbegin.o
 *(.init)
 .init          0x08005300        0x4 c:/program files (x86)/atollic/truestudio for arm lite 5.2.2/armtools/bin/../lib/gcc/arm-atollic-eabi/4.8.3/armv7e-m/softfp/crti.o
                0x08005300                _init
 .init          0x08005304        0x8 c:/program files (x86)/atollic/truestudio for arm lite 5.2.2/armtools/bin/../lib/gcc/arm-atollic-eabi/4.8.3/armv7e-m/softfp/crtn.o
 *(.fini)
 .fini          0x0800530c        0x4 c:/program files (x86)/atollic/truestudio for arm lite 5.2.2/armtools/bin/../lib/gcc/arm-atollic-eabi/4.8.3/armv7e-m/softfp/crti.o
                0x0800530c                _fini
 .fini          0x08005310        0x8 c:/program files (x86)/atollic/truestudio for arm lite 5.2.2/armtools/bin/../lib/gcc/arm-atollic-eabi/4.8.3/armv7e-m/softfp/crtn.o
                0x08005318                . = ALIGN (0x4)
                0x08005318                _etext = .

.vfp11_veneer   0x08005318        0x0
 .vfp11_veneer  0x00000000        0x0 linker stubs

.v4_bx          0x08005318        0x0
 .v4_bx         0x00000000        0x0 linker stubs

.iplt           0x08005318        0x0
 .iplt          0x00000000        0x0 c:/program files (x86)/atollic/truestudio for arm lite 5.2.2/armtools/bin/../lib/gcc/arm-atollic-eabi/4.8.3/armv7e-m/softfp/crtbegin.o

.rel.dyn        0x08005318        0x0
 .rel.iplt      0x00000000        0x0 c:/program files (x86)/atollic/truestudio for arm lite 5.2.2/armtools/bin/../lib/gcc/arm-atollic-eabi/4.8.3/armv7e-m/softfp/crtbegin.o

.ARM.extab
 *(.ARM.extab* .gnu.linkonce.armextab.*)

.ARM            0x08005318        0x0
                0x08005318                __exidx_start = .
 *(.ARM.exidx*)
                0x08005318                __exidx_end = .

.preinit_array  0x08005318        0x0
                0x08005318                PROVIDE (__preinit_array_start, .)
 *(.preinit_array*)
                0x08005318                PROVIDE (__preinit_array_end, .)

.init_array     0x08005318        0x4
                0x08005318                PROVIDE (__init_array_start, .)
 *(SORT(.init_array.*))
 *(.init_array*)
 .init_array    0x08005318        0x4 c:/program files (x86)/atollic/truestudio for arm lite 5.2.2/armtools/bin/../lib/gcc/arm-atollic-eabi/4.8.3/armv7e-m/softfp/crtbegin.o
                0x0800531c                PROVIDE (__init_array_end, .)

.fini_array     0x0800531c        0x4
                0x0800531c                PROVIDE (__fini_array_start, .)
 *(.fini_array*)
 .fini_array    0x0800531c        0x4 c:/program files (x86)/atollic/truestudio for arm lite 5.2.2/armtools/bin/../lib/gcc/arm-atollic-eabi/4.8.3/armv7e-m/softfp/crtbegin.o
 *(SORT(.fini_array.*))
                0x08005320                PROVIDE (__fini_array_end, .)
                0x08005320                _sidata = .

.data           0x20000000       0x28 load address 0x08005320
                0x20000000                . = ALIGN (0x4)
                0x20000000                _sdata = .
 *(.data)
 *(.data*)
 .data.xNextTaskUnblockTime
                0x20000000        0x4 src\FreeRTOS\tasks.o
 .data.uxCriticalNesting
                0x20000004        0x4 src\FreeRTOS\portable\GCC\ARM_CM4F\port.o
 .data.APBAHBPrescTable
                0x20000008       0x10 Libraries\STM32F4xx_StdPeriph_Driver\src\stm32f4xx_rcc.o
 .data.GPIO_PORT
                0x20000018       0x10 Libraries\STM32F4xx_StdPeriph_Driver\src\stm32f4_discovery.o
                0x20000018                GPIO_PORT
                0x20000028                . = ALIGN (0x4)
                0x20000028                _edata = .

.igot.plt       0x20000028        0x0 load address 0x08005348
 .igot.plt      0x00000000        0x0 c:/program files (x86)/atollic/truestudio for arm lite 5.2.2/armtools/bin/../lib/gcc/arm-atollic-eabi/4.8.3/armv7e-m/softfp/crtbegin.o
                0x20000028                . = ALIGN (0x4)

.bss            0x20000028    0x13380 load address 0x08005348
                0x20000028                _sbss = .
                0x20000028                __bss_start__ = _sbss
 *(.bss)
 .bss           0x20000028       0x1c c:/program files (x86)/atollic/truestudio for arm lite 5.2.2/armtools/bin/../lib/gcc/arm-atollic-eabi/4.8.3/armv7e-m/softfp/crtbegin.o
 *(.bss*)
 .bss.p         0x20000044        0x4 src\vComsTask.o
                0x20000044                p
 .bss.count     0x20000048        0x4 src\vComsTask.o
                0x20000048                count
 *fill*         0x2000004c        0x4 
 .bss.tickTime  0x20000050        0x8 src\main.o
                0x20000050                tickTime
 .bss.u64IdleTicksCnt
                0x20000058        0x8 src\main.o
                0x20000058                u64IdleTicksCnt
 .bss.xActiveTimerList1
                0x20000060       0x14 src\FreeRTOS\timers.o
 .bss.xActiveTimerList2
                0x20000074       0x14 src\FreeRTOS\timers.o
 .bss.pxCurrentTimerList
                0x20000088        0x4 src\FreeRTOS\timers.o
 .bss.pxOverflowTimerList
                0x2000008c        0x4 src\FreeRTOS\timers.o
 .bss.xTimerQueue
                0x20000090        0x4 src\FreeRTOS\timers.o
 .bss.xLastTime.7678
                0x20000094        0x4 src\FreeRTOS\timers.o
 .bss.pxCurrentTCB
                0x20000098        0x4 src\FreeRTOS\tasks.o
                0x20000098                pxCurrentTCB
 .bss.pxReadyTasksLists
                0x2000009c       0x64 src\FreeRTOS\tasks.o
 .bss.xDelayedTaskList1
                0x20000100       0x14 src\FreeRTOS\tasks.o
 .bss.xDelayedTaskList2
                0x20000114       0x14 src\FreeRTOS\tasks.o
 .bss.pxDelayedTaskList
                0x20000128        0x4 src\FreeRTOS\tasks.o
 .bss.pxOverflowDelayedTaskList
                0x2000012c        0x4 src\FreeRTOS\tasks.o
 .bss.xPendingReadyList
                0x20000130       0x14 src\FreeRTOS\tasks.o
 .bss.xTasksWaitingTermination
                0x20000144       0x14 src\FreeRTOS\tasks.o
 .bss.uxTasksDeleted
                0x20000158        0x4 src\FreeRTOS\tasks.o
 .bss.xSuspendedTaskList
                0x2000015c       0x14 src\FreeRTOS\tasks.o
 .bss.uxCurrentNumberOfTasks
                0x20000170        0x4 src\FreeRTOS\tasks.o
 .bss.xTickCount
                0x20000174        0x4 src\FreeRTOS\tasks.o
 .bss.uxTopUsedPriority
                0x20000178        0x4 src\FreeRTOS\tasks.o
 .bss.uxTopReadyPriority
                0x2000017c        0x4 src\FreeRTOS\tasks.o
 .bss.xSchedulerRunning
                0x20000180        0x4 src\FreeRTOS\tasks.o
 .bss.uxSchedulerSuspended
                0x20000184        0x4 src\FreeRTOS\tasks.o
 .bss.uxMissedTicks
                0x20000188        0x4 src\FreeRTOS\tasks.o
 .bss.xMissedYield
                0x2000018c        0x4 src\FreeRTOS\tasks.o
 .bss.xNumOfOverflows
                0x20000190        0x4 src\FreeRTOS\tasks.o
 .bss.uxTCBNumber
                0x20000194        0x4 src\FreeRTOS\tasks.o
 .bss.xHeap     0x20000198    0x12c00 src\FreeRTOS\portable\MemMang\heap_1.o
 .bss.xNextFreeByte
                0x20012d98        0x4 src\FreeRTOS\portable\MemMang\heap_1.o
 .bss.crcTable  0x20012d9c      0x400 src\CRC.o
 .bss.currentCRC
                0x2001319c        0x4 src\CRC.o
 *(COMMON)
 COMMON         0x200131a0      0x206 src\vSensorTask.o
                0x200131a0                xCommsTransmitQueue
                0x200131a4                t
                0x2001321c                Tx_chars
                0x20013220                CommsTask_TxBuffer_data
                0x20013298                flagSuccessS1
                0x2001329c                dataS4
                0x200132b0                xCommsTransmitSemaphore
                0x200132b4                dataS2
                0x200132c8                vSensorTaskFrameReceived
                0x200132cc                flagSuccessS2
                0x200132d0                dataTemperature
                0x200132d2                flagSuccessS3
                0x200132d3                request
                0x200132d4                lengthS1
                0x200132d8                dataS3
                0x200132ec                c
                0x200132ee                lengthS3
                0x200132f0                adcVal
                0x200132f4                dataS1
                0x20013308                flagRetriesFailed
                0x2001330c                Rx_Buffer
                0x20013320                CommsTask_TxBuffer
                0x20013398                flagDataReceived
                0x20013399                successByte
                0x2001339a                flagDataSent
                0x2001339c                lengthS2
                0x200133a0                q
                0x200133a4                lengthS4
                0x200133a8                . = ALIGN (0x4)
 *fill*         0x200133a6        0x2 
                0x200133a8                _ebss = .
                0x200133a8                __bss_end__ = _ebss

._user_heap_stack
                0x200133a8      0x400 load address 0x08005348
                0x200133a8                . = ALIGN (0x4)
                0x200133a8                PROVIDE (end, .)
                0x200133a8                PROVIDE (_end, .)
                0x200133a8                . = (. + _Min_Heap_Size)
                0x200137a8                . = (. + _Min_Stack_Size)
 *fill*         0x200133a8      0x400 
                0x200137a8                . = ALIGN (0x4)

.memory_b1_text
 *(.mb1text)
 *(.mb1text*)
 *(.mb1rodata)
 *(.mb1rodata*)

/DISCARD/
 libc.a(*)
 libm.a(*)
 libgcc.a(*)

.ARM.attributes
                0x00000000       0x2e
 *(.ARM.attributes)
 .ARM.attributes
                0x00000000       0x22 c:/program files (x86)/atollic/truestudio for arm lite 5.2.2/armtools/bin/../lib/gcc/arm-atollic-eabi/4.8.3/armv7e-m/softfp/crti.o
 .ARM.attributes
                0x00000022       0x32 c:/program files (x86)/atollic/truestudio for arm lite 5.2.2/armtools/bin/../lib/gcc/arm-atollic-eabi/4.8.3/armv7e-m/softfp/crtbegin.o
 .ARM.attributes
                0x00000054       0x37 src\vSensorTask.o
 .ARM.attributes
                0x0000008b       0x37 src\vComsTask.o
 .ARM.attributes
                0x000000c2       0x37 src\system_stm32f4xx.o
 .ARM.attributes
                0x000000f9       0x37 src\stm32f4xx_it.o
 .ARM.attributes
                0x00000130       0x21 src\startup_stm32f4xx.o
 .ARM.attributes
                0x00000151       0x37 src\serial_terminal.o
 .ARM.attributes
                0x00000188       0x37 src\main.o
 .ARM.attributes
                0x000001bf       0x37 src\hardwareSetup.o
 .ARM.attributes
                0x000001f6       0x37 src\adcCurrent.o
 .ARM.attributes
                0x0000022d       0x37 src\XBEE.o
 .ARM.attributes
                0x00000264       0x37 src\SPIcomms.o
 .ARM.attributes
                0x0000029b       0x37 src\FreeRTOS\timers.o
 .ARM.attributes
                0x000002d2       0x37 src\FreeRTOS\tasks.o
 .ARM.attributes
                0x00000309       0x37 src\FreeRTOS\queue.o
 .ARM.attributes
                0x00000340       0x37 src\FreeRTOS\portable\MemMang\heap_1.o
 .ARM.attributes
                0x00000377       0x37 src\FreeRTOS\portable\GCC\ARM_CM4F\port.o
 .ARM.attributes
                0x000003ae       0x37 src\FreeRTOS\list.o
 .ARM.attributes
                0x000003e5       0x37 src\CRC.o
 .ARM.attributes
                0x0000041c       0x37 Libraries\STM32F4xx_StdPeriph_Driver\src\stm32f4xx_usart.o
 .ARM.attributes
                0x00000453       0x37 Libraries\STM32F4xx_StdPeriph_Driver\src\stm32f4xx_syscfg.o
 .ARM.attributes
                0x0000048a       0x37 Libraries\STM32F4xx_StdPeriph_Driver\src\stm32f4xx_spi.o
 .ARM.attributes
                0x000004c1       0x37 Libraries\STM32F4xx_StdPeriph_Driver\src\stm32f4xx_rcc.o
 .ARM.attributes
                0x000004f8       0x37 Libraries\STM32F4xx_StdPeriph_Driver\src\stm32f4xx_gpio.o
 .ARM.attributes
                0x0000052f       0x37 Libraries\STM32F4xx_StdPeriph_Driver\src\stm32f4xx_exti.o
 .ARM.attributes
                0x00000566       0x37 Libraries\STM32F4xx_StdPeriph_Driver\src\stm32f4xx_dma.o
 .ARM.attributes
                0x0000059d       0x37 Libraries\STM32F4xx_StdPeriph_Driver\src\stm32f4xx_adc.o
 .ARM.attributes
                0x000005d4       0x37 Libraries\STM32F4xx_StdPeriph_Driver\src\stm32f4_discovery.o
 .ARM.attributes
                0x0000060b       0x37 Libraries\STM32F4xx_StdPeriph_Driver\src\misc.o
 .ARM.attributes
                0x00000642       0x32 c:/program files (x86)/atollic/truestudio for arm lite 5.2.2/armtools/bin/../lib/gcc/arm-atollic-eabi/4.8.3/../../../../arm-atollic-eabi/lib/armv7e-m/softfp\libc.a(lib_a-init.o)
 .ARM.attributes
                0x00000674       0x32 c:/program files (x86)/atollic/truestudio for arm lite 5.2.2/armtools/bin/../lib/gcc/arm-atollic-eabi/4.8.3/../../../../arm-atollic-eabi/lib/armv7e-m/softfp\libc.a(lib_a-memcpy-stub.o)
 .ARM.attributes
                0x000006a6       0x32 c:/program files (x86)/atollic/truestudio for arm lite 5.2.2/armtools/bin/../lib/gcc/arm-atollic-eabi/4.8.3/../../../../arm-atollic-eabi/lib/armv7e-m/softfp\libc.a(lib_a-memset.o)
 .ARM.attributes
                0x000006d8       0x32 c:/program files (x86)/atollic/truestudio for arm lite 5.2.2/armtools/bin/../lib/gcc/arm-atollic-eabi/4.8.3/../../../../arm-atollic-eabi/lib/armv7e-m/softfp\libc.a(lib_a-strncpy.o)
 .ARM.attributes
                0x0000070a       0x22 c:/program files (x86)/atollic/truestudio for arm lite 5.2.2/armtools/bin/../lib/gcc/arm-atollic-eabi/4.8.3/armv7e-m/softfp/crtn.o
OUTPUT(collarRTOScheetahSPI.elf elf32-littlearm)

.debug_info     0x00000000     0xb657
 .debug_info    0x00000000      0x5a3 src\vSensorTask.o
 .debug_info    0x000005a3      0x3ee src\vComsTask.o
 .debug_info    0x00000991      0x596 src\system_stm32f4xx.o
 .debug_info    0x00000f27      0x465 src\stm32f4xx_it.o
 .debug_info    0x0000138c       0xa3 src\startup_stm32f4xx.o
 .debug_info    0x0000142f      0x705 src\serial_terminal.o
 .debug_info    0x00001b34      0x580 src\main.o
 .debug_info    0x000020b4      0x8a0 src\hardwareSetup.o
 .debug_info    0x00002954      0x46a src\adcCurrent.o
 .debug_info    0x00002dbe      0x571 src\XBEE.o
 .debug_info    0x0000332f      0xccf src\SPIcomms.o
 .debug_info    0x00003ffe      0x71f src\FreeRTOS\timers.o
 .debug_info    0x0000471d      0xf59 src\FreeRTOS\tasks.o
 .debug_info    0x00005676      0x9ad src\FreeRTOS\queue.o
 .debug_info    0x00006023      0x1a5 src\FreeRTOS\portable\MemMang\heap_1.o
 .debug_info    0x000061c8      0x1f8 src\FreeRTOS\portable\GCC\ARM_CM4F\port.o
 .debug_info    0x000063c0      0x2ae src\FreeRTOS\list.o
 .debug_info    0x0000666e      0x1bf src\CRC.o
 .debug_info    0x0000682d      0x9c6 Libraries\STM32F4xx_StdPeriph_Driver\src\stm32f4xx_usart.o
 .debug_info    0x000071f3      0x270 Libraries\STM32F4xx_StdPeriph_Driver\src\stm32f4xx_syscfg.o
 .debug_info    0x00007463      0xb0b Libraries\STM32F4xx_StdPeriph_Driver\src\stm32f4xx_spi.o
 .debug_info    0x00007f6e      0xc51 Libraries\STM32F4xx_StdPeriph_Driver\src\stm32f4xx_rcc.o
 .debug_info    0x00008bbf      0x606 Libraries\STM32F4xx_StdPeriph_Driver\src\stm32f4xx_gpio.o
 .debug_info    0x000091c5      0x34b Libraries\STM32F4xx_StdPeriph_Driver\src\stm32f4xx_exti.o
 .debug_info    0x00009510      0x73d Libraries\STM32F4xx_StdPeriph_Driver\src\stm32f4xx_dma.o
 .debug_info    0x00009c4d      0xc3c Libraries\STM32F4xx_StdPeriph_Driver\src\stm32f4xx_adc.o
 .debug_info    0x0000a889      0x88d Libraries\STM32F4xx_StdPeriph_Driver\src\stm32f4_discovery.o
 .debug_info    0x0000b116      0x541 Libraries\STM32F4xx_StdPeriph_Driver\src\misc.o

.debug_abbrev   0x00000000     0x2542
 .debug_abbrev  0x00000000      0x12d src\vSensorTask.o
 .debug_abbrev  0x0000012d      0x10e src\vComsTask.o
 .debug_abbrev  0x0000023b      0x138 src\system_stm32f4xx.o
 .debug_abbrev  0x00000373      0x147 src\stm32f4xx_it.o
 .debug_abbrev  0x000004ba       0x12 src\startup_stm32f4xx.o
 .debug_abbrev  0x000004cc      0x1a8 src\serial_terminal.o
 .debug_abbrev  0x00000674      0x144 src\main.o
 .debug_abbrev  0x000007b8      0x14a src\hardwareSetup.o
 .debug_abbrev  0x00000902      0x11b src\adcCurrent.o
 .debug_abbrev  0x00000a1d      0x12a src\XBEE.o
 .debug_abbrev  0x00000b47      0x214 src\SPIcomms.o
 .debug_abbrev  0x00000d5b      0x186 src\FreeRTOS\timers.o
 .debug_abbrev  0x00000ee1      0x20b src\FreeRTOS\tasks.o
 .debug_abbrev  0x000010ec      0x18f src\FreeRTOS\queue.o
 .debug_abbrev  0x0000127b      0x133 src\FreeRTOS\portable\MemMang\heap_1.o
 .debug_abbrev  0x000013ae      0x132 src\FreeRTOS\portable\GCC\ARM_CM4F\port.o
 .debug_abbrev  0x000014e0       0xb5 src\FreeRTOS\list.o
 .debug_abbrev  0x00001595       0xce src\CRC.o
 .debug_abbrev  0x00001663      0x157 Libraries\STM32F4xx_StdPeriph_Driver\src\stm32f4xx_usart.o
 .debug_abbrev  0x000017ba      0x133 Libraries\STM32F4xx_StdPeriph_Driver\src\stm32f4xx_syscfg.o
 .debug_abbrev  0x000018ed      0x169 Libraries\STM32F4xx_StdPeriph_Driver\src\stm32f4xx_spi.o
 .debug_abbrev  0x00001a56      0x1e5 Libraries\STM32F4xx_StdPeriph_Driver\src\stm32f4xx_rcc.o
 .debug_abbrev  0x00001c3b      0x1a5 Libraries\STM32F4xx_StdPeriph_Driver\src\stm32f4xx_gpio.o
 .debug_abbrev  0x00001de0      0x1a7 Libraries\STM32F4xx_StdPeriph_Driver\src\stm32f4xx_exti.o
 .debug_abbrev  0x00001f87      0x157 Libraries\STM32F4xx_StdPeriph_Driver\src\stm32f4xx_dma.o
 .debug_abbrev  0x000020de      0x198 Libraries\STM32F4xx_StdPeriph_Driver\src\stm32f4xx_adc.o
 .debug_abbrev  0x00002276      0x185 Libraries\STM32F4xx_StdPeriph_Driver\src\stm32f4_discovery.o
 .debug_abbrev  0x000023fb      0x147 Libraries\STM32F4xx_StdPeriph_Driver\src\misc.o

.debug_aranges  0x00000000      0xd70
 .debug_aranges
                0x00000000       0x20 src\vSensorTask.o
 .debug_aranges
                0x00000020       0x20 src\vComsTask.o
 .debug_aranges
                0x00000040       0x30 src\system_stm32f4xx.o
 .debug_aranges
                0x00000070       0x58 src\stm32f4xx_it.o
 .debug_aranges
                0x000000c8       0x28 src\startup_stm32f4xx.o
 .debug_aranges
                0x000000f0       0x48 src\serial_terminal.o
 .debug_aranges
                0x00000138       0x38 src\main.o
 .debug_aranges
                0x00000170       0x28 src\hardwareSetup.o
 .debug_aranges
                0x00000198       0x28 src\adcCurrent.o
 .debug_aranges
                0x000001c0       0x30 src\XBEE.o
 .debug_aranges
                0x000001f0       0xa0 src\SPIcomms.o
 .debug_aranges
                0x00000290       0x88 src\FreeRTOS\timers.o
 .debug_aranges
                0x00000318      0x160 src\FreeRTOS\tasks.o
 .debug_aranges
                0x00000478       0xe0 src\FreeRTOS\queue.o
 .debug_aranges
                0x00000558       0x38 src\FreeRTOS\portable\MemMang\heap_1.o
 .debug_aranges
                0x00000590       0x70 src\FreeRTOS\portable\GCC\ARM_CM4F\port.o
 .debug_aranges
                0x00000600       0x40 src\FreeRTOS\list.o
 .debug_aranges
                0x00000640       0x30 src\CRC.o
 .debug_aranges
                0x00000670      0x100 Libraries\STM32F4xx_StdPeriph_Driver\src\stm32f4xx_usart.o
 .debug_aranges
                0x00000770       0x48 Libraries\STM32F4xx_StdPeriph_Driver\src\stm32f4xx_syscfg.o
 .debug_aranges
                0x000007b8       0xe0 Libraries\STM32F4xx_StdPeriph_Driver\src\stm32f4xx_spi.o
 .debug_aranges
                0x00000898      0x178 Libraries\STM32F4xx_StdPeriph_Driver\src\stm32f4xx_rcc.o
 .debug_aranges
                0x00000a10       0x88 Libraries\STM32F4xx_StdPeriph_Driver\src\stm32f4xx_gpio.o
 .debug_aranges
                0x00000a98       0x58 Libraries\STM32F4xx_StdPeriph_Driver\src\stm32f4xx_exti.o
 .debug_aranges
                0x00000af0       0xb0 Libraries\STM32F4xx_StdPeriph_Driver\src\stm32f4xx_dma.o
 .debug_aranges
                0x00000ba0      0x148 Libraries\STM32F4xx_StdPeriph_Driver\src\stm32f4xx_adc.o
 .debug_aranges
                0x00000ce8       0x48 Libraries\STM32F4xx_StdPeriph_Driver\src\stm32f4_discovery.o
 .debug_aranges
                0x00000d30       0x40 Libraries\STM32F4xx_StdPeriph_Driver\src\misc.o

.debug_ranges   0x00000000      0xbb8
 .debug_ranges  0x00000000       0x10 src\vSensorTask.o
 .debug_ranges  0x00000010       0x10 src\vComsTask.o
 .debug_ranges  0x00000020       0x20 src\system_stm32f4xx.o
 .debug_ranges  0x00000040       0x48 src\stm32f4xx_it.o
 .debug_ranges  0x00000088       0x20 src\startup_stm32f4xx.o
 .debug_ranges  0x000000a8       0x38 src\serial_terminal.o
 .debug_ranges  0x000000e0       0x28 src\main.o
 .debug_ranges  0x00000108       0x18 src\hardwareSetup.o
 .debug_ranges  0x00000120       0x18 src\adcCurrent.o
 .debug_ranges  0x00000138       0x20 src\XBEE.o
 .debug_ranges  0x00000158       0x90 src\SPIcomms.o
 .debug_ranges  0x000001e8       0x78 src\FreeRTOS\timers.o
 .debug_ranges  0x00000260      0x150 src\FreeRTOS\tasks.o
 .debug_ranges  0x000003b0       0xd0 src\FreeRTOS\queue.o
 .debug_ranges  0x00000480       0x28 src\FreeRTOS\portable\MemMang\heap_1.o
 .debug_ranges  0x000004a8       0x60 src\FreeRTOS\portable\GCC\ARM_CM4F\port.o
 .debug_ranges  0x00000508       0x30 src\FreeRTOS\list.o
 .debug_ranges  0x00000538       0x20 src\CRC.o
 .debug_ranges  0x00000558       0xf0 Libraries\STM32F4xx_StdPeriph_Driver\src\stm32f4xx_usart.o
 .debug_ranges  0x00000648       0x38 Libraries\STM32F4xx_StdPeriph_Driver\src\stm32f4xx_syscfg.o
 .debug_ranges  0x00000680       0xd0 Libraries\STM32F4xx_StdPeriph_Driver\src\stm32f4xx_spi.o
 .debug_ranges  0x00000750      0x168 Libraries\STM32F4xx_StdPeriph_Driver\src\stm32f4xx_rcc.o
 .debug_ranges  0x000008b8       0x78 Libraries\STM32F4xx_StdPeriph_Driver\src\stm32f4xx_gpio.o
 .debug_ranges  0x00000930       0x48 Libraries\STM32F4xx_StdPeriph_Driver\src\stm32f4xx_exti.o
 .debug_ranges  0x00000978       0xa0 Libraries\STM32F4xx_StdPeriph_Driver\src\stm32f4xx_dma.o
 .debug_ranges  0x00000a18      0x138 Libraries\STM32F4xx_StdPeriph_Driver\src\stm32f4xx_adc.o
 .debug_ranges  0x00000b50       0x38 Libraries\STM32F4xx_StdPeriph_Driver\src\stm32f4_discovery.o
 .debug_ranges  0x00000b88       0x30 Libraries\STM32F4xx_StdPeriph_Driver\src\misc.o

.debug_line     0x00000000     0x614a
 .debug_line    0x00000000      0x3ae src\vSensorTask.o
 .debug_line    0x000003ae      0x2eb src\vComsTask.o
 .debug_line    0x00000699      0x1fd src\system_stm32f4xx.o
 .debug_line    0x00000896      0x319 src\stm32f4xx_it.o
 .debug_line    0x00000baf       0x7c src\startup_stm32f4xx.o
 .debug_line    0x00000c2b      0x40e src\serial_terminal.o
 .debug_line    0x00001039      0x2c5 src\main.o
 .debug_line    0x000012fe      0x25f src\hardwareSetup.o
 .debug_line    0x0000155d      0x206 src\adcCurrent.o
 .debug_line    0x00001763      0x255 src\XBEE.o
 .debug_line    0x000019b8      0x82f src\SPIcomms.o
 .debug_line    0x000021e7      0x39d src\FreeRTOS\timers.o
 .debug_line    0x00002584      0x8bf src\FreeRTOS\tasks.o
 .debug_line    0x00002e43      0x644 src\FreeRTOS\queue.o
 .debug_line    0x00003487      0x22d src\FreeRTOS\portable\MemMang\heap_1.o
 .debug_line    0x000036b4      0x2a9 src\FreeRTOS\portable\GCC\ARM_CM4F\port.o
 .debug_line    0x0000395d      0x237 src\FreeRTOS\list.o
 .debug_line    0x00003b94      0x17c src\CRC.o
 .debug_line    0x00003d10      0x496 Libraries\STM32F4xx_StdPeriph_Driver\src\stm32f4xx_usart.o
 .debug_line    0x000041a6      0x219 Libraries\STM32F4xx_StdPeriph_Driver\src\stm32f4xx_syscfg.o
 .debug_line    0x000043bf      0x446 Libraries\STM32F4xx_StdPeriph_Driver\src\stm32f4xx_spi.o
 .debug_line    0x00004805      0x58e Libraries\STM32F4xx_StdPeriph_Driver\src\stm32f4xx_rcc.o
 .debug_line    0x00004d93      0x333 Libraries\STM32F4xx_StdPeriph_Driver\src\stm32f4xx_gpio.o
 .debug_line    0x000050c6      0x299 Libraries\STM32F4xx_StdPeriph_Driver\src\stm32f4xx_exti.o
 .debug_line    0x0000535f      0x3d0 Libraries\STM32F4xx_StdPeriph_Driver\src\stm32f4xx_dma.o
 .debug_line    0x0000572f      0x546 Libraries\STM32F4xx_StdPeriph_Driver\src\stm32f4xx_adc.o
 .debug_line    0x00005c75      0x29c Libraries\STM32F4xx_StdPeriph_Driver\src\stm32f4_discovery.o
 .debug_line    0x00005f11      0x239 Libraries\STM32F4xx_StdPeriph_Driver\src\misc.o

.debug_str      0x00000000     0x443d
 .debug_str     0x00000000      0x44a src\vSensorTask.o
                                0x4a5 (size before relaxing)
 .debug_str     0x0000044a       0x24 src\vComsTask.o
                                0x3ed (size before relaxing)
 .debug_str     0x0000046e      0x1b8 src\system_stm32f4xx.o
                                0x422 (size before relaxing)
 .debug_str     0x00000626       0xb6 src\stm32f4xx_it.o
                                0x462 (size before relaxing)
 .debug_str     0x000006dc      0x2c0 src\serial_terminal.o
                                0x643 (size before relaxing)
 .debug_str     0x0000099c      0x1e7 src\main.o
                                0x5b6 (size before relaxing)
 .debug_str     0x00000b83      0x764 src\hardwareSetup.o
                                0xbee (size before relaxing)
 .debug_str     0x000012e7      0x13d src\adcCurrent.o
                                0x4e7 (size before relaxing)
 .debug_str     0x00001424       0x43 src\XBEE.o
                                0x60c (size before relaxing)
 .debug_str     0x00001467      0x2c1 src\SPIcomms.o
                                0xdc5 (size before relaxing)
 .debug_str     0x00001728      0x402 src\FreeRTOS\timers.o
                                0x623 (size before relaxing)
 .debug_str     0x00001b2a      0x7f1 src\FreeRTOS\tasks.o
                                0xaa4 (size before relaxing)
 .debug_str     0x0000231b      0x3fa src\FreeRTOS\queue.o
                                0x725 (size before relaxing)
 .debug_str     0x00002715       0xb5 src\FreeRTOS\portable\MemMang\heap_1.o
                                0x2aa (size before relaxing)
 .debug_str     0x000027ca      0x128 src\FreeRTOS\portable\GCC\ARM_CM4F\port.o
                                0x327 (size before relaxing)
 .debug_str     0x000028f2       0xa3 src\FreeRTOS\list.o
                                0x319 (size before relaxing)
 .debug_str     0x00002995       0x6e src\CRC.o
                                0x261 (size before relaxing)
 .debug_str     0x00002a03      0x410 Libraries\STM32F4xx_StdPeriph_Driver\src\stm32f4xx_usart.o
                                0x726 (size before relaxing)
 .debug_str     0x00002e13      0x156 Libraries\STM32F4xx_StdPeriph_Driver\src\stm32f4xx_syscfg.o
                                0x38b (size before relaxing)
 .debug_str     0x00002f69      0x2f0 Libraries\STM32F4xx_StdPeriph_Driver\src\stm32f4xx_spi.o
                                0x721 (size before relaxing)
 .debug_str     0x00003259      0x50a Libraries\STM32F4xx_StdPeriph_Driver\src\stm32f4xx_rcc.o
                                0x8e7 (size before relaxing)
 .debug_str     0x00003763      0x180 Libraries\STM32F4xx_StdPeriph_Driver\src\stm32f4xx_gpio.o
                                0x53a (size before relaxing)
 .debug_str     0x000038e3       0xf3 Libraries\STM32F4xx_StdPeriph_Driver\src\stm32f4xx_exti.o
                                0x3f0 (size before relaxing)
 .debug_str     0x000039d6      0x25a Libraries\STM32F4xx_StdPeriph_Driver\src\stm32f4xx_dma.o
                                0x5d9 (size before relaxing)
 .debug_str     0x00003c30      0x52a Libraries\STM32F4xx_StdPeriph_Driver\src\stm32f4xx_adc.o
                                0x89b (size before relaxing)
 .debug_str     0x0000415a      0x196 Libraries\STM32F4xx_StdPeriph_Driver\src\stm32f4_discovery.o
                                0xbcd (size before relaxing)
 .debug_str     0x000042f0      0x14d Libraries\STM32F4xx_StdPeriph_Driver\src\misc.o
                                0x465 (size before relaxing)

.comment        0x00000000       0x83
 .comment       0x00000000       0x83 src\vSensorTask.o
                                 0x84 (size before relaxing)
 .comment       0x00000000       0x84 src\vComsTask.o
 .comment       0x00000000       0x84 src\system_stm32f4xx.o
 .comment       0x00000000       0x84 src\stm32f4xx_it.o
 .comment       0x00000000       0x84 src\serial_terminal.o
 .comment       0x00000000       0x84 src\main.o
 .comment       0x00000000       0x84 src\hardwareSetup.o
 .comment       0x00000000       0x84 src\adcCurrent.o
 .comment       0x00000000       0x84 src\XBEE.o
 .comment       0x00000000       0x84 src\SPIcomms.o
 .comment       0x00000000       0x84 src\FreeRTOS\timers.o
 .comment       0x00000000       0x84 src\FreeRTOS\tasks.o
 .comment       0x00000000       0x84 src\FreeRTOS\queue.o
 .comment       0x00000000       0x84 src\FreeRTOS\portable\MemMang\heap_1.o
 .comment       0x00000000       0x84 src\FreeRTOS\portable\GCC\ARM_CM4F\port.o
 .comment       0x00000000       0x84 src\FreeRTOS\list.o
 .comment       0x00000000       0x84 src\CRC.o
 .comment       0x00000000       0x84 Libraries\STM32F4xx_StdPeriph_Driver\src\stm32f4xx_usart.o
 .comment       0x00000000       0x84 Libraries\STM32F4xx_StdPeriph_Driver\src\stm32f4xx_syscfg.o
 .comment       0x00000000       0x84 Libraries\STM32F4xx_StdPeriph_Driver\src\stm32f4xx_spi.o
 .comment       0x00000000       0x84 Libraries\STM32F4xx_StdPeriph_Driver\src\stm32f4xx_rcc.o
 .comment       0x00000000       0x84 Libraries\STM32F4xx_StdPeriph_Driver\src\stm32f4xx_gpio.o
 .comment       0x00000000       0x84 Libraries\STM32F4xx_StdPeriph_Driver\src\stm32f4xx_exti.o
 .comment       0x00000000       0x84 Libraries\STM32F4xx_StdPeriph_Driver\src\stm32f4xx_dma.o
 .comment       0x00000000       0x84 Libraries\STM32F4xx_StdPeriph_Driver\src\stm32f4xx_adc.o
 .comment       0x00000000       0x84 Libraries\STM32F4xx_StdPeriph_Driver\src\stm32f4_discovery.o
 .comment       0x00000000       0x84 Libraries\STM32F4xx_StdPeriph_Driver\src\misc.o

.debug_frame    0x00000000     0x28d0
 .debug_frame   0x00000000       0x30 src\vSensorTask.o
 .debug_frame   0x00000030       0x30 src\vComsTask.o
 .debug_frame   0x00000060       0x64 src\system_stm32f4xx.o
 .debug_frame   0x000000c4       0xe0 src\stm32f4xx_it.o
 .debug_frame   0x000001a4       0xcc src\serial_terminal.o
 .debug_frame   0x00000270       0x78 src\main.o
 .debug_frame   0x000002e8       0x50 src\hardwareSetup.o
 .debug_frame   0x00000338       0x4c src\adcCurrent.o
 .debug_frame   0x00000384       0x6c src\XBEE.o
 .debug_frame   0x000003f0      0x208 src\SPIcomms.o
 .debug_frame   0x000005f8      0x1c4 src\FreeRTOS\timers.o
 .debug_frame   0x000007bc      0x4f4 src\FreeRTOS\tasks.o
 .debug_frame   0x00000cb0      0x310 src\FreeRTOS\queue.o
 .debug_frame   0x00000fc0       0x7c src\FreeRTOS\portable\MemMang\heap_1.o
 .debug_frame   0x0000103c      0x110 src\FreeRTOS\portable\GCC\ARM_CM4F\port.o
 .debug_frame   0x0000114c       0x9c src\FreeRTOS\list.o
 .debug_frame   0x000011e8       0x64 src\CRC.o
 .debug_frame   0x0000124c      0x344 Libraries\STM32F4xx_StdPeriph_Driver\src\stm32f4xx_usart.o
 .debug_frame   0x00001590       0xbc Libraries\STM32F4xx_StdPeriph_Driver\src\stm32f4xx_syscfg.o
 .debug_frame   0x0000164c      0x2d0 Libraries\STM32F4xx_StdPeriph_Driver\src\stm32f4xx_spi.o
 .debug_frame   0x0000191c      0x4d8 Libraries\STM32F4xx_StdPeriph_Driver\src\stm32f4xx_rcc.o
 .debug_frame   0x00001df4      0x19c Libraries\STM32F4xx_StdPeriph_Driver\src\stm32f4xx_gpio.o
 .debug_frame   0x00001f90       0xec Libraries\STM32F4xx_StdPeriph_Driver\src\stm32f4xx_exti.o
 .debug_frame   0x0000207c      0x224 Libraries\STM32F4xx_StdPeriph_Driver\src\stm32f4xx_dma.o
 .debug_frame   0x000022a0      0x434 Libraries\STM32F4xx_StdPeriph_Driver\src\stm32f4xx_adc.o
 .debug_frame   0x000026d4       0xc4 Libraries\STM32F4xx_StdPeriph_Driver\src\stm32f4_discovery.o
 .debug_frame   0x00002798       0x9c Libraries\STM32F4xx_StdPeriph_Driver\src\misc.o
 .debug_frame   0x00002834       0x2c c:/program files (x86)/atollic/truestudio for arm lite 5.2.2/armtools/bin/../lib/gcc/arm-atollic-eabi/4.8.3/../../../../arm-atollic-eabi/lib/armv7e-m/softfp\libc.a(lib_a-init.o)
 .debug_frame   0x00002860       0x28 c:/program files (x86)/atollic/truestudio for arm lite 5.2.2/armtools/bin/../lib/gcc/arm-atollic-eabi/4.8.3/../../../../arm-atollic-eabi/lib/armv7e-m/softfp\libc.a(lib_a-memcpy-stub.o)
 .debug_frame   0x00002888       0x20 c:/program files (x86)/atollic/truestudio for arm lite 5.2.2/armtools/bin/../lib/gcc/arm-atollic-eabi/4.8.3/../../../../arm-atollic-eabi/lib/armv7e-m/softfp\libc.a(lib_a-memset.o)
 .debug_frame   0x000028a8       0x28 c:/program files (x86)/atollic/truestudio for arm lite 5.2.2/armtools/bin/../lib/gcc/arm-atollic-eabi/4.8.3/../../../../arm-atollic-eabi/lib/armv7e-m/softfp\libc.a(lib_a-strncpy.o)

Cross Reference Table

Symbol                                            File
ADC_AnalogWatchdogCmd                             Libraries\STM32F4xx_StdPeriph_Driver\src\stm32f4xx_adc.o
ADC_AnalogWatchdogSingleChannelConfig             Libraries\STM32F4xx_StdPeriph_Driver\src\stm32f4xx_adc.o
ADC_AnalogWatchdogThresholdsConfig                Libraries\STM32F4xx_StdPeriph_Driver\src\stm32f4xx_adc.o
ADC_AutoInjectedConvCmd                           Libraries\STM32F4xx_StdPeriph_Driver\src\stm32f4xx_adc.o
ADC_ClearFlag                                     Libraries\STM32F4xx_StdPeriph_Driver\src\stm32f4xx_adc.o
ADC_ClearITPendingBit                             Libraries\STM32F4xx_StdPeriph_Driver\src\stm32f4xx_adc.o
ADC_Cmd                                           Libraries\STM32F4xx_StdPeriph_Driver\src\stm32f4xx_adc.o
                                                  src\adcCurrent.o
ADC_CommonInit                                    Libraries\STM32F4xx_StdPeriph_Driver\src\stm32f4xx_adc.o
ADC_CommonStructInit                              Libraries\STM32F4xx_StdPeriph_Driver\src\stm32f4xx_adc.o
ADC_ContinuousModeCmd                             Libraries\STM32F4xx_StdPeriph_Driver\src\stm32f4xx_adc.o
ADC_DMACmd                                        Libraries\STM32F4xx_StdPeriph_Driver\src\stm32f4xx_adc.o
ADC_DMARequestAfterLastTransferCmd                Libraries\STM32F4xx_StdPeriph_Driver\src\stm32f4xx_adc.o
ADC_DeInit                                        Libraries\STM32F4xx_StdPeriph_Driver\src\stm32f4xx_adc.o
                                                  src\adcCurrent.o
ADC_DiscModeChannelCountConfig                    Libraries\STM32F4xx_StdPeriph_Driver\src\stm32f4xx_adc.o
ADC_DiscModeCmd                                   Libraries\STM32F4xx_StdPeriph_Driver\src\stm32f4xx_adc.o
ADC_EOCOnEachRegularChannelCmd                    Libraries\STM32F4xx_StdPeriph_Driver\src\stm32f4xx_adc.o
ADC_ExternalTrigInjectedConvConfig                Libraries\STM32F4xx_StdPeriph_Driver\src\stm32f4xx_adc.o
ADC_ExternalTrigInjectedConvEdgeConfig            Libraries\STM32F4xx_StdPeriph_Driver\src\stm32f4xx_adc.o
ADC_GetConversionValue                            Libraries\STM32F4xx_StdPeriph_Driver\src\stm32f4xx_adc.o
                                                  src\adcCurrent.o
ADC_GetFlagStatus                                 Libraries\STM32F4xx_StdPeriph_Driver\src\stm32f4xx_adc.o
                                                  src\adcCurrent.o
ADC_GetITStatus                                   Libraries\STM32F4xx_StdPeriph_Driver\src\stm32f4xx_adc.o
ADC_GetInjectedConversionValue                    Libraries\STM32F4xx_StdPeriph_Driver\src\stm32f4xx_adc.o
ADC_GetMultiModeConversionValue                   Libraries\STM32F4xx_StdPeriph_Driver\src\stm32f4xx_adc.o
ADC_GetSoftwareStartConvStatus                    Libraries\STM32F4xx_StdPeriph_Driver\src\stm32f4xx_adc.o
ADC_GetSoftwareStartInjectedConvCmdStatus         Libraries\STM32F4xx_StdPeriph_Driver\src\stm32f4xx_adc.o
ADC_IRQHandler                                    src\startup_stm32f4xx.o
ADC_ITConfig                                      Libraries\STM32F4xx_StdPeriph_Driver\src\stm32f4xx_adc.o
ADC_Init                                          Libraries\STM32F4xx_StdPeriph_Driver\src\stm32f4xx_adc.o
                                                  src\adcCurrent.o
ADC_InjectedChannelConfig                         Libraries\STM32F4xx_StdPeriph_Driver\src\stm32f4xx_adc.o
ADC_InjectedDiscModeCmd                           Libraries\STM32F4xx_StdPeriph_Driver\src\stm32f4xx_adc.o
ADC_InjectedSequencerLengthConfig                 Libraries\STM32F4xx_StdPeriph_Driver\src\stm32f4xx_adc.o
ADC_MultiModeDMARequestAfterLastTransferCmd       Libraries\STM32F4xx_StdPeriph_Driver\src\stm32f4xx_adc.o
ADC_RegularChannelConfig                          Libraries\STM32F4xx_StdPeriph_Driver\src\stm32f4xx_adc.o
                                                  src\adcCurrent.o
ADC_SetInjectedOffset                             Libraries\STM32F4xx_StdPeriph_Driver\src\stm32f4xx_adc.o
ADC_SoftwareStartConv                             Libraries\STM32F4xx_StdPeriph_Driver\src\stm32f4xx_adc.o
                                                  src\adcCurrent.o
ADC_SoftwareStartInjectedConv                     Libraries\STM32F4xx_StdPeriph_Driver\src\stm32f4xx_adc.o
ADC_StructInit                                    Libraries\STM32F4xx_StdPeriph_Driver\src\stm32f4xx_adc.o
ADC_TempSensorVrefintCmd                          Libraries\STM32F4xx_StdPeriph_Driver\src\stm32f4xx_adc.o
ADC_VBATCmd                                       Libraries\STM32F4xx_StdPeriph_Driver\src\stm32f4xx_adc.o
AHBPrescTable                                     src\system_stm32f4xx.o
BUTTON_CLK                                        Libraries\STM32F4xx_StdPeriph_Driver\src\stm32f4_discovery.o
BUTTON_EXTI_LINE                                  Libraries\STM32F4xx_StdPeriph_Driver\src\stm32f4_discovery.o
BUTTON_IRQn                                       Libraries\STM32F4xx_StdPeriph_Driver\src\stm32f4_discovery.o
BUTTON_PIN                                        Libraries\STM32F4xx_StdPeriph_Driver\src\stm32f4_discovery.o
BUTTON_PIN_SOURCE                                 Libraries\STM32F4xx_StdPeriph_Driver\src\stm32f4_discovery.o
BUTTON_PORT                                       Libraries\STM32F4xx_StdPeriph_Driver\src\stm32f4_discovery.o
BUTTON_PORT_SOURCE                                Libraries\STM32F4xx_StdPeriph_Driver\src\stm32f4_discovery.o
BusFault_Handler                                  src\stm32f4xx_it.o
CAN1_RX0_IRQHandler                               src\startup_stm32f4xx.o
CAN1_RX1_IRQHandler                               src\startup_stm32f4xx.o
CAN1_SCE_IRQHandler                               src\startup_stm32f4xx.o
CAN1_TX_IRQHandler                                src\startup_stm32f4xx.o
CAN2_RX0_IRQHandler                               src\startup_stm32f4xx.o
CAN2_RX1_IRQHandler                               src\startup_stm32f4xx.o
CAN2_SCE_IRQHandler                               src\startup_stm32f4xx.o
CAN2_TX_IRQHandler                                src\startup_stm32f4xx.o
CAN_CancelTransmit                                Libraries\STM32F4xx_StdPeriph_Driver\src\stm32f4xx_can.o
CAN_ClearFlag                                     Libraries\STM32F4xx_StdPeriph_Driver\src\stm32f4xx_can.o
CAN_ClearITPendingBit                             Libraries\STM32F4xx_StdPeriph_Driver\src\stm32f4xx_can.o
CAN_DBGFreeze                                     Libraries\STM32F4xx_StdPeriph_Driver\src\stm32f4xx_can.o
CAN_DeInit                                        Libraries\STM32F4xx_StdPeriph_Driver\src\stm32f4xx_can.o
CAN_FIFORelease                                   Libraries\STM32F4xx_StdPeriph_Driver\src\stm32f4xx_can.o
CAN_FilterInit                                    Libraries\STM32F4xx_StdPeriph_Driver\src\stm32f4xx_can.o
CAN_GetFlagStatus                                 Libraries\STM32F4xx_StdPeriph_Driver\src\stm32f4xx_can.o
CAN_GetITStatus                                   Libraries\STM32F4xx_StdPeriph_Driver\src\stm32f4xx_can.o
CAN_GetLSBTransmitErrorCounter                    Libraries\STM32F4xx_StdPeriph_Driver\src\stm32f4xx_can.o
CAN_GetLastErrorCode                              Libraries\STM32F4xx_StdPeriph_Driver\src\stm32f4xx_can.o
CAN_GetReceiveErrorCounter                        Libraries\STM32F4xx_StdPeriph_Driver\src\stm32f4xx_can.o
CAN_ITConfig                                      Libraries\STM32F4xx_StdPeriph_Driver\src\stm32f4xx_can.o
CAN_Init                                          Libraries\STM32F4xx_StdPeriph_Driver\src\stm32f4xx_can.o
CAN_MessagePending                                Libraries\STM32F4xx_StdPeriph_Driver\src\stm32f4xx_can.o
CAN_OperatingModeRequest                          Libraries\STM32F4xx_StdPeriph_Driver\src\stm32f4xx_can.o
CAN_Receive                                       Libraries\STM32F4xx_StdPeriph_Driver\src\stm32f4xx_can.o
CAN_SlaveStartBank                                Libraries\STM32F4xx_StdPeriph_Driver\src\stm32f4xx_can.o
CAN_Sleep                                         Libraries\STM32F4xx_StdPeriph_Driver\src\stm32f4xx_can.o
CAN_StructInit                                    Libraries\STM32F4xx_StdPeriph_Driver\src\stm32f4xx_can.o
CAN_TTComModeCmd                                  Libraries\STM32F4xx_StdPeriph_Driver\src\stm32f4xx_can.o
CAN_Transmit                                      Libraries\STM32F4xx_StdPeriph_Driver\src\stm32f4xx_can.o
CAN_TransmitStatus                                Libraries\STM32F4xx_StdPeriph_Driver\src\stm32f4xx_can.o
CAN_WakeUp                                        Libraries\STM32F4xx_StdPeriph_Driver\src\stm32f4xx_can.o
CCR1_Val                                          src\utils.o
CCR2_Val                                          src\utils.o
CCR3_Val                                          src\utils.o
CCR4_Val                                          src\utils.o
CRC_CalcBlockCRC                                  Libraries\STM32F4xx_StdPeriph_Driver\src\stm32f4xx_crc.o
CRC_CalcCRC                                       Libraries\STM32F4xx_StdPeriph_Driver\src\stm32f4xx_crc.o
CRC_GetCRC                                        Libraries\STM32F4xx_StdPeriph_Driver\src\stm32f4xx_crc.o
CRC_GetIDRegister                                 Libraries\STM32F4xx_StdPeriph_Driver\src\stm32f4xx_crc.o
CRC_ResetDR                                       Libraries\STM32F4xx_StdPeriph_Driver\src\stm32f4xx_crc.o
CRC_SetIDRegister                                 Libraries\STM32F4xx_StdPeriph_Driver\src\stm32f4xx_crc.o
CRYP_AES_CBC                                      Libraries\STM32F4xx_StdPeriph_Driver\src\stm32f4xx_cryp_aes.o
CRYP_AES_CTR                                      Libraries\STM32F4xx_StdPeriph_Driver\src\stm32f4xx_cryp_aes.o
CRYP_AES_ECB                                      Libraries\STM32F4xx_StdPeriph_Driver\src\stm32f4xx_cryp_aes.o
CRYP_Cmd                                          Libraries\STM32F4xx_StdPeriph_Driver\src\stm32f4xx_cryp.o
                                                  Libraries\STM32F4xx_StdPeriph_Driver\src\stm32f4xx_cryp_aes.o
                                                  Libraries\STM32F4xx_StdPeriph_Driver\src\stm32f4xx_cryp_des.o
                                                  Libraries\STM32F4xx_StdPeriph_Driver\src\stm32f4xx_cryp_tdes.o
CRYP_DES_CBC                                      Libraries\STM32F4xx_StdPeriph_Driver\src\stm32f4xx_cryp_des.o
CRYP_DES_ECB                                      Libraries\STM32F4xx_StdPeriph_Driver\src\stm32f4xx_cryp_des.o
CRYP_DMACmd                                       Libraries\STM32F4xx_StdPeriph_Driver\src\stm32f4xx_cryp.o
CRYP_DataIn                                       Libraries\STM32F4xx_StdPeriph_Driver\src\stm32f4xx_cryp.o
                                                  Libraries\STM32F4xx_StdPeriph_Driver\src\stm32f4xx_cryp_aes.o
                                                  Libraries\STM32F4xx_StdPeriph_Driver\src\stm32f4xx_cryp_des.o
                                                  Libraries\STM32F4xx_StdPeriph_Driver\src\stm32f4xx_cryp_tdes.o
CRYP_DataOut                                      Libraries\STM32F4xx_StdPeriph_Driver\src\stm32f4xx_cryp.o
                                                  Libraries\STM32F4xx_StdPeriph_Driver\src\stm32f4xx_cryp_aes.o
                                                  Libraries\STM32F4xx_StdPeriph_Driver\src\stm32f4xx_cryp_des.o
                                                  Libraries\STM32F4xx_StdPeriph_Driver\src\stm32f4xx_cryp_tdes.o
CRYP_DeInit                                       Libraries\STM32F4xx_StdPeriph_Driver\src\stm32f4xx_cryp.o
CRYP_FIFOFlush                                    Libraries\STM32F4xx_StdPeriph_Driver\src\stm32f4xx_cryp.o
                                                  Libraries\STM32F4xx_StdPeriph_Driver\src\stm32f4xx_cryp_aes.o
                                                  Libraries\STM32F4xx_StdPeriph_Driver\src\stm32f4xx_cryp_des.o
                                                  Libraries\STM32F4xx_StdPeriph_Driver\src\stm32f4xx_cryp_tdes.o
CRYP_GetFlagStatus                                Libraries\STM32F4xx_StdPeriph_Driver\src\stm32f4xx_cryp.o
                                                  Libraries\STM32F4xx_StdPeriph_Driver\src\stm32f4xx_cryp_aes.o
                                                  Libraries\STM32F4xx_StdPeriph_Driver\src\stm32f4xx_cryp_des.o
                                                  Libraries\STM32F4xx_StdPeriph_Driver\src\stm32f4xx_cryp_tdes.o
CRYP_GetITStatus                                  Libraries\STM32F4xx_StdPeriph_Driver\src\stm32f4xx_cryp.o
CRYP_IRQHandler                                   src\startup_stm32f4xx.o
CRYP_ITConfig                                     Libraries\STM32F4xx_StdPeriph_Driver\src\stm32f4xx_cryp.o
CRYP_IVInit                                       Libraries\STM32F4xx_StdPeriph_Driver\src\stm32f4xx_cryp.o
                                                  Libraries\STM32F4xx_StdPeriph_Driver\src\stm32f4xx_cryp_aes.o
                                                  Libraries\STM32F4xx_StdPeriph_Driver\src\stm32f4xx_cryp_des.o
                                                  Libraries\STM32F4xx_StdPeriph_Driver\src\stm32f4xx_cryp_tdes.o
CRYP_IVStructInit                                 Libraries\STM32F4xx_StdPeriph_Driver\src\stm32f4xx_cryp.o
CRYP_Init                                         Libraries\STM32F4xx_StdPeriph_Driver\src\stm32f4xx_cryp.o
                                                  Libraries\STM32F4xx_StdPeriph_Driver\src\stm32f4xx_cryp_aes.o
                                                  Libraries\STM32F4xx_StdPeriph_Driver\src\stm32f4xx_cryp_des.o
                                                  Libraries\STM32F4xx_StdPeriph_Driver\src\stm32f4xx_cryp_tdes.o
CRYP_KeyInit                                      Libraries\STM32F4xx_StdPeriph_Driver\src\stm32f4xx_cryp.o
                                                  Libraries\STM32F4xx_StdPeriph_Driver\src\stm32f4xx_cryp_aes.o
                                                  Libraries\STM32F4xx_StdPeriph_Driver\src\stm32f4xx_cryp_des.o
                                                  Libraries\STM32F4xx_StdPeriph_Driver\src\stm32f4xx_cryp_tdes.o
CRYP_KeyStructInit                                Libraries\STM32F4xx_StdPeriph_Driver\src\stm32f4xx_cryp.o
                                                  Libraries\STM32F4xx_StdPeriph_Driver\src\stm32f4xx_cryp_aes.o
                                                  Libraries\STM32F4xx_StdPeriph_Driver\src\stm32f4xx_cryp_des.o
                                                  Libraries\STM32F4xx_StdPeriph_Driver\src\stm32f4xx_cryp_tdes.o
CRYP_RestoreContext                               Libraries\STM32F4xx_StdPeriph_Driver\src\stm32f4xx_cryp.o
CRYP_SaveContext                                  Libraries\STM32F4xx_StdPeriph_Driver\src\stm32f4xx_cryp.o
CRYP_StructInit                                   Libraries\STM32F4xx_StdPeriph_Driver\src\stm32f4xx_cryp.o
CRYP_TDES_CBC                                     Libraries\STM32F4xx_StdPeriph_Driver\src\stm32f4xx_cryp_tdes.o
CRYP_TDES_ECB                                     Libraries\STM32F4xx_StdPeriph_Driver\src\stm32f4xx_cryp_tdes.o
CommsTask_TxBuffer                                src\SPIcomms.o
                                                  src\hardwareSetup.o
                                                  src\main.o
                                                  src\serial_terminal.o
                                                  src\stm32f4xx_it.o
                                                  src\vComsTask.o
                                                  src\vSensorTask.o
CommsTask_TxBuffer_data                           src\SPIcomms.o
                                                  src\hardwareSetup.o
                                                  src\main.o
                                                  src\serial_terminal.o
                                                  src\stm32f4xx_it.o
                                                  src\vComsTask.o
                                                  src\vSensorTask.o
DAC_ClearFlag                                     Libraries\STM32F4xx_StdPeriph_Driver\src\stm32f4xx_dac.o
DAC_ClearITPendingBit                             Libraries\STM32F4xx_StdPeriph_Driver\src\stm32f4xx_dac.o
DAC_Cmd                                           Libraries\STM32F4xx_StdPeriph_Driver\src\stm32f4xx_dac.o
DAC_DMACmd                                        Libraries\STM32F4xx_StdPeriph_Driver\src\stm32f4xx_dac.o
DAC_DeInit                                        Libraries\STM32F4xx_StdPeriph_Driver\src\stm32f4xx_dac.o
DAC_DualSoftwareTriggerCmd                        Libraries\STM32F4xx_StdPeriph_Driver\src\stm32f4xx_dac.o
DAC_GetDataOutputValue                            Libraries\STM32F4xx_StdPeriph_Driver\src\stm32f4xx_dac.o
DAC_GetFlagStatus                                 Libraries\STM32F4xx_StdPeriph_Driver\src\stm32f4xx_dac.o
DAC_GetITStatus                                   Libraries\STM32F4xx_StdPeriph_Driver\src\stm32f4xx_dac.o
DAC_ITConfig                                      Libraries\STM32F4xx_StdPeriph_Driver\src\stm32f4xx_dac.o
DAC_Init                                          Libraries\STM32F4xx_StdPeriph_Driver\src\stm32f4xx_dac.o
DAC_SetChannel1Data                               Libraries\STM32F4xx_StdPeriph_Driver\src\stm32f4xx_dac.o
DAC_SetChannel2Data                               Libraries\STM32F4xx_StdPeriph_Driver\src\stm32f4xx_dac.o
DAC_SetDualChannelData                            Libraries\STM32F4xx_StdPeriph_Driver\src\stm32f4xx_dac.o
DAC_SoftwareTriggerCmd                            Libraries\STM32F4xx_StdPeriph_Driver\src\stm32f4xx_dac.o
DAC_StructInit                                    Libraries\STM32F4xx_StdPeriph_Driver\src\stm32f4xx_dac.o
DAC_WaveGenerationCmd                             Libraries\STM32F4xx_StdPeriph_Driver\src\stm32f4xx_dac.o
DBGMCU_APB1PeriphConfig                           Libraries\STM32F4xx_StdPeriph_Driver\src\stm32f4xx_dbgmcu.o
DBGMCU_APB2PeriphConfig                           Libraries\STM32F4xx_StdPeriph_Driver\src\stm32f4xx_dbgmcu.o
DBGMCU_Config                                     Libraries\STM32F4xx_StdPeriph_Driver\src\stm32f4xx_dbgmcu.o
DBGMCU_GetDEVID                                   Libraries\STM32F4xx_StdPeriph_Driver\src\stm32f4xx_dbgmcu.o
DBGMCU_GetREVID                                   Libraries\STM32F4xx_StdPeriph_Driver\src\stm32f4xx_dbgmcu.o
DCMI_CROPCmd                                      Libraries\STM32F4xx_StdPeriph_Driver\src\stm32f4xx_dcmi.o
DCMI_CROPConfig                                   Libraries\STM32F4xx_StdPeriph_Driver\src\stm32f4xx_dcmi.o
DCMI_CaptureCmd                                   Libraries\STM32F4xx_StdPeriph_Driver\src\stm32f4xx_dcmi.o
DCMI_ClearFlag                                    Libraries\STM32F4xx_StdPeriph_Driver\src\stm32f4xx_dcmi.o
DCMI_ClearITPendingBit                            Libraries\STM32F4xx_StdPeriph_Driver\src\stm32f4xx_dcmi.o
DCMI_Cmd                                          Libraries\STM32F4xx_StdPeriph_Driver\src\stm32f4xx_dcmi.o
DCMI_DeInit                                       Libraries\STM32F4xx_StdPeriph_Driver\src\stm32f4xx_dcmi.o
DCMI_GetFlagStatus                                Libraries\STM32F4xx_StdPeriph_Driver\src\stm32f4xx_dcmi.o
DCMI_GetITStatus                                  Libraries\STM32F4xx_StdPeriph_Driver\src\stm32f4xx_dcmi.o
DCMI_IRQHandler                                   src\startup_stm32f4xx.o
DCMI_ITConfig                                     Libraries\STM32F4xx_StdPeriph_Driver\src\stm32f4xx_dcmi.o
DCMI_Init                                         Libraries\STM32F4xx_StdPeriph_Driver\src\stm32f4xx_dcmi.o
DCMI_JPEGCmd                                      Libraries\STM32F4xx_StdPeriph_Driver\src\stm32f4xx_dcmi.o
DCMI_ReadData                                     Libraries\STM32F4xx_StdPeriph_Driver\src\stm32f4xx_dcmi.o
DCMI_SetEmbeddedSynchroCodes                      Libraries\STM32F4xx_StdPeriph_Driver\src\stm32f4xx_dcmi.o
DCMI_StructInit                                   Libraries\STM32F4xx_StdPeriph_Driver\src\stm32f4xx_dcmi.o
DMA1_Stream0_IRQHandler                           src\startup_stm32f4xx.o
DMA1_Stream1_IRQHandler                           src\startup_stm32f4xx.o
DMA1_Stream2_IRQHandler                           src\startup_stm32f4xx.o
DMA1_Stream3_IRQHandler                           src\startup_stm32f4xx.o
DMA1_Stream4_IRQHandler                           src\startup_stm32f4xx.o
DMA1_Stream5_IRQHandler                           src\startup_stm32f4xx.o
DMA1_Stream6_IRQHandler                           src\startup_stm32f4xx.o
DMA1_Stream7_IRQHandler                           src\startup_stm32f4xx.o
DMA2_Stream0_IRQHandler                           src\startup_stm32f4xx.o
DMA2_Stream1_IRQHandler                           src\startup_stm32f4xx.o
DMA2_Stream2_IRQHandler                           src\XBEE.o
                                                  src\startup_stm32f4xx.o
DMA2_Stream3_IRQHandler                           src\startup_stm32f4xx.o
DMA2_Stream4_IRQHandler                           src\startup_stm32f4xx.o
DMA2_Stream5_IRQHandler                           src\startup_stm32f4xx.o
DMA2_Stream6_IRQHandler                           src\stm32f4xx_it.o
DMA2_Stream7_IRQHandler                           src\startup_stm32f4xx.o
DMA_ClearFlag                                     Libraries\STM32F4xx_StdPeriph_Driver\src\stm32f4xx_dma.o
DMA_ClearITPendingBit                             Libraries\STM32F4xx_StdPeriph_Driver\src\stm32f4xx_dma.o
                                                  src\XBEE.o
                                                  src\stm32f4xx_it.o
DMA_Cmd                                           Libraries\STM32F4xx_StdPeriph_Driver\src\stm32f4xx_dma.o
                                                  src\XBEE.o
                                                  src\hardwareSetup.o
                                                  src\vComsTask.o
                                                  src\vSensorTask.o
DMA_DeInit                                        Libraries\STM32F4xx_StdPeriph_Driver\src\stm32f4xx_dma.o
                                                  src\XBEE.o
                                                  src\hardwareSetup.o
DMA_DoubleBufferModeCmd                           Libraries\STM32F4xx_StdPeriph_Driver\src\stm32f4xx_dma.o
DMA_DoubleBufferModeConfig                        Libraries\STM32F4xx_StdPeriph_Driver\src\stm32f4xx_dma.o
DMA_FlowControllerConfig                          Libraries\STM32F4xx_StdPeriph_Driver\src\stm32f4xx_dma.o
DMA_GetCmdStatus                                  Libraries\STM32F4xx_StdPeriph_Driver\src\stm32f4xx_dma.o
                                                  src\XBEE.o
                                                  src\hardwareSetup.o
                                                  src\vComsTask.o
                                                  src\vSensorTask.o
DMA_GetCurrDataCounter                            Libraries\STM32F4xx_StdPeriph_Driver\src\stm32f4xx_dma.o
                                                  src\vSensorTask.o
DMA_GetCurrentMemoryTarget                        Libraries\STM32F4xx_StdPeriph_Driver\src\stm32f4xx_dma.o
DMA_GetFIFOStatus                                 Libraries\STM32F4xx_StdPeriph_Driver\src\stm32f4xx_dma.o
DMA_GetFlagStatus                                 Libraries\STM32F4xx_StdPeriph_Driver\src\stm32f4xx_dma.o
DMA_GetITStatus                                   Libraries\STM32F4xx_StdPeriph_Driver\src\stm32f4xx_dma.o
                                                  src\XBEE.o
                                                  src\stm32f4xx_it.o
DMA_ITConfig                                      Libraries\STM32F4xx_StdPeriph_Driver\src\stm32f4xx_dma.o
                                                  src\hardwareSetup.o
DMA_Init                                          Libraries\STM32F4xx_StdPeriph_Driver\src\stm32f4xx_dma.o
                                                  src\XBEE.o
                                                  src\hardwareSetup.o
DMA_MemoryTargetConfig                            Libraries\STM32F4xx_StdPeriph_Driver\src\stm32f4xx_dma.o
DMA_PeriphIncOffsetSizeConfig                     Libraries\STM32F4xx_StdPeriph_Driver\src\stm32f4xx_dma.o
DMA_SetCurrDataCounter                            Libraries\STM32F4xx_StdPeriph_Driver\src\stm32f4xx_dma.o
                                                  src\vComsTask.o
DMA_StructInit                                    Libraries\STM32F4xx_StdPeriph_Driver\src\stm32f4xx_dma.o
                                                  src\XBEE.o
                                                  src\hardwareSetup.o
DebugMon_Handler                                  src\stm32f4xx_it.o
Default_Handler                                   src\startup_stm32f4xx.o
ETH_IRQHandler                                    src\startup_stm32f4xx.o
ETH_WKUP_IRQHandler                               src\startup_stm32f4xx.o
EXTI0_IRQHandler                                  src\stm32f4xx_it.o
EXTI15_10_IRQHandler                              src\startup_stm32f4xx.o
EXTI1_IRQHandler                                  src\startup_stm32f4xx.o
EXTI2_IRQHandler                                  src\startup_stm32f4xx.o