Archive member included because of file (symbol)

c:/program files (x86)/atollic/truestudio for arm lite 5.0.0/armtools/bin/../lib/gcc/arm-atollic-eabi/4.7.3/../../../../arm-atollic-eabi/lib/armv7e-m/softfp\libc.a(lib_a-init.o)
                              src\startup_stm32f4xx.o (__libc_init_array)
c:/program files (x86)/atollic/truestudio for arm lite 5.0.0/armtools/bin/../lib/gcc/arm-atollic-eabi/4.7.3/../../../../arm-atollic-eabi/lib/armv7e-m/softfp\libc.a(lib_a-memcpy.o)
                              src\FreeRTOS\queue.o (memcpy)
c:/program files (x86)/atollic/truestudio for arm lite 5.0.0/armtools/bin/../lib/gcc/arm-atollic-eabi/4.7.3/../../../../arm-atollic-eabi/lib/armv7e-m/softfp\libc.a(lib_a-memset.o)
                              src\FreeRTOS\tasks.o (memset)
c:/program files (x86)/atollic/truestudio for arm lite 5.0.0/armtools/bin/../lib/gcc/arm-atollic-eabi/4.7.3/../../../../arm-atollic-eabi/lib/armv7e-m/softfp\libc.a(lib_a-sprintf.o)
                              src\FreeRTOS\tasks.o (sprintf)
c:/program files (x86)/atollic/truestudio for arm lite 5.0.0/armtools/bin/../lib/gcc/arm-atollic-eabi/4.7.3/../../../../arm-atollic-eabi/lib/armv7e-m/softfp\libc.a(lib_a-strcat.o)
                              src\FreeRTOS\tasks.o (strcat)
c:/program files (x86)/atollic/truestudio for arm lite 5.0.0/armtools/bin/../lib/gcc/arm-atollic-eabi/4.7.3/../../../../arm-atollic-eabi/lib/armv7e-m/softfp\libc.a(lib_a-strlen.o)
                              src\FreeRTOS\tasks.o (strlen)
c:/program files (x86)/atollic/truestudio for arm lite 5.0.0/armtools/bin/../lib/gcc/arm-atollic-eabi/4.7.3/../../../../arm-atollic-eabi/lib/armv7e-m/softfp\libc.a(lib_a-strncpy.o)
                              src\FreeRTOS\tasks.o (strncpy)
c:/program files (x86)/atollic/truestudio for arm lite 5.0.0/armtools/bin/../lib/gcc/arm-atollic-eabi/4.7.3/../../../../arm-atollic-eabi/lib/armv7e-m/softfp\libc.a(lib_a-svfprintf.o)
                              c:/program files (x86)/atollic/truestudio for arm lite 5.0.0/armtools/bin/../lib/gcc/arm-atollic-eabi/4.7.3/../../../../arm-atollic-eabi/lib/armv7e-m/softfp\libc.a(lib_a-sprintf.o) (_svfprintf_r)
c:/program files (x86)/atollic/truestudio for arm lite 5.0.0/armtools/bin/../lib/gcc/arm-atollic-eabi/4.7.3/../../../../arm-atollic-eabi/lib/armv7e-m/softfp\libc.a(lib_a-dtoa.o)
                              c:/program files (x86)/atollic/truestudio for arm lite 5.0.0/armtools/bin/../lib/gcc/arm-atollic-eabi/4.7.3/../../../../arm-atollic-eabi/lib/armv7e-m/softfp\libc.a(lib_a-svfprintf.o) (_dtoa_r)
c:/program files (x86)/atollic/truestudio for arm lite 5.0.0/armtools/bin/../lib/gcc/arm-atollic-eabi/4.7.3/../../../../arm-atollic-eabi/lib/armv7e-m/softfp\libc.a(lib_a-impure.o)
                              c:/program files (x86)/atollic/truestudio for arm lite 5.0.0/armtools/bin/../lib/gcc/arm-atollic-eabi/4.7.3/../../../../arm-atollic-eabi/lib/armv7e-m/softfp\libc.a(lib_a-sprintf.o) (_impure_ptr)
c:/program files (x86)/atollic/truestudio for arm lite 5.0.0/armtools/bin/../lib/gcc/arm-atollic-eabi/4.7.3/../../../../arm-atollic-eabi/lib/armv7e-m/softfp\libc.a(lib_a-locale.o)
                              c:/program files (x86)/atollic/truestudio for arm lite 5.0.0/armtools/bin/../lib/gcc/arm-atollic-eabi/4.7.3/../../../../arm-atollic-eabi/lib/armv7e-m/softfp\libc.a(lib_a-svfprintf.o) (_localeconv_r)
c:/program files (x86)/atollic/truestudio for arm lite 5.0.0/armtools/bin/../lib/gcc/arm-atollic-eabi/4.7.3/../../../../arm-atollic-eabi/lib/armv7e-m/softfp\libc.a(lib_a-malloc.o)
                              c:/program files (x86)/atollic/truestudio for arm lite 5.0.0/armtools/bin/../lib/gcc/arm-atollic-eabi/4.7.3/../../../../arm-atollic-eabi/lib/armv7e-m/softfp\libc.a(lib_a-dtoa.o) (malloc)
c:/program files (x86)/atollic/truestudio for arm lite 5.0.0/armtools/bin/../lib/gcc/arm-atollic-eabi/4.7.3/../../../../arm-atollic-eabi/lib/armv7e-m/softfp\libc.a(lib_a-mallocr.o)
                              c:/program files (x86)/atollic/truestudio for arm lite 5.0.0/armtools/bin/../lib/gcc/arm-atollic-eabi/4.7.3/../../../../arm-atollic-eabi/lib/armv7e-m/softfp\libc.a(lib_a-svfprintf.o) (_malloc_r)
c:/program files (x86)/atollic/truestudio for arm lite 5.0.0/armtools/bin/../lib/gcc/arm-atollic-eabi/4.7.3/../../../../arm-atollic-eabi/lib/armv7e-m/softfp\libc.a(lib_a-memchr.o)
                              c:/program files (x86)/atollic/truestudio for arm lite 5.0.0/armtools/bin/../lib/gcc/arm-atollic-eabi/4.7.3/../../../../arm-atollic-eabi/lib/armv7e-m/softfp\libc.a(lib_a-svfprintf.o) (memchr)
c:/program files (x86)/atollic/truestudio for arm lite 5.0.0/armtools/bin/../lib/gcc/arm-atollic-eabi/4.7.3/../../../../arm-atollic-eabi/lib/armv7e-m/softfp\libc.a(lib_a-mlock.o)
[...]
Memory Configuration

Name             Origin             Length             Attributes
FLASH            0x08000000         0x00100000         xr
RAM              0x20000000         0x00020000         xrw
MEMORY_B1        0x60000000         0x00000000         xr
*default*        0x00000000         0xffffffff

Linker script and memory map

LOAD c:/program files (x86)/atollic/truestudio for arm lite 5.0.0/armtools/bin/../lib/gcc/arm-atollic-eabi/4.7.3/armv7e-m/softfp/crti.o
LOAD c:/program files (x86)/atollic/truestudio for arm lite 5.0.0/armtools/bin/../lib/gcc/arm-atollic-eabi/4.7.3/armv7e-m/softfp/crtbegin.o
LOAD src\vSensorTask.o
LOAD src\vComsTask.o
LOAD src\utils.o
LOAD src\system_stm32f4xx.o
LOAD src\stm32f4xx_it.o
LOAD src\stm32f4_discovery_lis302dl.o
LOAD src\startup_stm32f4xx.o
LOAD src\serial_terminal.o
LOAD src\mems.o
LOAD src\main.o
LOAD src\loopTimer.o
LOAD src\hardwareSetup.o
LOAD src\debug.o
LOAD src\FreeRTOS\timers.o
LOAD src\FreeRTOS\tasks.o
LOAD src\FreeRTOS\queue.o
LOAD src\FreeRTOS\portable\MemMang\heap_1.o
LOAD src\FreeRTOS\portable\GCC\ARM_CM4F\port.o
LOAD src\FreeRTOS\list.o
LOAD src\FreeRTOS\croutine.o
LOAD src\CRC.o
LOAD Libraries\STM32F4xx_StdPeriph_Driver\src\stm32f4xx_wwdg.o
LOAD Libraries\STM32F4xx_StdPeriph_Driver\src\stm32f4xx_usart.o
LOAD Libraries\STM32F4xx_StdPeriph_Driver\src\stm32f4xx_tim.o
LOAD Libraries\STM32F4xx_StdPeriph_Driver\src\stm32f4xx_syscfg.o
LOAD Libraries\STM32F4xx_StdPeriph_Driver\src\stm32f4xx_spi.o
LOAD Libraries\STM32F4xx_StdPeriph_Driver\src\stm32f4xx_sdio.o
LOAD Libraries\STM32F4xx_StdPeriph_Driver\src\stm32f4xx_rtc.o
LOAD Libraries\STM32F4xx_StdPeriph_Driver\src\stm32f4xx_rng.o
LOAD Libraries\STM32F4xx_StdPeriph_Driver\src\stm32f4xx_rcc.o
LOAD Libraries\STM32F4xx_StdPeriph_Driver\src\stm32f4xx_pwr.o
LOAD Libraries\STM32F4xx_StdPeriph_Driver\src\stm32f4xx_iwdg.o
LOAD Libraries\STM32F4xx_StdPeriph_Driver\src\stm32f4xx_i2c.o
LOAD Libraries\STM32F4xx_StdPeriph_Driver\src\stm32f4xx_hash_sha1.o
LOAD Libraries\STM32F4xx_StdPeriph_Driver\src\stm32f4xx_hash_md5.o
LOAD Libraries\STM32F4xx_StdPeriph_Driver\src\stm32f4xx_hash.o
LOAD Libraries\STM32F4xx_StdPeriph_Driver\src\stm32f4xx_gpio.o
LOAD Libraries\STM32F4xx_StdPeriph_Driver\src\stm32f4xx_fsmc.o
LOAD Libraries\STM32F4xx_StdPeriph_Driver\src\stm32f4xx_flash.o
LOAD Libraries\STM32F4xx_StdPeriph_Driver\src\stm32f4xx_exti.o
LOAD Libraries\STM32F4xx_StdPeriph_Driver\src\stm32f4xx_dma.o
LOAD Libraries\STM32F4xx_StdPeriph_Driver\src\stm32f4xx_dcmi.o
LOAD Libraries\STM32F4xx_StdPeriph_Driver\src\stm32f4xx_dbgmcu.o
LOAD Libraries\STM32F4xx_StdPeriph_Driver\src\stm32f4xx_dac.o
LOAD Libraries\STM32F4xx_StdPeriph_Driver\src\stm32f4xx_cryp_tdes.o
LOAD Libraries\STM32F4xx_StdPeriph_Driver\src\stm32f4xx_cryp_des.o
LOAD Libraries\STM32F4xx_StdPeriph_Driver\src\stm32f4xx_cryp_aes.o
LOAD Libraries\STM32F4xx_StdPeriph_Driver\src\stm32f4xx_cryp.o
LOAD Libraries\STM32F4xx_StdPeriph_Driver\src\stm32f4xx_crc.o
LOAD Libraries\STM32F4xx_StdPeriph_Driver\src\stm32f4xx_can.o
LOAD Libraries\STM32F4xx_StdPeriph_Driver\src\stm32f4xx_adc.o
LOAD Libraries\STM32F4xx_StdPeriph_Driver\src\stm32f4_discovery.o
LOAD Libraries\STM32F4xx_StdPeriph_Driver\src\misc.o
LOAD c:/program files (x86)/atollic/truestudio for arm lite 5.0.0/armtools/bin/../lib/gcc/arm-atollic-eabi/4.7.3/../../../../arm-atollic-eabi/lib/armv7e-m/softfp\libm.a
START GROUP
LOAD c:/program files (x86)/atollic/truestudio for arm lite 5.0.0/armtools/bin/../lib/gcc/arm-atollic-eabi/4.7.3/../../../../arm-atollic-eabi/lib/armv7e-m/softfp\libc.a
LOAD c:/program files (x86)/atollic/truestudio for arm lite 5.0.0/armtools/bin/../lib/gcc/arm-atollic-eabi/4.7.3/../../../../arm-atollic-eabi/lib/armv7e-m/softfp\libm.a
END GROUP
                0x00001000                malloc_getpagesize_P = 0x1000
START GROUP
LOAD c:/program files (x86)/atollic/truestudio for arm lite 5.0.0/armtools/bin/../lib/gcc/arm-atollic-eabi/4.7.3/armv7e-m/softfp\libgcc.a
LOAD c:/program files (x86)/atollic/truestudio for arm lite 5.0.0/armtools/bin/../lib/gcc/arm-atollic-eabi/4.7.3/../../../../arm-atollic-eabi/lib/armv7e-m/softfp\libc.a
END GROUP
LOAD c:/program files (x86)/atollic/truestudio for arm lite 5.0.0/armtools/bin/../lib/gcc/arm-atollic-eabi/4.7.3/armv7e-m/softfp/crtend.o
LOAD c:/program files (x86)/atollic/truestudio for arm lite 5.0.0/armtools/bin/../lib/gcc/arm-atollic-eabi/4.7.3/armv7e-m/softfp/crtn.o
                0x20020000                _estack = 0x20020000
                0x00000000                _Min_Heap_Size = 0x0
                0x00000400                _Min_Stack_Size = 0x400

.isr_vector     0x08000000      0x188
                0x08000000                . = ALIGN (0x4)
 *(.isr_vector)
 .isr_vector    0x08000000      0x188 src\startup_stm32f4xx.o
                0x08000000                g_pfnVectors
                0x08000188                . = ALIGN (0x4)

.text           0x08000188     0x5bd8
                0x08000188                . = ALIGN (0x4)
 *(.text)
 .text          0x08000188       0x54 c:/program files (x86)/atollic/truestudio for arm lite 5.0.0/armtools/bin/../lib/gcc/arm-atollic-eabi/4.7.3/armv7e-m/softfp/crtbegin.o
 *(.text*)
 .text.vSensorTask
                0x080001dc      0x6bc src\vSensorTask.o
                0x080001dc                vSensorTask
 .text.vCommsTask
                0x08000898      0x324 src\vComsTask.o
                0x08000898                vCommsTask
 .text.SystemInit
                0x08000bbc       0x94 src\system_stm32f4xx.o
                0x08000bbc                SystemInit
 .text.SetSysClock
                0x08000c50      0x188 src\system_stm32f4xx.o
 .text.TIM2_IRQHandler
                0x08000dd8       0x5c src\stm32f4xx_it.o
                0x08000dd8                TIM2_IRQHandler
 .text.DMA2_Stream6_IRQHandler
                0x08000e34       0x60 src\stm32f4xx_it.o
                0x08000e34                DMA2_Stream6_IRQHandler
 .text.USART2_IRQHandler
                0x08000e94       0x30 src\stm32f4xx_it.o
                0x08000e94                USART2_IRQHandler
 .text.NMI_Handler
                0x08000ec4        0xc src\stm32f4xx_it.o
                0x08000ec4                NMI_Handler
 .text.HardFault_Handler
                0x08000ed0        0x8 src\stm32f4xx_it.o
                0x08000ed0                HardFault_Handler
 .text.MemManage_Handler
                0x08000ed8        0x8 src\stm32f4xx_it.o
                0x08000ed8                MemManage_Handler
 .text.BusFault_Handler
                0x08000ee0        0x8 src\stm32f4xx_it.o
                0x08000ee0                BusFault_Handler
 .text.UsageFault_Handler
                0x08000ee8        0x8 src\stm32f4xx_it.o
                0x08000ee8                UsageFault_Handler
 .text.DebugMon_Handler
                0x08000ef0        0xc src\stm32f4xx_it.o
                0x08000ef0                DebugMon_Handler
 .text.Reset_Handler
                0x08000efc       0x60 src\startup_stm32f4xx.o
                0x08000efc                Reset_Handler
 .text.Default_Handler
                0x08000f5c        0x4 src\startup_stm32f4xx.o
                0x08000f5c                RTC_Alarm_IRQHandler
                0x08000f5c                HASH_RNG_IRQHandler
                0x08000f5c                EXTI2_IRQHandler
                0x08000f5c                TIM8_CC_IRQHandler
                0x08000f5c                TIM1_CC_IRQHandler
                0x08000f5c                DMA2_Stream5_IRQHandler
                0x08000f5c                DMA1_Stream5_IRQHandler
                0x08000f5c                PVD_IRQHandler
                0x08000f5c                SDIO_IRQHandler
                0x08000f5c                TAMP_STAMP_IRQHandler
                0x08000f5c                CAN2_RX1_IRQHandler
                0x08000f5c                EXTI3_IRQHandler
                0x08000f5c                TIM8_TRG_COM_TIM14_IRQHandler
                0x08000f5c                TIM1_UP_TIM10_IRQHandler
                0x08000f5c                TIM8_UP_TIM13_IRQHandler
                0x08000f5c                I2C3_ER_IRQHandler
                0x08000f5c                EXTI0_IRQHandler
                0x08000f5c                I2C2_EV_IRQHandler
                0x08000f5c                DMA1_Stream2_IRQHandler
                0x08000f5c                CAN1_RX0_IRQHandler
                0x08000f5c                FPU_IRQHandler
                0x08000f5c                OTG_HS_WKUP_IRQHandler
                0x08000f5c                CAN2_SCE_IRQHandler
                0x08000f5c                DMA2_Stream2_IRQHandler
                0x08000f5c                SPI1_IRQHandler
                0x08000f5c                TIM6_DAC_IRQHandler
                0x08000f5c                TIM1_BRK_TIM9_IRQHandler
                0x08000f5c                DCMI_IRQHandler
                0x08000f5c                CAN2_RX0_IRQHandler
                0x08000f5c                DMA2_Stream3_IRQHandler
                0x08000f5c                USART6_IRQHandler
                0x08000f5c                USART3_IRQHandler
                0x08000f5c                CRYP_IRQHandler
                0x08000f5c                CAN1_RX1_IRQHandler
                0x08000f5c                UART5_IRQHandler
                0x08000f5c                DMA2_Stream0_IRQHandler
                0x08000f5c                TIM4_IRQHandler
                0x08000f5c                I2C1_EV_IRQHandler
                0x08000f5c                DMA1_Stream6_IRQHandler
                0x08000f5c                DMA1_Stream1_IRQHandler
                0x08000f5c                UART4_IRQHandler
                0x08000f5c                TIM3_IRQHandler
                0x08000f5c                RCC_IRQHandler
                0x08000f5c                TIM8_BRK_TIM12_IRQHandler
                0x08000f5c                Default_Handler
                0x08000f5c                EXTI15_10_IRQHandler
                0x08000f5c                ADC_IRQHandler
                0x08000f5c                DMA1_Stream7_IRQHandler
                0x08000f5c                TIM7_IRQHandler
                0x08000f5c                CAN2_TX_IRQHandler
                0x08000f5c                TIM5_IRQHandler
                0x08000f5c                DMA2_Stream7_IRQHandler
                0x08000f5c                I2C3_EV_IRQHandler
                0x08000f5c                EXTI9_5_IRQHandler
                0x08000f5c                RTC_WKUP_IRQHandler
                0x08000f5c                ETH_WKUP_IRQHandler
                0x08000f5c                SPI2_IRQHandler
                0x08000f5c                OTG_HS_EP1_IN_IRQHandler
                0x08000f5c                DMA1_Stream0_IRQHandler
                0x08000f5c                CAN1_TX_IRQHandler
                0x08000f5c                EXTI4_IRQHandler
                0x08000f5c                FSMC_IRQHandler
                0x08000f5c                ETH_IRQHandler
                0x08000f5c                OTG_HS_EP1_OUT_IRQHandler
                0x08000f5c                WWDG_IRQHandler
                0x08000f5c                OTG_FS_WKUP_IRQHandler
                0x08000f5c                TIM1_TRG_COM_TIM11_IRQHandler
                0x08000f5c                OTG_HS_IRQHandler
                0x08000f5c                EXTI1_IRQHandler
                0x08000f5c                I2C2_ER_IRQHandler
                0x08000f5c                DMA2_Stream1_IRQHandler
                0x08000f5c                CAN1_SCE_IRQHandler
                0x08000f5c                FLASH_IRQHandler
                0x08000f5c                DMA2_Stream4_IRQHandler
                0x08000f5c                USART1_IRQHandler
                0x08000f5c                OTG_FS_IRQHandler
                0x08000f5c                SPI3_IRQHandler
                0x08000f5c                DMA1_Stream4_IRQHandler
                0x08000f5c                I2C1_ER_IRQHandler
                0x08000f5c                DMA1_Stream3_IRQHandler
 .text.serialTerminal_Init
                0x08000f60        0xc src\serial_terminal.o
                0x08000f60                serialTerminal_Init
 .text.serialTerminal_packetize
                0x08000f6c      0x624 src\serial_terminal.o
                0x08000f6c                serialTerminal_packetize
 .text.dePacketize
                0x08001590      0x184 src\serial_terminal.o
 .text.serial_terminal_ProcessPacketS1
                0x08001714      0x114 src\serial_terminal.o
                0x08001714                serial_terminal_ProcessPacketS1
 .text.serial_terminal_ProcessPacketS2
                0x08001828      0x114 src\serial_terminal.o
                0x08001828                serial_terminal_ProcessPacketS2
 .text.serial_terminal_ProcessHACK
                0x0800193c       0xc0 src\serial_terminal.o
                0x0800193c                serial_terminal_ProcessHACK
 .text.main     0x080019fc       0xa4 src\main.o
                0x080019fc                main
 .text.debugPins
                0x08001aa0       0x80 src\main.o
                0x08001aa0                debugPins
 .text.vApplicationTickHook
                0x08001b20       0x30 src\main.o
                0x08001b20                vApplicationTickHook
 .text.vApplicationIdleHook
                0x08001b50       0x30 src\main.o
                0x08001b50                vApplicationIdleHook
 .text.vApplicationMallocFailedHook
                0x08001b80       0x10 src\main.o
                0x08001b80                vApplicationMallocFailedHook
 .text.setUpLoopTimer
                0x08001b90      0x148 src\loopTimer.o
                0x08001b90                setUpLoopTimer
 .text.setupSensorHardware
                0x08001cd8      0x21c src\hardwareSetup.o
                0x08001cd8                setupSensorHardware
 .text.setupCommsHardware
                0x08001ef4      0x160 src\hardwareSetup.o
                0x08001ef4                setupCommsHardware
 .text.comms_dma_init
                0x08002054      0x124 src\hardwareSetup.o
                0x08002054                comms_dma_init
 .text.s1_dma_init
                0x08002178       0xf0 src\hardwareSetup.o
                0x08002178                s1_dma_init
 .text.hackDMAinit
                0x08002268       0xf0 src\hardwareSetup.o
                0x08002268                hackDMAinit
 .text.xTimerCreateTimerTask
                0x08002358       0x70 src\FreeRTOS\timers.o
                0x08002358                xTimerCreateTimerTask
 .text.xTimerGenericCommand
                0x080023c8       0xac src\FreeRTOS\timers.o
                0x080023c8                xTimerGenericCommand
 .text.prvProcessExpiredTimer
                0x08002474       0x80 src\FreeRTOS\timers.o
 .text.prvTimerTask
                0x080024f4       0x24 src\FreeRTOS\timers.o
 .text.prvProcessTimerOrBlockTask
                0x08002518       0x74 src\FreeRTOS\timers.o
 .text.prvGetNextExpireTime
                0x0800258c       0x54 src\FreeRTOS\timers.o
 .text.prvSampleTimeNow
                0x080025e0       0x58 src\FreeRTOS\timers.o
 .text.prvInsertTimerInActiveList
                0x08002638       0x94 src\FreeRTOS\timers.o
 .text.prvProcessReceivedCommands
                0x080026cc      0x114 src\FreeRTOS\timers.o
 .text.prvSwitchTimerLists
                0x080027e0       0xec src\FreeRTOS\timers.o
 .text.prvCheckForValidListAndQueue
                0x080028cc       0x74 src\FreeRTOS\timers.o
 .text.xTaskGenericCreate
                0x08002940      0x1ec src\FreeRTOS\tasks.o
                0x08002940                xTaskGenericCreate
 .text.vTaskDelayUntil
                0x08002b2c       0xd0 src\FreeRTOS\tasks.o
                0x08002b2c                vTaskDelayUntil
 .text.vTaskStartScheduler
                0x08002bfc       0x90 src\FreeRTOS\tasks.o
                0x08002bfc                vTaskStartScheduler
 .text.vTaskSuspendAll
                0x08002c8c       0x24 src\FreeRTOS\tasks.o
                0x08002c8c                vTaskSuspendAll
 .text.xTaskResumeAll
                0x08002cb0      0x168 src\FreeRTOS\tasks.o
                0x08002cb0                xTaskResumeAll
 .text.xTaskGetTickCount
                0x08002e18       0x28 src\FreeRTOS\tasks.o
                0x08002e18                xTaskGetTickCount
 .text.vTaskIncrementTick
                0x08002e40      0x1e4 src\FreeRTOS\tasks.o
                0x08002e40                vTaskIncrementTick
 .text.vTaskSwitchContext
                0x08003024       0xdc src\FreeRTOS\tasks.o
                0x08003024                vTaskSwitchContext
 .text.vTaskPlaceOnEventList
                0x08003100       0x88 src\FreeRTOS\tasks.o
                0x08003100                vTaskPlaceOnEventList
 .text.vTaskPlaceOnEventListRestricted
                0x08003188       0x64 src\FreeRTOS\tasks.o
                0x08003188                vTaskPlaceOnEventListRestricted
 .text.xTaskRemoveFromEventList
                0x080031ec       0xd4 src\FreeRTOS\tasks.o
                0x080031ec                xTaskRemoveFromEventList
 .text.vTaskSetTimeOutState
                0x080032c0       0x40 src\FreeRTOS\tasks.o
                0x080032c0                vTaskSetTimeOutState
 .text.xTaskCheckForTimeOut
                0x08003300       0xc4 src\FreeRTOS\tasks.o
                0x08003300                xTaskCheckForTimeOut
 .text.vTaskMissedYield
                0x080033c4       0x18 src\FreeRTOS\tasks.o
                0x080033c4                vTaskMissedYield
 .text.prvIdleTask
                0x080033dc       0x24 src\FreeRTOS\tasks.o
 .text.prvInitialiseTCBVariables
                0x08003400       0x78 src\FreeRTOS\tasks.o
 .text.prvInitialiseTaskLists
                0x08003478       0xa4 src\FreeRTOS\tasks.o
 .text.prvCheckTasksWaitingTermination
                0x0800351c       0x98 src\FreeRTOS\tasks.o
 .text.prvAddCurrentTaskToDelayedList
                0x080035b4       0x8c src\FreeRTOS\tasks.o
 .text.prvAllocateTCBAndStack
                0x08003640       0x70 src\FreeRTOS\tasks.o
 .text.prvDeleteTCB
                0x080036b0       0x20 src\FreeRTOS\tasks.o
 .text.xTaskGetCurrentTaskHandle
                0x080036d0       0x20 src\FreeRTOS\tasks.o
                0x080036d0                xTaskGetCurrentTaskHandle
 .text.xTaskGetSchedulerState
                0x080036f0       0x48 src\FreeRTOS\tasks.o
                0x080036f0                xTaskGetSchedulerState
 .text.vTaskPriorityInherit
                0x08003738       0xe4 src\FreeRTOS\tasks.o
                0x08003738                vTaskPriorityInherit
 .text.vTaskPriorityDisinherit
                0x0800381c       0x90 src\FreeRTOS\tasks.o
                0x0800381c                vTaskPriorityDisinherit
 .text.xQueueGenericCreate
                0x080038ac       0xe8 src\FreeRTOS\queue.o
                0x080038ac                xQueueGenericCreate
 .text.xQueueCreateMutex
                0x08003994       0xb0 src\FreeRTOS\queue.o
                0x08003994                xQueueCreateMutex
 .text.xQueueGenericSend
                0x08003a44      0x154 src\FreeRTOS\queue.o
                0x08003a44                xQueueGenericSend
 .text.xQueueGenericSendFromISR
                0x08003b98       0xd4 src\FreeRTOS\queue.o
                0x08003b98                xQueueGenericSendFromISR
 .text.xQueueGenericReceive
                0x08003c6c      0x1bc src\FreeRTOS\queue.o
                0x08003c6c                xQueueGenericReceive
 .text.prvCopyDataToQueue
                0x08003e28       0xc4 src\FreeRTOS\queue.o
 .text.prvCopyDataFromQueue
                0x08003eec       0x50 src\FreeRTOS\queue.o
 .text.prvUnlockQueue
                0x08003f3c       0xa0 src\FreeRTOS\queue.o
 .text.prvIsQueueEmpty
                0x08003fdc       0x2c src\FreeRTOS\queue.o
 .text.prvIsQueueFull
                0x08004008       0x30 src\FreeRTOS\queue.o
 .text.vQueueWaitForMessageRestricted
                0x08004038       0x5c src\FreeRTOS\queue.o
                0x08004038                vQueueWaitForMessageRestricted
 .text.pvPortMalloc
                0x08004094       0xa8 src\FreeRTOS\portable\MemMang\heap_1.o
                0x08004094                pvPortMalloc
 .text.vPortFree
                0x0800413c       0x14 src\FreeRTOS\portable\MemMang\heap_1.o
                0x0800413c                vPortFree
 .text.pxPortInitialiseStack
                0x08004150       0x68 src\FreeRTOS\portable\GCC\ARM_CM4F\port.o
                0x08004150                pxPortInitialiseStack
 .text.SVC_Handler
                0x080041b8       0x20 src\FreeRTOS\portable\GCC\ARM_CM4F\port.o
                0x080041b8                SVC_Handler
 .text.vPortStartFirstTask
                0x080041d8       0x14 src\FreeRTOS\portable\GCC\ARM_CM4F\port.o
                0x080041d8                vPortStartFirstTask
 .text.xPortStartScheduler
                0x080041ec       0x54 src\FreeRTOS\portable\GCC\ARM_CM4F\port.o
                0x080041ec                xPortStartScheduler
 .text.vPortYieldFromISR
                0x08004240       0x18 src\FreeRTOS\portable\GCC\ARM_CM4F\port.o
                0x08004240                vPortYieldFromISR
 .text.vPortEnterCritical
                0x08004258       0x2c src\FreeRTOS\portable\GCC\ARM_CM4F\port.o
                0x08004258                vPortEnterCritical
 .text.vPortExitCritical
                0x08004284       0x38 src\FreeRTOS\portable\GCC\ARM_CM4F\port.o
                0x08004284                vPortExitCritical
 .text.PendSV_Handler
                0x080042bc       0x58 src\FreeRTOS\portable\GCC\ARM_CM4F\port.o
                0x080042bc                PendSV_Handler
 .text.SysTick_Handler
                0x08004314       0x38 src\FreeRTOS\portable\GCC\ARM_CM4F\port.o
                0x08004314                SysTick_Handler
 .text.prvSetupTimerInterrupt
                0x0800434c       0x2c src\FreeRTOS\portable\GCC\ARM_CM4F\port.o
 .text.vListInitialise
                0x08004378       0x40 src\FreeRTOS\list.o
                0x08004378                vListInitialise
 .text.vListInitialiseItem
                0x080043b8       0x1c src\FreeRTOS\list.o
                0x080043b8                vListInitialiseItem
 .text.vListInsertEnd
                0x080043d4       0x50 src\FreeRTOS\list.o
                0x080043d4                vListInsertEnd
 .text.vListInsert
                0x08004424       0x74 src\FreeRTOS\list.o
                0x08004424                vListInsert
 .text.vListRemove
                0x08004498       0x54 src\FreeRTOS\list.o
                0x08004498                vListRemove
 .text.initCRC  0x080044ec       0x18 src\CRC.o
                0x080044ec                initCRC
 .text.crcCalc  0x08004504       0x74 src\CRC.o
                0x08004504                crcCalc
 .text.buildTable
                0x08004578       0x98 src\CRC.o
 .text.USART_Init
                0x08004610      0x1ac Libraries\STM32F4xx_StdPeriph_Driver\src\stm32f4xx_usart.o
                0x08004610                USART_Init
 .text.USART_StructInit
                0x080047bc       0x44 Libraries\STM32F4xx_StdPeriph_Driver\src\stm32f4xx_usart.o
                0x080047bc                USART_StructInit
 .text.USART_Cmd
                0x08004800       0x40 Libraries\STM32F4xx_StdPeriph_Driver\src\stm32f4xx_usart.o
                0x08004800                USART_Cmd
 .text.USART_SendData
                0x08004840       0x28 Libraries\STM32F4xx_StdPeriph_Driver\src\stm32f4xx_usart.o
                0x08004840                USART_SendData
 .text.USART_DMACmd
                0x08004868       0x48 Libraries\STM32F4xx_StdPeriph_Driver\src\stm32f4xx_usart.o
                0x08004868                USART_DMACmd
 .text.USART_ClearFlag
                0x080048b0       0x24 Libraries\STM32F4xx_StdPeriph_Driver\src\stm32f4xx_usart.o
                0x080048b0                USART_ClearFlag
 .text.TIM_TimeBaseInit
                0x080048d4       0xf4 Libraries\STM32F4xx_StdPeriph_Driver\src\stm32f4xx_tim.o
                0x080048d4                TIM_TimeBaseInit
 .text.TIM_Cmd  0x080049c8       0x40 Libraries\STM32F4xx_StdPeriph_Driver\src\stm32f4xx_tim.o
                0x080049c8                TIM_Cmd
 .text.TIM_OC1Init
                0x08004a08       0xfc Libraries\STM32F4xx_StdPeriph_Driver\src\stm32f4xx_tim.o
                0x08004a08                TIM_OC1Init
 .text.TIM_ICInit
                0x08004b04       0xa8 Libraries\STM32F4xx_StdPeriph_Driver\src\stm32f4xx_tim.o
                0x08004b04                TIM_ICInit
 .text.TIM_SetIC1Prescaler
                0x08004bac       0x38 Libraries\STM32F4xx_StdPeriph_Driver\src\stm32f4xx_tim.o
                0x08004bac                TIM_SetIC1Prescaler
 .text.TIM_SetIC2Prescaler
                0x08004be4       0x3c Libraries\STM32F4xx_StdPeriph_Driver\src\stm32f4xx_tim.o
                0x08004be4                TIM_SetIC2Prescaler
 .text.TIM_SetIC3Prescaler
                0x08004c20       0x38 Libraries\STM32F4xx_StdPeriph_Driver\src\stm32f4xx_tim.o
                0x08004c20                TIM_SetIC3Prescaler
 .text.TIM_SetIC4Prescaler
                0x08004c58       0x3c Libraries\STM32F4xx_StdPeriph_Driver\src\stm32f4xx_tim.o
                0x08004c58                TIM_SetIC4Prescaler
 .text.TIM_ITConfig
                0x08004c94       0x48 Libraries\STM32F4xx_StdPeriph_Driver\src\stm32f4xx_tim.o
                0x08004c94                TIM_ITConfig
 .text.TIM_GetITStatus
                0x08004cdc       0x60 Libraries\STM32F4xx_StdPeriph_Driver\src\stm32f4xx_tim.o
                0x08004cdc                TIM_GetITStatus
 .text.TIM_ClearITPendingBit
                0x08004d3c       0x24 Libraries\STM32F4xx_StdPeriph_Driver\src\stm32f4xx_tim.o
                0x08004d3c                TIM_ClearITPendingBit
 .text.TIM_SelectInputTrigger
                0x08004d60       0x38 Libraries\STM32F4xx_StdPeriph_Driver\src\stm32f4xx_tim.o
                0x08004d60                TIM_SelectInputTrigger
 .text.TIM_SelectSlaveMode
                0x08004d98       0x38 Libraries\STM32F4xx_StdPeriph_Driver\src\stm32f4xx_tim.o
                0x08004d98                TIM_SelectSlaveMode
 .text.TI1_Config
                0x08004dd0       0x80 Libraries\STM32F4xx_StdPeriph_Driver\src\stm32f4xx_tim.o
 .text.TI2_Config
                0x08004e50       0x9c Libraries\STM32F4xx_StdPeriph_Driver\src\stm32f4xx_tim.o
 .text.TI3_Config
                0x08004eec       0x8c Libraries\STM32F4xx_StdPeriph_Driver\src\stm32f4xx_tim.o
 .text.TI4_Config
                0x08004f78       0xa4 Libraries\STM32F4xx_StdPeriph_Driver\src\stm32f4xx_tim.o
 .text.RCC_GetClocksFreq
                0x0800501c      0x1cc Libraries\STM32F4xx_StdPeriph_Driver\src\stm32f4xx_rcc.o
                0x0800501c                RCC_GetClocksFreq
 .text.RCC_AHB1PeriphClockCmd
                0x080051e8       0x54 Libraries\STM32F4xx_StdPeriph_Driver\src\stm32f4xx_rcc.o
                0x080051e8                RCC_AHB1PeriphClockCmd
 .text.RCC_APB1PeriphClockCmd
                0x0800523c       0x54 Libraries\STM32F4xx_StdPeriph_Driver\src\stm32f4xx_rcc.o
                0x0800523c                RCC_APB1PeriphClockCmd
 .text.RCC_APB2PeriphClockCmd
                0x08005290       0x54 Libraries\STM32F4xx_StdPeriph_Driver\src\stm32f4xx_rcc.o
                0x08005290                RCC_APB2PeriphClockCmd
 .text.GPIO_Init
                0x080052e4      0x144 Libraries\STM32F4xx_StdPeriph_Driver\src\stm32f4xx_gpio.o
                0x080052e4                GPIO_Init
 .text.GPIO_SetBits
                0x08005428       0x1c Libraries\STM32F4xx_StdPeriph_Driver\src\stm32f4xx_gpio.o
                0x08005428                GPIO_SetBits
 .text.GPIO_ResetBits
                0x08005444       0x1c Libraries\STM32F4xx_StdPeriph_Driver\src\stm32f4xx_gpio.o
                0x08005444                GPIO_ResetBits
 .text.GPIO_PinAFConfig
                0x08005460       0xa8 Libraries\STM32F4xx_StdPeriph_Driver\src\stm32f4xx_gpio.o
                0x08005460                GPIO_PinAFConfig
 .text.DMA_DeInit
                0x08005508      0x244 Libraries\STM32F4xx_StdPeriph_Driver\src\stm32f4xx_dma.o
                0x08005508                DMA_DeInit
 .text.DMA_Init
                0x0800574c       0xb0 Libraries\STM32F4xx_StdPeriph_Driver\src\stm32f4xx_dma.o
                0x0800574c                DMA_Init
 .text.DMA_StructInit
                0x080057fc       0x8c Libraries\STM32F4xx_StdPeriph_Driver\src\stm32f4xx_dma.o
                0x080057fc                DMA_StructInit
 .text.DMA_Cmd  0x08005888       0x38 Libraries\STM32F4xx_StdPeriph_Driver\src\stm32f4xx_dma.o
                0x08005888                DMA_Cmd
 .text.DMA_SetCurrDataCounter
                0x080058c0       0x1c Libraries\STM32F4xx_StdPeriph_Driver\src\stm32f4xx_dma.o
                0x080058c0                DMA_SetCurrDataCounter
 .text.DMA_GetCurrDataCounter
                0x080058dc       0x1c Libraries\STM32F4xx_StdPeriph_Driver\src\stm32f4xx_dma.o
                0x080058dc                DMA_GetCurrDataCounter
 .text.DMA_GetCmdStatus
                0x080058f8       0x38 Libraries\STM32F4xx_StdPeriph_Driver\src\stm32f4xx_dma.o
                0x080058f8                DMA_GetCmdStatus
 .text.DMA_ITConfig
                0x08005930       0x74 Libraries\STM32F4xx_StdPeriph_Driver\src\stm32f4xx_dma.o
                0x08005930                DMA_ITConfig
 .text.DMA_GetITStatus
                0x080059a4       0xc0 Libraries\STM32F4xx_StdPeriph_Driver\src\stm32f4xx_dma.o
                0x080059a4                DMA_GetITStatus
 .text.DMA_ClearITPendingBit
                0x08005a64       0x60 Libraries\STM32F4xx_StdPeriph_Driver\src\stm32f4xx_dma.o
                0x08005a64                DMA_ClearITPendingBit
 .text.STM_EVAL_LEDInit
                0x08005ac4       0x6c Libraries\STM32F4xx_StdPeriph_Driver\src\stm32f4_discovery.o
                0x08005ac4                STM_EVAL_LEDInit
 .text.STM_EVAL_LEDToggle
                0x08005b30       0x44 Libraries\STM32F4xx_StdPeriph_Driver\src\stm32f4_discovery.o
                0x08005b30                STM_EVAL_LEDToggle
 .text.NVIC_Init
                0x08005b74       0xe4 Libraries\STM32F4xx_StdPeriph_Driver\src\misc.o
                0x08005b74                NVIC_Init
 .text.__libc_init_array
                0x08005c58       0x4c c:/program files (x86)/atollic/truestudio for arm lite 5.0.0/armtools/bin/../lib/gcc/arm-atollic-eabi/4.7.3/../../../../arm-atollic-eabi/lib/armv7e-m/softfp\libc.a(lib_a-init.o)
                0x08005c58                __libc_init_array
 .text.memcpy   0x08005ca4       0x12 c:/program files (x86)/atollic/truestudio for arm lite 5.0.0/armtools/bin/../lib/gcc/arm-atollic-eabi/4.7.3/../../../../arm-atollic-eabi/lib/armv7e-m/softfp\libc.a(lib_a-memcpy.o)
                0x08005ca4                memcpy
 .text.memset   0x08005cb6       0x10 c:/program files (x86)/atollic/truestudio for arm lite 5.0.0/armtools/bin/../lib/gcc/arm-atollic-eabi/4.7.3/../../../../arm-atollic-eabi/lib/armv7e-m/softfp\libc.a(lib_a-memset.o)
                0x08005cb6                memset
 .text.strncpy  0x08005cc6       0x2a c:/program files (x86)/atollic/truestudio for arm lite 5.0.0/armtools/bin/../lib/gcc/arm-atollic-eabi/4.7.3/../../../../arm-atollic-eabi/lib/armv7e-m/softfp\libc.a(lib_a-strncpy.o)
                0x08005cc6                strncpy
 *(.rodata)
 .rodata        0x08005cf0       0x18 src\main.o
 .rodata        0x08005d08        0x8 src\FreeRTOS\timers.o
 .rodata        0x08005d10       0x20 src\FreeRTOS\tasks.o
 *(.rodata*)
 .rodata.GPIO_PIN
                0x08005d30        0x8 Libraries\STM32F4xx_StdPeriph_Driver\src\stm32f4_discovery.o
                0x08005d30                GPIO_PIN
 .rodata.GPIO_CLK
                0x08005d38       0x10 Libraries\STM32F4xx_StdPeriph_Driver\src\stm32f4_discovery.o
                0x08005d38                GPIO_CLK
 *(.glue_7)
 .glue_7        0x00000000        0x0 linker stubs
 *(.glue_7t)
 .glue_7t       0x00000000        0x0 linker stubs
 *(.eh_frame)
 .eh_frame      0x08005d48        0x0 c:/program files (x86)/atollic/truestudio for arm lite 5.0.0/armtools/bin/../lib/gcc/arm-atollic-eabi/4.7.3/armv7e-m/softfp/crtbegin.o
 *(.init)
 .init          0x08005d48        0x4 c:/program files (x86)/atollic/truestudio for arm lite 5.0.0/armtools/bin/../lib/gcc/arm-atollic-eabi/4.7.3/armv7e-m/softfp/crti.o
                0x08005d48                _init
 .init          0x08005d4c        0x8 c:/program files (x86)/atollic/truestudio for arm lite 5.0.0/armtools/bin/../lib/gcc/arm-atollic-eabi/4.7.3/armv7e-m/softfp/crtn.o
 *(.fini)
 .fini          0x08005d54        0x4 c:/program files (x86)/atollic/truestudio for arm lite 5.0.0/armtools/bin/../lib/gcc/arm-atollic-eabi/4.7.3/armv7e-m/softfp/crti.o
                0x08005d54                _fini
 .fini          0x08005d58        0x8 c:/program files (x86)/atollic/truestudio for arm lite 5.0.0/armtools/bin/../lib/gcc/arm-atollic-eabi/4.7.3/armv7e-m/softfp/crtn.o
                0x08005d60                . = ALIGN (0x4)
                0x08005d60                _etext = .

.vfp11_veneer   0x08005d60        0x0
 .vfp11_veneer  0x00000000        0x0 linker stubs

.v4_bx          0x08005d60        0x0
 .v4_bx         0x00000000        0x0 linker stubs

.iplt           0x08005d60        0x0
 .iplt          0x00000000        0x0 c:/program files (x86)/atollic/truestudio for arm lite 5.0.0/armtools/bin/../lib/gcc/arm-atollic-eabi/4.7.3/armv7e-m/softfp/crtbegin.o

.rel.dyn        0x08005d60        0x0
 .rel.iplt      0x00000000        0x0 c:/program files (x86)/atollic/truestudio for arm lite 5.0.0/armtools/bin/../lib/gcc/arm-atollic-eabi/4.7.3/armv7e-m/softfp/crtbegin.o

.ARM.extab
 *(.ARM.extab* .gnu.linkonce.armextab.*)

.ARM            0x08005d60        0x0
                0x08005d60                __exidx_start = .
 *(.ARM.exidx*)
                0x08005d60                __exidx_end = .

.preinit_array  0x08005d60        0x0
                0x08005d60                PROVIDE (__preinit_array_start, .)
 *(.preinit_array*)
                0x08005d60                PROVIDE (__preinit_array_end, .)

.init_array     0x08005d60        0x4
                0x08005d60                PROVIDE (__init_array_start, .)
 *(SORT(.init_array.*))
 *(.init_array*)
 .init_array    0x08005d60        0x4 c:/program files (x86)/atollic/truestudio for arm lite 5.0.0/armtools/bin/../lib/gcc/arm-atollic-eabi/4.7.3/armv7e-m/softfp/crtbegin.o
                0x08005d64                PROVIDE (__init_array_end, .)

.fini_array     0x08005d64        0x4
                0x08005d64                PROVIDE (__fini_array_start, .)
 *(.fini_array*)
 .fini_array    0x08005d64        0x4 c:/program files (x86)/atollic/truestudio for arm lite 5.0.0/armtools/bin/../lib/gcc/arm-atollic-eabi/4.7.3/armv7e-m/softfp/crtbegin.o
 *(SORT(.fini_array.*))
                0x08005d68                PROVIDE (__fini_array_end, .)
                0x08005d68                _sidata = .

.data           0x20000000       0x28 load address 0x08005d68
                0x20000000                . = ALIGN (0x4)
                0x20000000                _sdata = .
 *(.data)
 *(.data*)
 .data.xNextTaskUnblockTime
                0x20000000        0x4 src\FreeRTOS\tasks.o
 .data.uxCriticalNesting
                0x20000004        0x4 src\FreeRTOS\portable\GCC\ARM_CM4F\port.o
 .data.APBAHBPrescTable
                0x20000008       0x10 Libraries\STM32F4xx_StdPeriph_Driver\src\stm32f4xx_rcc.o
 .data.GPIO_PORT
                0x20000018       0x10 Libraries\STM32F4xx_StdPeriph_Driver\src\stm32f4_discovery.o
                0x20000018                GPIO_PORT
                0x20000028                . = ALIGN (0x4)
                0x20000028                _edata = .

.jcr            0x20000028        0x0 load address 0x08005d90
 .jcr           0x20000028        0x0 c:/program files (x86)/atollic/truestudio for arm lite 5.0.0/armtools/bin/../lib/gcc/arm-atollic-eabi/4.7.3/armv7e-m/softfp/crtbegin.o

.igot.plt       0x20000028        0x0 load address 0x08005d90
 .igot.plt      0x00000000        0x0 c:/program files (x86)/atollic/truestudio for arm lite 5.0.0/armtools/bin/../lib/gcc/arm-atollic-eabi/4.7.3/armv7e-m/softfp/crtbegin.o
                0x20000028                . = ALIGN (0x4)

.bss            0x20000028    0x13740 load address 0x08005d90
                0x20000028                _sbss = .
                0x20000028                __bss_start__ = _sbss
 *(.bss)
 .bss           0x20000028       0x1c c:/program files (x86)/atollic/truestudio for arm lite 5.0.0/armtools/bin/../lib/gcc/arm-atollic-eabi/4.7.3/armv7e-m/softfp/crtbegin.o
 *(.bss*)
 .bss.q         0x20000044        0x4 src\vSensorTask.o
                0x20000044                q
 .bss.p         0x20000048        0x4 src\vComsTask.o
                0x20000048                p
 .bss.count     0x2000004c        0x4 src\vComsTask.o
                0x2000004c                count
 .bss.uart2_cnt
                0x20000050        0x2 src\stm32f4xx_it.o
                0x20000050                uart2_cnt
 *fill*         0x20000052        0x6 00
 .bss.tickTime  0x20000058        0x8 src\main.o
                0x20000058                tickTime
 .bss.u64IdleTicksCnt
                0x20000060        0x8 src\main.o
                0x20000060                u64IdleTicksCnt
 .bss.xActiveTimerList1
                0x20000068       0x14 src\FreeRTOS\timers.o
 .bss.xActiveTimerList2
                0x2000007c       0x14 src\FreeRTOS\timers.o
 .bss.pxCurrentTimerList
                0x20000090        0x4 src\FreeRTOS\timers.o
 .bss.pxOverflowTimerList
                0x20000094        0x4 src\FreeRTOS\timers.o
 .bss.xTimerQueue
                0x20000098        0x4 src\FreeRTOS\timers.o
 .bss.xLastTime.7657
                0x2000009c        0x4 src\FreeRTOS\timers.o
 .bss.pxCurrentTCB
                0x200000a0        0x4 src\FreeRTOS\tasks.o
                0x200000a0                pxCurrentTCB
 .bss.pxReadyTasksLists
                0x200000a4       0x64 src\FreeRTOS\tasks.o
 .bss.xDelayedTaskList1
                0x20000108       0x14 src\FreeRTOS\tasks.o
 .bss.xDelayedTaskList2
                0x2000011c       0x14 src\FreeRTOS\tasks.o
 .bss.pxDelayedTaskList
                0x20000130        0x4 src\FreeRTOS\tasks.o
 .bss.pxOverflowDelayedTaskList
                0x20000134        0x4 src\FreeRTOS\tasks.o
 .bss.xPendingReadyList
                0x20000138       0x14 src\FreeRTOS\tasks.o
 .bss.xTasksWaitingTermination
                0x2000014c       0x14 src\FreeRTOS\tasks.o
 .bss.uxTasksDeleted
                0x20000160        0x4 src\FreeRTOS\tasks.o
 .bss.xSuspendedTaskList
                0x20000164       0x14 src\FreeRTOS\tasks.o
 .bss.uxCurrentNumberOfTasks
                0x20000178        0x4 src\FreeRTOS\tasks.o
 .bss.xTickCount
                0x2000017c        0x4 src\FreeRTOS\tasks.o
 .bss.uxTopUsedPriority
                0x20000180        0x4 src\FreeRTOS\tasks.o
 .bss.uxTopReadyPriority
                0x20000184        0x4 src\FreeRTOS\tasks.o
 .bss.xSchedulerRunning
                0x20000188        0x4 src\FreeRTOS\tasks.o
 .bss.uxSchedulerSuspended
                0x2000018c        0x4 src\FreeRTOS\tasks.o
 .bss.uxMissedTicks
                0x20000190        0x4 src\FreeRTOS\tasks.o
 .bss.xMissedYield
                0x20000194        0x4 src\FreeRTOS\tasks.o
 .bss.xNumOfOverflows
                0x20000198        0x4 src\FreeRTOS\tasks.o
 .bss.uxTCBNumber
                0x2000019c        0x4 src\FreeRTOS\tasks.o
 .bss.xHeap     0x200001a0    0x12c00 src\FreeRTOS\portable\MemMang\heap_1.o
 .bss.xNextFreeByte
                0x20012da0        0x4 src\FreeRTOS\portable\MemMang\heap_1.o
 .bss.crcTable  0x20012da4      0x400 src\CRC.o
 .bss.currentCRC
                0x200131a4        0x4 src\CRC.o
 *(COMMON)
 COMMON         0x200131a8      0x5c0 src\vSensorTask.o
                0x200131a8                xCommsTransmitQueue
                0x200131ac                t
                0x20013274                Tx_chars
                0x20013278                s1_Rx_Buffer
                0x200132ac                CommsTask_TxBuffer_data
                0x20013374                flagSuccessS1
                0x20013378                wake
                0x2001337c                dataS4
                0x200133b0                xCommsTransmitSemaphore
                0x200133b4                dataS2
                0x200133e8                vSensorTaskFrameReceived
                0x200133ec                flagSuccessS2
                0x200133ed                flag2
                0x200133f0                HACK
                0x200134b8                s4_Rx_chars
                0x200134bc                s3_Rx_Buffer
                0x200134ee                flagSuccessS3
                0x200134f0                lengthS1
                0x200134f2                flag1
                0x200134f4                dataS3
                0x20013526                lengthS3
                0x20013528                s3_Rx_chars
                0x2001352c                dataS1
                0x2001355e                s2_Rx_chars
                0x20013560                Rx_Buffer
                0x20013594                CommsTask_TxBuffer
                0x2001365c                s1_Rx_chars
                0x20013660                dataHACK
                0x20013728                HACK_Rx_chars
                0x2001372c                receivedS1Flag
                0x20013730                flag3
                0x20013732                lengthS2
                0x20013734                s2_Rx_Buffer
                0x20013766                lengthS4
                0x20013768                . = ALIGN (0x4)
                0x20013768                _ebss = .
                0x20013768                __bss_end__ = _ebss

._user_heap_stack
                0x20013768      0x400 load address 0x08005d90
                0x20013768                . = ALIGN (0x4)
                0x20013768                PROVIDE (end, .)
                0x20013768                PROVIDE (_end, .)
                0x20013768                . = (. + _Min_Heap_Size)
                0x20013b68                . = (. + _Min_Stack_Size)
 *fill*         0x20013768      0x400 00
                0x20013b68                . = ALIGN (0x4)

.memory_b1_text
 *(.mb1text)
 *(.mb1text*)
 *(.mb1rodata)
 *(.mb1rodata*)

/DISCARD/
 libc.a(*)
 libm.a(*)
 libgcc.a(*)

.ARM.attributes
                0x00000000       0x30
 *(.ARM.attributes)
 .ARM.attributes
                0x00000000       0x24 c:/program files (x86)/atollic/truestudio for arm lite 5.0.0/armtools/bin/../lib/gcc/arm-atollic-eabi/4.7.3/armv7e-m/softfp/crti.o
 .ARM.attributes
                0x00000024       0x34 c:/program files (x86)/atollic/truestudio for arm lite 5.0.0/armtools/bin/../lib/gcc/arm-atollic-eabi/4.7.3/armv7e-m/softfp/crtbegin.o
 .ARM.attributes
                0x00000058       0x39 src\vSensorTask.o
 .ARM.attributes
                0x00000091       0x39 src\vComsTask.o
 .ARM.attributes
                0x000000ca       0x39 src\system_stm32f4xx.o
 .ARM.attributes
                0x00000103       0x39 src\stm32f4xx_it.o
 .ARM.attributes
                0x0000013c       0x21 src\startup_stm32f4xx.o
 .ARM.attributes
                0x0000015d       0x39 src\serial_terminal.o
 .ARM.attributes
                0x00000196       0x39 src\main.o
 .ARM.attributes
                0x000001cf       0x39 src\loopTimer.o
 .ARM.attributes
                0x00000208       0x39 src\hardwareSetup.o
 .ARM.attributes
                0x00000241       0x39 src\FreeRTOS\timers.o
 .ARM.attributes
                0x0000027a       0x39 src\FreeRTOS\tasks.o
 .ARM.attributes
                0x000002b3       0x39 src\FreeRTOS\queue.o
 .ARM.attributes
                0x000002ec       0x39 src\FreeRTOS\portable\MemMang\heap_1.o
 .ARM.attributes
                0x00000325       0x39 src\FreeRTOS\portable\GCC\ARM_CM4F\port.o
 .ARM.attributes
                0x0000035e       0x39 src\FreeRTOS\list.o
 .ARM.attributes
                0x00000397       0x39 src\CRC.o
 .ARM.attributes
                0x000003d0       0x39 Libraries\STM32F4xx_StdPeriph_Driver\src\stm32f4xx_usart.o
 .ARM.attributes
                0x00000409       0x39 Libraries\STM32F4xx_StdPeriph_Driver\src\stm32f4xx_tim.o
 .ARM.attributes
                0x00000442       0x39 Libraries\STM32F4xx_StdPeriph_Driver\src\stm32f4xx_rcc.o
 .ARM.attributes
                0x0000047b       0x39 Libraries\STM32F4xx_StdPeriph_Driver\src\stm32f4xx_gpio.o
 .ARM.attributes
                0x000004b4       0x39 Libraries\STM32F4xx_StdPeriph_Driver\src\stm32f4xx_dma.o
 .ARM.attributes
                0x000004ed       0x39 Libraries\STM32F4xx_StdPeriph_Driver\src\stm32f4_discovery.o
 .ARM.attributes
                0x00000526       0x39 Libraries\STM32F4xx_StdPeriph_Driver\src\misc.o
 .ARM.attributes
                0x0000055f       0x34 c:/program files (x86)/atollic/truestudio for arm lite 5.0.0/armtools/bin/../lib/gcc/arm-atollic-eabi/4.7.3/../../../../arm-atollic-eabi/lib/armv7e-m/softfp\libc.a(lib_a-init.o)
 .ARM.attributes
                0x00000593       0x34 c:/program files (x86)/atollic/truestudio for arm lite 5.0.0/armtools/bin/../lib/gcc/arm-atollic-eabi/4.7.3/../../../../arm-atollic-eabi/lib/armv7e-m/softfp\libc.a(lib_a-memcpy.o)
 .ARM.attributes
                0x000005c7       0x34 c:/program files (x86)/atollic/truestudio for arm lite 5.0.0/armtools/bin/../lib/gcc/arm-atollic-eabi/4.7.3/../../../../arm-atollic-eabi/lib/armv7e-m/softfp\libc.a(lib_a-memset.o)
 .ARM.attributes
                0x000005fb       0x34 c:/program files (x86)/atollic/truestudio for arm lite 5.0.0/armtools/bin/../lib/gcc/arm-atollic-eabi/4.7.3/../../../../arm-atollic-eabi/lib/armv7e-m/softfp\libc.a(lib_a-strncpy.o)
 .ARM.attributes
                0x0000062f       0x24 c:/program files (x86)/atollic/truestudio for arm lite 5.0.0/armtools/bin/../lib/gcc/arm-atollic-eabi/4.7.3/armv7e-m/softfp/crtn.o
OUTPUT(collarRTOS.elf elf32-littlearm)

.debug_info     0x00000000     0xbb97
 .debug_info    0x00000000      0x843 src\vSensorTask.o
 .debug_info    0x00000843      0x5fc src\vComsTask.o
 .debug_info    0x00000e3f      0x5f9 src\system_stm32f4xx.o
 .debug_info    0x00001438      0x81a src\stm32f4xx_it.o
 .debug_info    0x00001c52       0x7a src\startup_stm32f4xx.o
 .debug_info    0x00001ccc      0x8d2 src\serial_terminal.o
 .debug_info    0x0000259e      0x617 src\main.o
 .debug_info    0x00002bb5      0x8fd src\loopTimer.o
 .debug_info    0x000034b2      0x9d7 src\hardwareSetup.o
 .debug_info    0x00003e89      0x780 src\FreeRTOS\timers.o
 .debug_info    0x00004609     0x104f src\FreeRTOS\tasks.o
 .debug_info    0x00005658      0xa58 src\FreeRTOS\queue.o
 .debug_info    0x000060b0      0x1b7 src\FreeRTOS\portable\MemMang\heap_1.o
 .debug_info    0x00006267      0x228 src\FreeRTOS\portable\GCC\ARM_CM4F\port.o
 .debug_info    0x0000648f      0x2d8 src\FreeRTOS\list.o
 .debug_info    0x00006767      0x1ae src\CRC.o
 .debug_info    0x00006915      0xa69 Libraries\STM32F4xx_StdPeriph_Driver\src\stm32f4xx_usart.o
 .debug_info    0x0000737e     0x1e81 Libraries\STM32F4xx_StdPeriph_Driver\src\stm32f4xx_tim.o
 .debug_info    0x000091ff      0xd4d Libraries\STM32F4xx_StdPeriph_Driver\src\stm32f4xx_rcc.o
 .debug_info    0x00009f4c      0x644 Libraries\STM32F4xx_StdPeriph_Driver\src\stm32f4xx_gpio.o
 .debug_info    0x0000a590      0x7b3 Libraries\STM32F4xx_StdPeriph_Driver\src\stm32f4xx_dma.o
 .debug_info    0x0000ad43      0x8be Libraries\STM32F4xx_StdPeriph_Driver\src\stm32f4_discovery.o
 .debug_info    0x0000b601      0x596 Libraries\STM32F4xx_StdPeriph_Driver\src\misc.o

.debug_abbrev   0x00000000     0x1e3b
 .debug_abbrev  0x00000000      0x126 src\vSensorTask.o
 .debug_abbrev  0x00000126      0x11f src\vComsTask.o
 .debug_abbrev  0x00000245      0x13a src\system_stm32f4xx.o
 .debug_abbrev  0x0000037f      0x13c src\stm32f4xx_it.o
 .debug_abbrev  0x000004bb       0x12 src\startup_stm32f4xx.o
 .debug_abbrev  0x000004cd      0x1f6 src\serial_terminal.o
 .debug_abbrev  0x000006c3      0x15e src\main.o
 .debug_abbrev  0x00000821      0x123 src\loopTimer.o
 .debug_abbrev  0x00000944      0x14c src\hardwareSetup.o
 .debug_abbrev  0x00000a90      0x188 src\FreeRTOS\timers.o
 .debug_abbrev  0x00000c18      0x20d src\FreeRTOS\tasks.o
 .debug_abbrev  0x00000e25      0x191 src\FreeRTOS\queue.o
 .debug_abbrev  0x00000fb6      0x135 src\FreeRTOS\portable\MemMang\heap_1.o
 .debug_abbrev  0x000010eb      0x14c src\FreeRTOS\portable\GCC\ARM_CM4F\port.o
 .debug_abbrev  0x00001237       0xb7 src\FreeRTOS\list.o
 .debug_abbrev  0x000012ee       0xd0 src\CRC.o
 .debug_abbrev  0x000013be      0x159 Libraries\STM32F4xx_StdPeriph_Driver\src\stm32f4xx_usart.o
 .debug_abbrev  0x00001517      0x18b Libraries\STM32F4xx_StdPeriph_Driver\src\stm32f4xx_tim.o
 .debug_abbrev  0x000016a2      0x1e7 Libraries\STM32F4xx_StdPeriph_Driver\src\stm32f4xx_rcc.o
 .debug_abbrev  0x00001889      0x1a7 Libraries\STM32F4xx_StdPeriph_Driver\src\stm32f4xx_gpio.o
 .debug_abbrev  0x00001a30      0x159 Libraries\STM32F4xx_StdPeriph_Driver\src\stm32f4xx_dma.o
 .debug_abbrev  0x00001b89      0x187 Libraries\STM32F4xx_StdPeriph_Driver\src\stm32f4_discovery.o
 .debug_abbrev  0x00001d10      0x12b Libraries\STM32F4xx_StdPeriph_Driver\src\misc.o

.debug_loc      0x00000000     0x4947
 .debug_loc     0x00000000       0x38 src\vSensorTask.o
 .debug_loc     0x00000038       0x38 src\vComsTask.o
 .debug_loc     0x00000070       0x9c src\system_stm32f4xx.o
 .debug_loc     0x0000010c      0x1a4 src\stm32f4xx_it.o
 .debug_loc     0x000002b0      0x17e src\serial_terminal.o
 .debug_loc     0x0000042e       0xf4 src\main.o
 .debug_loc     0x00000522       0x3a src\loopTimer.o
 .debug_loc     0x0000055c      0x11e src\hardwareSetup.o
 .debug_loc     0x0000067a      0x304 src\FreeRTOS\timers.o
 .debug_loc     0x0000097e      0x8c9 src\FreeRTOS\tasks.o
 .debug_loc     0x00001247      0x578 src\FreeRTOS\queue.o
 .debug_loc     0x000017bf       0xc8 src\FreeRTOS\portable\MemMang\heap_1.o
 .debug_loc     0x00001887      0x178 src\FreeRTOS\portable\GCC\ARM_CM4F\port.o
 .debug_loc     0x000019ff      0x118 src\FreeRTOS\list.o
 .debug_loc     0x00001b17       0x9c src\CRC.o
 .debug_loc     0x00001bb3      0x658 Libraries\STM32F4xx_StdPeriph_Driver\src\stm32f4xx_usart.o
 .debug_loc     0x0000220b     0x1420 Libraries\STM32F4xx_StdPeriph_Driver\src\stm32f4xx_tim.o
 .debug_loc     0x0000362b      0x97c Libraries\STM32F4xx_StdPeriph_Driver\src\stm32f4xx_rcc.o
 .debug_loc     0x00003fa7      0x310 Libraries\STM32F4xx_StdPeriph_Driver\src\stm32f4xx_gpio.o
 .debug_loc     0x000042b7      0x428 Libraries\STM32F4xx_StdPeriph_Driver\src\stm32f4xx_dma.o
 .debug_loc     0x000046df      0x150 Libraries\STM32F4xx_StdPeriph_Driver\src\stm32f4_discovery.o
 .debug_loc     0x0000482f      0x118 Libraries\STM32F4xx_StdPeriph_Driver\src\misc.o

.debug_aranges  0x00000000      0xcf8
 .debug_aranges
                0x00000000       0x20 src\vSensorTask.o
 .debug_aranges
                0x00000020       0x20 src\vComsTask.o
 .debug_aranges
                0x00000040       0x30 src\system_stm32f4xx.o
 .debug_aranges
                0x00000070       0x60 src\stm32f4xx_it.o
 .debug_aranges
                0x000000d0       0x28 src\startup_stm32f4xx.o
 .debug_aranges
                0x000000f8       0x50 src\serial_terminal.o
 .debug_aranges
                0x00000148       0x40 src\main.o
 .debug_aranges
                0x00000188       0x20 src\loopTimer.o
 .debug_aranges
                0x000001a8       0x40 src\hardwareSetup.o
 .debug_aranges
                0x000001e8       0x88 src\FreeRTOS\timers.o
 .debug_aranges
                0x00000270      0x160 src\FreeRTOS\tasks.o
 .debug_aranges
                0x000003d0       0xe0 src\FreeRTOS\queue.o
 .debug_aranges
                0x000004b0       0x38 src\FreeRTOS\portable\MemMang\heap_1.o
 .debug_aranges
                0x000004e8       0x70 src\FreeRTOS\portable\GCC\ARM_CM4F\port.o
 .debug_aranges
                0x00000558       0x40 src\FreeRTOS\list.o
 .debug_aranges
                0x00000598       0x30 src\CRC.o
 .debug_aranges
                0x000005c8      0x100 Libraries\STM32F4xx_StdPeriph_Driver\src\stm32f4xx_usart.o
 .debug_aranges
                0x000006c8      0x2f8 Libraries\STM32F4xx_StdPeriph_Driver\src\stm32f4xx_tim.o
 .debug_aranges
                0x000009c0      0x178 Libraries\STM32F4xx_StdPeriph_Driver\src\stm32f4xx_rcc.o
 .debug_aranges
                0x00000b38       0x88 Libraries\STM32F4xx_StdPeriph_Driver\src\stm32f4xx_gpio.o
 .debug_aranges
                0x00000bc0       0xb0 Libraries\STM32F4xx_StdPeriph_Driver\src\stm32f4xx_dma.o
 .debug_aranges
                0x00000c70       0x48 Libraries\STM32F4xx_StdPeriph_Driver\src\stm32f4_discovery.o
 .debug_aranges
                0x00000cb8       0x40 Libraries\STM32F4xx_StdPeriph_Driver\src\misc.o

.debug_ranges   0x00000000      0xba8
 .debug_ranges  0x00000000       0x10 src\vSensorTask.o
 .debug_ranges  0x00000010       0x10 src\vComsTask.o
 .debug_ranges  0x00000020       0x20 src\system_stm32f4xx.o
 .debug_ranges  0x00000040       0x50 src\stm32f4xx_it.o
 .debug_ranges  0x00000090       0x20 src\startup_stm32f4xx.o
 .debug_ranges  0x000000b0       0x58 src\serial_terminal.o
 .debug_ranges  0x00000108       0x30 src\main.o
 .debug_ranges  0x00000138       0x10 src\loopTimer.o
 .debug_ranges  0x00000148       0x30 src\hardwareSetup.o
 .debug_ranges  0x00000178       0x78 src\FreeRTOS\timers.o
 .debug_ranges  0x000001f0      0x150 src\FreeRTOS\tasks.o
 .debug_ranges  0x00000340       0xd0 src\FreeRTOS\queue.o
 .debug_ranges  0x00000410       0x28 src\FreeRTOS\portable\MemMang\heap_1.o
 .debug_ranges  0x00000438       0x60 src\FreeRTOS\portable\GCC\ARM_CM4F\port.o
 .debug_ranges  0x00000498       0x30 src\FreeRTOS\list.o
 .debug_ranges  0x000004c8       0x20 src\CRC.o
 .debug_ranges  0x000004e8       0xf0 Libraries\STM32F4xx_StdPeriph_Driver\src\stm32f4xx_usart.o
 .debug_ranges  0x000005d8      0x2e8 Libraries\STM32F4xx_StdPeriph_Driver\src\stm32f4xx_tim.o
 .debug_ranges  0x000008c0      0x168 Libraries\STM32F4xx_StdPeriph_Driver\src\stm32f4xx_rcc.o
 .debug_ranges  0x00000a28       0x78 Libraries\STM32F4xx_StdPeriph_Driver\src\stm32f4xx_gpio.o
 .debug_ranges  0x00000aa0       0xa0 Libraries\STM32F4xx_StdPeriph_Driver\src\stm32f4xx_dma.o
 .debug_ranges  0x00000b40       0x38 Libraries\STM32F4xx_StdPeriph_Driver\src\stm32f4_discovery.o
 .debug_ranges  0x00000b78       0x30 Libraries\STM32F4xx_StdPeriph_Driver\src\misc.o

.debug_line     0x00000000     0x4e09
 .debug_line    0x00000000      0x31b src\vSensorTask.o
 .debug_line    0x0000031b      0x272 src\vComsTask.o
 .debug_line    0x0000058d      0x1b6 src\system_stm32f4xx.o
 .debug_line    0x00000743      0x264 src\stm32f4xx_it.o
 .debug_line    0x000009a7       0x7c src\startup_stm32f4xx.o
 .debug_line    0x00000a23      0x40c src\serial_terminal.o
 .debug_line    0x00000e2f      0x27b src\main.o
 .debug_line    0x000010aa      0x1bf src\loopTimer.o
 .debug_line    0x00001269      0x2dc src\hardwareSetup.o
 .debug_line    0x00001545      0x37e src\FreeRTOS\timers.o
 .debug_line    0x000018c3      0x8f7 src\FreeRTOS\tasks.o
 .debug_line    0x000021ba      0x674 src\FreeRTOS\queue.o
 .debug_line    0x0000282e      0x1eb src\FreeRTOS\portable\MemMang\heap_1.o
 .debug_line    0x00002a19      0x260 src\FreeRTOS\portable\GCC\ARM_CM4F\port.o
 .debug_line    0x00002c79      0x1ee src\FreeRTOS\list.o
 .debug_line    0x00002e67      0x133 src\CRC.o
 .debug_line    0x00002f9a      0x44f Libraries\STM32F4xx_StdPeriph_Driver\src\stm32f4xx_usart.o
 .debug_line    0x000033e9      0xa24 Libraries\STM32F4xx_StdPeriph_Driver\src\stm32f4xx_tim.o
 .debug_line    0x00003e0d      0x546 Libraries\STM32F4xx_StdPeriph_Driver\src\stm32f4xx_rcc.o
 .debug_line    0x00004353      0x2ea Libraries\STM32F4xx_StdPeriph_Driver\src\stm32f4xx_gpio.o
 .debug_line    0x0000463d      0x387 Libraries\STM32F4xx_StdPeriph_Driver\src\stm32f4xx_dma.o
 .debug_line    0x000049c4      0x255 Libraries\STM32F4xx_StdPeriph_Driver\src\stm32f4_discovery.o
 .debug_line    0x00004c19      0x1f0 Libraries\STM32F4xx_StdPeriph_Driver\src\misc.o

.debug_str      0x00000000     0x4274
 .debug_str     0x00000000      0x45b src\vSensorTask.o
                                0x4ab (size before relaxing)
 .debug_str     0x0000045b       0x2c src\vComsTask.o
                                0x3f9 (size before relaxing)
 .debug_str     0x00000487      0x1b8 src\system_stm32f4xx.o
                                0x35c (size before relaxing)
 .debug_str     0x0000063f       0xea src\stm32f4xx_it.o
                                0x4f4 (size before relaxing)
 .debug_str     0x00000729      0x2c3 src\serial_terminal.o
                                0x612 (size before relaxing)
 .debug_str     0x000009ec      0x1ef src\main.o
                                0x534 (size before relaxing)
 .debug_str     0x00000bdb      0x757 src\loopTimer.o
                                0xb10 (size before relaxing)
 .debug_str     0x00001332      0x1ff src\hardwareSetup.o
                                0xb9c (size before relaxing)
 .debug_str     0x00001531      0x402 src\FreeRTOS\timers.o
                                0x57d (size before relaxing)
 .debug_str     0x00001933      0x7f1 src\FreeRTOS\tasks.o
                                0x9fe (size before relaxing)
 .debug_str     0x00002124      0x3fa src\FreeRTOS\queue.o
                                0x67f (size before relaxing)
 .debug_str     0x0000251e       0xb5 src\FreeRTOS\portable\MemMang\heap_1.o
                                0x204 (size before relaxing)
 .debug_str     0x000025d3      0x128 src\FreeRTOS\portable\GCC\ARM_CM4F\port.o
                                0x281 (size before relaxing)
 .debug_str     0x000026fb       0xa3 src\FreeRTOS\list.o
                                0x273 (size before relaxing)
 .debug_str     0x0000279e       0x6e src\CRC.o
                                0x1a5 (size before relaxing)
 .debug_str     0x0000280c      0x410 Libraries\STM32F4xx_StdPeriph_Driver\src\stm32f4xx_usart.o
                                0x660 (size before relaxing)
 .debug_str     0x00002c1c      0x997 Libraries\STM32F4xx_StdPeriph_Driver\src\stm32f4xx_tim.o
                                0xda1 (size before relaxing)
 .debug_str     0x000035b3      0x50a Libraries\STM32F4xx_StdPeriph_Driver\src\stm32f4xx_rcc.o
                                0x821 (size before relaxing)
 .debug_str     0x00003abd      0x186 Libraries\STM32F4xx_StdPeriph_Driver\src\stm32f4xx_gpio.o
                                0x474 (size before relaxing)
 .debug_str     0x00003c43      0x267 Libraries\STM32F4xx_StdPeriph_Driver\src\stm32f4xx_dma.o
                                0x51d (size before relaxing)
 .debug_str     0x00003eaa      0x276 Libraries\STM32F4xx_StdPeriph_Driver\src\stm32f4_discovery.o
                                0xb07 (size before relaxing)
 .debug_str     0x00004120      0x154 Libraries\STM32F4xx_StdPeriph_Driver\src\misc.o
                                0x3aa (size before relaxing)

.comment        0x00000000       0x83
 .comment       0x00000000       0x83 src\vSensorTask.o
                                 0x84 (size before relaxing)
 .comment       0x00000000       0x84 src\vComsTask.o
 .comment       0x00000000       0x84 src\system_stm32f4xx.o
 .comment       0x00000000       0x84 src\stm32f4xx_it.o
 .comment       0x00000000       0x84 src\serial_terminal.o
 .comment       0x00000000       0x84 src\main.o
 .comment       0x00000000       0x84 src\loopTimer.o
 .comment       0x00000000       0x84 src\hardwareSetup.o
 .comment       0x00000000       0x84 src\FreeRTOS\timers.o
 .comment       0x00000000       0x84 src\FreeRTOS\tasks.o
 .comment       0x00000000       0x84 src\FreeRTOS\queue.o
 .comment       0x00000000       0x84 src\FreeRTOS\portable\MemMang\heap_1.o
 .comment       0x00000000       0x84 src\FreeRTOS\portable\GCC\ARM_CM4F\port.o
 .comment       0x00000000       0x84 src\FreeRTOS\list.o
 .comment       0x00000000       0x84 src\CRC.o
 .comment       0x00000000       0x84 Libraries\STM32F4xx_StdPeriph_Driver\src\stm32f4xx_usart.o
 .comment       0x00000000       0x84 Libraries\STM32F4xx_StdPeriph_Driver\src\stm32f4xx_tim.o
 .comment       0x00000000       0x84 Libraries\STM32F4xx_StdPeriph_Driver\src\stm32f4xx_rcc.o
 .comment       0x00000000       0x84 Libraries\STM32F4xx_StdPeriph_Driver\src\stm32f4xx_gpio.o
 .comment       0x00000000       0x84 Libraries\STM32F4xx_StdPeriph_Driver\src\stm32f4xx_dma.o
 .comment       0x00000000       0x84 Libraries\STM32F4xx_StdPeriph_Driver\src\stm32f4_discovery.o
 .comment       0x00000000       0x84 Libraries\STM32F4xx_StdPeriph_Driver\src\misc.o

.debug_frame    0x00000000     0x2890
 .debug_frame   0x00000000       0x30 src\vSensorTask.o
 .debug_frame   0x00000030       0x30 src\vComsTask.o
 .debug_frame   0x00000060       0x64 src\system_stm32f4xx.o
 .debug_frame   0x000000c4       0xfc src\stm32f4xx_it.o
 .debug_frame   0x000001c0       0xec src\serial_terminal.o
 .debug_frame   0x000002ac       0x98 src\main.o
 .debug_frame   0x00000344       0x30 src\loopTimer.o
 .debug_frame   0x00000374       0xb0 src\hardwareSetup.o
 .debug_frame   0x00000424      0x1c4 src\FreeRTOS\timers.o
 .debug_frame   0x000005e8      0x4f4 src\FreeRTOS\tasks.o
 .debug_frame   0x00000adc      0x310 src\FreeRTOS\queue.o
 .debug_frame   0x00000dec       0x7c src\FreeRTOS\portable\MemMang\heap_1.o
 .debug_frame   0x00000e68      0x110 src\FreeRTOS\portable\GCC\ARM_CM4F\port.o
 .debug_frame   0x00000f78       0x9c src\FreeRTOS\list.o
 .debug_frame   0x00001014       0x64 src\CRC.o
 .debug_frame   0x00001078      0x344 Libraries\STM32F4xx_StdPeriph_Driver\src\stm32f4xx_usart.o
 .debug_frame   0x000013bc      0xa3c Libraries\STM32F4xx_StdPeriph_Driver\src\stm32f4xx_tim.o
 .debug_frame   0x00001df8      0x4d8 Libraries\STM32F4xx_StdPeriph_Driver\src\stm32f4xx_rcc.o
 .debug_frame   0x000022d0      0x19c Libraries\STM32F4xx_StdPeriph_Driver\src\stm32f4xx_gpio.o
 .debug_frame   0x0000246c      0x224 Libraries\STM32F4xx_StdPeriph_Driver\src\stm32f4xx_dma.o
 .debug_frame   0x00002690       0xc4 Libraries\STM32F4xx_StdPeriph_Driver\src\stm32f4_discovery.o
 .debug_frame   0x00002754       0x9c Libraries\STM32F4xx_StdPeriph_Driver\src\misc.o
 .debug_frame   0x000027f0       0x2c c:/program files (x86)/atollic/truestudio for arm lite 5.0.0/armtools/bin/../lib/gcc/arm-atollic-eabi/4.7.3/../../../../arm-atollic-eabi/lib/armv7e-m/softfp\libc.a(lib_a-init.o)
 .debug_frame   0x0000281c       0x28 c:/program files (x86)/atollic/truestudio for arm lite 5.0.0/armtools/bin/../lib/gcc/arm-atollic-eabi/4.7.3/../../../../arm-atollic-eabi/lib/armv7e-m/softfp\libc.a(lib_a-memcpy.o)
 .debug_frame   0x00002844       0x20 c:/program files (x86)/atollic/truestudio for arm lite 5.0.0/armtools/bin/../lib/gcc/arm-atollic-eabi/4.7.3/../../../../arm-atollic-eabi/lib/armv7e-m/softfp\libc.a(lib_a-memset.o)
 .debug_frame   0x00002864       0x2c c:/program files (x86)/atollic/truestudio for arm lite 5.0.0/armtools/bin/../lib/gcc/arm-atollic-eabi/4.7.3/../../../../arm-atollic-eabi/lib/armv7e-m/softfp\libc.a(lib_a-strncpy.o)

Cross Reference Table

Symbol                                            File
ADC_AnalogWatchdogCmd                             Libraries\STM32F4xx_StdPeriph_Driver\src\stm32f4xx_adc.o
ADC_AnalogWatchdogSingleChannelConfig             Libraries\STM32F4xx_StdPeriph_Driver\src\stm32f4xx_adc.o
ADC_AnalogWatchdogThresholdsConfig                Libraries\STM32F4xx_StdPeriph_Driver\src\stm32f4xx_adc.o
ADC_AutoInjectedConvCmd                           Libraries\STM32F4xx_StdPeriph_Driver\src\stm32f4xx_adc.o
ADC_ClearFlag                                     Libraries\STM32F4xx_StdPeriph_Driver\src\stm32f4xx_adc.o
ADC_ClearITPendingBit                             Libraries\STM32F4xx_StdPeriph_Driver\src\stm32f4xx_adc.o
ADC_Cmd                                           Libraries\STM32F4xx_StdPeriph_Driver\src\stm32f4xx_adc.o
ADC_CommonInit                                    Libraries\STM32F4xx_StdPeriph_Driver\src\stm32f4xx_adc.o
ADC_CommonStructInit                              Libraries\STM32F4xx_StdPeriph_Driver\src\stm32f4xx_adc.o
ADC_ContinuousModeCmd                             Libraries\STM32F4xx_StdPeriph_Driver\src\stm32f4xx_adc.o
ADC_DMACmd                                        Libraries\STM32F4xx_StdPeriph_Driver\src\stm32f4xx_adc.o
ADC_DMARequestAfterLastTransferCmd                Libraries\STM32F4xx_StdPeriph_Driver\src\stm32f4xx_adc.o
ADC_DeInit                                        Libraries\STM32F4xx_StdPeriph_Driver\src\stm32f4xx_adc.o
ADC_DiscModeChannelCountConfig                    Libraries\STM32F4xx_StdPeriph_Driver\src\stm32f4xx_adc.o
ADC_DiscModeCmd                                   Libraries\STM32F4xx_StdPeriph_Driver\src\stm32f4xx_adc.o
ADC_EOCOnEachRegularChannelCmd                    Libraries\STM32F4xx_StdPeriph_Driver\src\stm32f4xx_adc.o
ADC_ExternalTrigInjectedConvConfig                Libraries\STM32F4xx_StdPeriph_Driver\src\stm32f4xx_adc.o
ADC_ExternalTrigInjectedConvEdgeConfig            Libraries\STM32F4xx_StdPeriph_Driver\src\stm32f4xx_adc.o
ADC_GetConversionValue                            Libraries\STM32F4xx_StdPeriph_Driver\src\stm32f4xx_adc.o
ADC_GetFlagStatus                                 Libraries\STM32F4xx_StdPeriph_Driver\src\stm32f4xx_adc.o
ADC_GetITStatus                                   Libraries\STM32F4xx_StdPeriph_Driver\src\stm32f4xx_adc.o
ADC_GetInjectedConversionValue                    Libraries\STM32F4xx_StdPeriph_Driver\src\stm32f4xx_adc.o
ADC_GetMultiModeConversionValue                   Libraries\STM32F4xx_StdPeriph_Driver\src\stm32f4xx_adc.o
ADC_GetSoftwareStartConvStatus                    Libraries\STM32F4xx_StdPeriph_Driver\src\stm32f4xx_adc.o
ADC_GetSoftwareStartInjectedConvCmdStatus         Libraries\STM32F4xx_StdPeriph_Driver\src\stm32f4xx_adc.o
ADC_IRQHandler                                    src\startup_stm32f4xx.o
ADC_ITConfig                                      Libraries\STM32F4xx_StdPeriph_Driver\src\stm32f4xx_adc.o
ADC_Init                                          Libraries\STM32F4xx_StdPeriph_Driver\src\stm32f4xx_adc.o
ADC_InjectedChannelConfig                         Libraries\STM32F4xx_StdPeriph_Driver\src\stm32f4xx_adc.o
ADC_InjectedDiscModeCmd                           Libraries\STM32F4xx_StdPeriph_Driver\src\stm32f4xx_adc.o
ADC_InjectedSequencerLengthConfig                 Libraries\STM32F4xx_StdPeriph_Driver\src\stm32f4xx_adc.o
ADC_MultiModeDMARequestAfterLastTransferCmd       Libraries\STM32F4xx_StdPeriph_Driver\src\stm32f4xx_adc.o
ADC_RegularChannelConfig                          Libraries\STM32F4xx_StdPeriph_Driver\src\stm32f4xx_adc.o
ADC_SetInjectedOffset                             Libraries\STM32F4xx_StdPeriph_Driver\src\stm32f4xx_adc.o
ADC_SoftwareStartConv                             Libraries\STM32F4xx_StdPeriph_Driver\src\stm32f4xx_adc.o
ADC_SoftwareStartInjectedConv                     Libraries\STM32F4xx_StdPeriph_Driver\src\stm32f4xx_adc.o
ADC_StructInit                                    Libraries\STM32F4xx_StdPeriph_Driver\src\stm32f4xx_adc.o
ADC_TempSensorVrefintCmd                          Libraries\STM32F4xx_StdPeriph_Driver\src\stm32f4xx_adc.o
ADC_VBATCmd                                       Libraries\STM32F4xx_StdPeriph_Driver\src\stm32f4xx_adc.o
AHBPrescTable                                     src\system_stm32f4xx.o
BUTTON_CLK                                        Libraries\STM32F4xx_StdPeriph_Driver\src\stm32f4_discovery.o
BUTTON_EXTI_LINE                                  Libraries\STM32F4xx_StdPeriph_Driver\src\stm32f4_discovery.o
BUTTON_IRQn                                       Libraries\STM32F4xx_StdPeriph_Driver\src\stm32f4_discovery.o
BUTTON_PIN                                        Libraries\STM32F4xx_StdPeriph_Driver\src\stm32f4_discovery.o
BUTTON_PIN_SOURCE                                 Libraries\STM32F4xx_StdPeriph_Driver\src\stm32f4_discovery.o
BUTTON_PORT                                       Libraries\STM32F4xx_StdPeriph_Driver\src\stm32f4_discovery.o
BUTTON_PORT_SOURCE                                Libraries\STM32F4xx_StdPeriph_Driver\src\stm32f4_discovery.o
BusFault_Handler                                  src\stm32f4xx_it.o
CAN1_RX0_IRQHandler                               src\startup_stm32f4xx.o
CAN1_RX1_IRQHandler                               src\startup_stm32f4xx.o
CAN1_SCE_IRQHandler                               src\startup_stm32f4xx.o
CAN1_TX_IRQHandler                                src\startup_stm32f4xx.o
CAN2_RX0_IRQHandler                               src\startup_stm32f4xx.o
CAN2_RX1_IRQHandler                               src\startup_stm32f4xx.o
CAN2_SCE_IRQHandler                               src\startup_stm32f4xx.o
CAN2_TX_IRQHandler                                src\startup_stm32f4xx.o
CAN_CancelTransmit                                Libraries\STM32F4xx_StdPeriph_Driver\src\stm32f4xx_can.o
CAN_ClearFlag                                     Libraries\STM32F4xx_StdPeriph_Driver\src\stm32f4xx_can.o
CAN_ClearITPendingBit                             Libraries\STM32F4xx_StdPeriph_Driver\src\stm32f4xx_can.o
CAN_DBGFreeze                                     Libraries\STM32F4xx_StdPeriph_Driver\src\stm32f4xx_can.o
CAN_DeInit                                        Libraries\STM32F4xx_StdPeriph_Driver\src\stm32f4xx_can.o
CAN_FIFORelease                                   Libraries\STM32F4xx_StdPeriph_Driver\src\stm32f4xx_can.o
CAN_FilterInit                                    Libraries\STM32F4xx_StdPeriph_Driver\src\stm32f4xx_can.o
CAN_GetFlagStatus                                 Libraries\STM32F4xx_StdPeriph_Driver\src\stm32f4xx_can.o
CAN_GetITStatus                                   Libraries\STM32F4xx_StdPeriph_Driver\src\stm32f4xx_can.o
CAN_GetLSBTransmitErrorCounter                    Libraries\STM32F4xx_StdPeriph_Driver\src\stm32f4xx_can.o
CAN_GetLastErrorCode                              Libraries\STM32F4xx_StdPeriph_Driver\src\stm32f4xx_can.o
CAN_GetReceiveErrorCounter                        Libraries\STM32F4xx_StdPeriph_Driver\src\stm32f4xx_can.o
CAN_ITConfig                                      Libraries\STM32F4xx_StdPeriph_Driver\src\stm32f4xx_can.o
CAN_Init                                          Libraries\STM32F4xx_StdPeriph_Driver\src\stm32f4xx_can.o
CAN_MessagePending                                Libraries\STM32F4xx_StdPeriph_Driver\src\stm32f4xx_can.o
CAN_OperatingModeRequest                          Libraries\STM32F4xx_StdPeriph_Driver\src\stm32f4xx_can.o
CAN_Receive                                       Libraries\STM32F4xx_StdPeriph_Driver\src\stm32f4xx_can.o
CAN_SlaveStartBank                                Libraries\STM32F4xx_StdPeriph_Driver\src\stm32f4xx_can.o
CAN_Sleep                                         Libraries\STM32F4xx_StdPeriph_Driver\src\stm32f4xx_can.o
CAN_StructInit                                    Libraries\STM32F4xx_StdPeriph_Driver\src\stm32f4xx_can.o
CAN_TTComModeCmd                                  Libraries\STM32F4xx_StdPeriph_Driver\src\stm32f4xx_can.o
CAN_Transmit                                      Libraries\STM32F4xx_StdPeriph_Driver\src\stm32f4xx_can.o
CAN_TransmitStatus                                Libraries\STM32F4xx_StdPeriph_Driver\src\stm32f4xx_can.o
CAN_WakeUp                                        Libraries\STM32F4xx_StdPeriph_Driver\src\stm32f4xx_can.o
CCR1_Val                                          src\utils.o
CCR2_Val                                          src\utils.o
CCR3_Val                                          src\utils.o
CCR4_Val                                          src\utils.o
CRC_CalcBlockCRC                                  Libraries\STM32F4xx_StdPeriph_Driver\src\stm32f4xx_crc.o
CRC_CalcCRC                                       Libraries\STM32F4xx_StdPeriph_Driver\src\stm32f4xx_crc.o
CRC_GetCRC                                        Libraries\STM32F4xx_StdPeriph_Driver\src\stm32f4xx_crc.o
CRC_GetIDRegister                                 Libraries\STM32F4xx_StdPeriph_Driver\src\stm32f4xx_crc.o
CRC_ResetDR                                       Libraries\STM32F4xx_StdPeriph_Driver\src\stm32f4xx_crc.o
CRC_SetIDRegister                                 Libraries\STM32F4xx_StdPeriph_Driver\src\stm32f4xx_crc.o
CRYP_AES_CBC                                      Libraries\STM32F4xx_StdPeriph_Driver\src\stm32f4xx_cryp_aes.o
CRYP_AES_CTR                                      Libraries\STM32F4xx_StdPeriph_Driver\src\stm32f4xx_cryp_aes.o
CRYP_AES_ECB                                      Libraries\STM32F4xx_StdPeriph_Driver\src\stm32f4xx_cryp_aes.o
CRYP_Cmd                                          Libraries\STM32F4xx_StdPeriph_Driver\src\stm32f4xx_cryp.o
                                                  Libraries\STM32F4xx_StdPeriph_Driver\src\stm32f4xx_cryp_aes.o
                                                  Libraries\STM32F4xx_StdPeriph_Driver\src\stm32f4xx_cryp_des.o
                                                  Libraries\STM32F4xx_StdPeriph_Driver\src\stm32f4xx_cryp_tdes.o
CRYP_DES_CBC                                      Libraries\STM32F4xx_StdPeriph_Driver\src\stm32f4xx_cryp_des.o
CRYP_DES_ECB                                      Libraries\STM32F4xx_StdPeriph_Driver\src\stm32f4xx_cryp_des.o
CRYP_DMACmd                                       Libraries\STM32F4xx_StdPeriph_Driver\src\stm32f4xx_cryp.o
CRYP_DataIn                                       Libraries\STM32F4xx_StdPeriph_Driver\src\stm32f4xx_cryp.o
                                                  Libraries\STM32F4xx_StdPeriph_Driver\src\stm32f4xx_cryp_aes.o
                                                  Libraries\STM32F4xx_StdPeriph_Driver\src\stm32f4xx_cryp_des.o
                                                  Libraries\STM32F4xx_StdPeriph_Driver\src\stm32f4xx_cryp_tdes.o
CRYP_DataOut                                      Libraries\STM32F4xx_StdPeriph_Driver\src\stm32f4xx_cryp.o
                                                  Libraries\STM32F4xx_StdPeriph_Driver\src\stm32f4xx_cryp_aes.o
                                                  Libraries\STM32F4xx_StdPeriph_Driver\src\stm32f4xx_cryp_des.o
                                                  Libraries\STM32F4xx_StdPeriph_Driver\src\stm32f4xx_cryp_tdes.o
CRYP_DeInit                                       Libraries\STM32F4xx_StdPeriph_Driver\src\stm32f4xx_cryp.o
CRYP_FIFOFlush                                    Libraries\STM32F4xx_StdPeriph_Driver\src\stm32f4xx_cryp.o
                                                  Libraries\STM32F4xx_StdPeriph_Driver\src\stm32f4xx_cryp_aes.o
                                                  Libraries\STM32F4xx_StdPeriph_Driver\src\stm32f4xx_cryp_des.o
                                                  Libraries\STM32F4xx_StdPeriph_Driver\src\stm32f4xx_cryp_tdes.o
CRYP_GetFlagStatus                                Libraries\STM32F4xx_StdPeriph_Driver\src\stm32f4xx_cryp.o
                                                  Libraries\STM32F4xx_StdPeriph_Driver\src\stm32f4xx_cryp_aes.o
                                                  Libraries\STM32F4xx_StdPeriph_Driver\src\stm32f4xx_cryp_des.o
                                                  Libraries\STM32F4xx_StdPeriph_Driver\src\stm32f4xx_cryp_tdes.o
CRYP_GetITStatus                                  Libraries\STM32F4xx_StdPeriph_Driver\src\stm32f4xx_cryp.o
CRYP_IRQHandler                                   src\startup_stm32f4xx.o
CRYP_ITConfig                                     Libraries\STM32F4xx_StdPeriph_Driver\src\stm32f4xx_cryp.o
CRYP_IVInit                                       Libraries\STM32F4xx_StdPeriph_Driver\src\stm32f4xx_cryp.o
                                                  Libraries\STM32F4xx_StdPeriph_Driver\src\stm32f4xx_cryp_aes.o
                                                  Libraries\STM32F4xx_StdPeriph_Driver\src\stm32f4xx_cryp_des.o
                                                  Libraries\STM32F4xx_StdPeriph_Driver\src\stm32f4xx_cryp_tdes.o
CRYP_IVStructInit                                 Libraries\STM32F4xx_StdPeriph_Driver\src\stm32f4xx_cryp.o
CRYP_Init                                         Libraries\STM32F4xx_StdPeriph_Driver\src\stm32f4xx_cryp.o
                                                  Libraries\STM32F4xx_StdPeriph_Driver\src\stm32f4xx_cryp_aes.o
                                                  Libraries\STM32F4xx_StdPeriph_Driver\src\stm32f4xx_cryp_des.o
                                                  Libraries\STM32F4xx_StdPeriph_Driver\src\stm32f4xx_cryp_tdes.o
CRYP_KeyInit                                      Libraries\STM32F4xx_StdPeriph_Driver\src\stm32f4xx_cryp.o
                                                  Libraries\STM32F4xx_StdPeriph_Driver\src\stm32f4xx_cryp_aes.o
                                                  Libraries\STM32F4xx_StdPeriph_Driver\src\stm32f4xx_cryp_des.o
                                                  Libraries\STM32F4xx_StdPeriph_Driver\src\stm32f4xx_cryp_tdes.o
CRYP_KeyStructInit                                Libraries\STM32F4xx_StdPeriph_Driver\src\stm32f4xx_cryp.o
                                                  Libraries\STM32F4xx_StdPeriph_Driver\src\stm32f4xx_cryp_aes.o
                                                  Libraries\STM32F4xx_StdPeriph_Driver\src\stm32f4xx_cryp_des.o
                                                  Libraries\STM32F4xx_StdPeriph_Driver\src\stm32f4xx_cryp_tdes.o
CRYP_RestoreContext                               Libraries\STM32F4xx_StdPeriph_Driver\src\stm32f4xx_cryp.o
CRYP_SaveContext                                  Libraries\STM32F4xx_StdPeriph_Driver\src\stm32f4xx_cryp.o
CRYP_StructInit                                   Libraries\STM32F4xx_StdPeriph_Driver\src\stm32f4xx_cryp.o
CRYP_TDES_CBC                                     Libraries\STM32F4xx_StdPeriph_Driver\src\stm32f4xx_cryp_tdes.o
CRYP_TDES_ECB                                     Libraries\STM32F4xx_StdPeriph_Driver\src\stm32f4xx_cryp_tdes.o
CommsTask_TxBuffer                                src\hardwareSetup.o
                                                  src\main.o
                                                  src\serial_terminal.o
                                                  src\stm32f4xx_it.o
                                                  src\vComsTask.o
                                                  src\vSensorTask.o
CommsTask_TxBuffer_data                           src\hardwareSetup.o
                                                  src\main.o
                                                  src\serial_terminal.o
                                                  src\stm32f4xx_it.o
                                                  src\vComsTask.o
                                                  src\vSensorTask.o
DAC_ClearFlag                                     Libraries\STM32F4xx_StdPeriph_Driver\src\stm32f4xx_dac.o
DAC_ClearITPendingBit                             Libraries\STM32F4xx_StdPeriph_Driver\src\stm32f4xx_dac.o
DAC_Cmd                                           Libraries\STM32F4xx_StdPeriph_Driver\src\stm32f4xx_dac.o
DAC_DMACmd                                        Libraries\STM32F4xx_StdPeriph_Driver\src\stm32f4xx_dac.o
DAC_DeInit                                        Libraries\STM32F4xx_StdPeriph_Driver\src\stm32f4xx_dac.o
DAC_DualSoftwareTriggerCmd                        Libraries\STM32F4xx_StdPeriph_Driver\src\stm32f4xx_dac.o
DAC_GetDataOutputValue                            Libraries\STM32F4xx_StdPeriph_Driver\src\stm32f4xx_dac.o
DAC_GetFlagStatus                                 Libraries\STM32F4xx_StdPeriph_Driver\src\stm32f4xx_dac.o
DAC_GetITStatus                                   Libraries\STM32F4xx_StdPeriph_Driver\src\stm32f4xx_dac.o
DAC_ITConfig                                      Libraries\STM32F4xx_StdPeriph_Driver\src\stm32f4xx_dac.o
DAC_Init                                          Libraries\STM32F4xx_StdPeriph_Driver\src\stm32f4xx_dac.o
DAC_SetChannel1Data                               Libraries\STM32F4xx_StdPeriph_Driver\src\stm32f4xx_dac.o
DAC_SetChannel2Data                               Libraries\STM32F4xx_StdPeriph_Driver\src\stm32f4xx_dac.o
DAC_SetDualChannelData                            Libraries\STM32F4xx_StdPeriph_Driver\src\stm32f4xx_dac.o
DAC_SoftwareTriggerCmd                            Libraries\STM32F4xx_StdPeriph_Driver\src\stm32f4xx_dac.o
DAC_StructInit                                    Libraries\STM32F4xx_StdPeriph_Driver\src\stm32f4xx_dac.o
DAC_WaveGenerationCmd                             Libraries\STM32F4xx_StdPeriph_Driver\src\stm32f4xx_dac.o
DBGMCU_APB1PeriphConfig                           Libraries\STM32F4xx_StdPeriph_Driver\src\stm32f4xx_dbgmcu.o
DBGMCU_APB2PeriphConfig                           Libraries\STM32F4xx_StdPeriph_Driver\src\stm32f4xx_dbgmcu.o
DBGMCU_Config                                     Libraries\STM32F4xx_StdPeriph_Driver\src\stm32f4xx_dbgmcu.o
DBGMCU_GetDEVID                                   Libraries\STM32F4xx_StdPeriph_Driver\src\stm32f4xx_dbgmcu.o
DBGMCU_GetREVID                                   Libraries\STM32F4xx_StdPeriph_Driver\src\stm32f4xx_dbgmcu.o
DCMI_CROPCmd                                      Libraries\STM32F4xx_StdPeriph_Driver\src\stm32f4xx_dcmi.o
DCMI_CROPConfig                                   Libraries\STM32F4xx_StdPeriph_Driver\src\stm32f4xx_dcmi.o
DCMI_CaptureCmd                                   Libraries\STM32F4xx_StdPeriph_Driver\src\stm32f4xx_dcmi.o
DCMI_ClearFlag                                    Libraries\STM32F4xx_StdPeriph_Driver\src\stm32f4xx_dcmi.o
DCMI_ClearITPendingBit                            Libraries\STM32F4xx_StdPeriph_Driver\src\stm32f4xx_dcmi.o
DCMI_Cmd                                          Libraries\STM32F4xx_StdPeriph_Driver\src\stm32f4xx_dcmi.o
DCMI_DeInit                                       Libraries\STM32F4xx_StdPeriph_Driver\src\stm32f4xx_dcmi.o
DCMI_GetFlagStatus                                Libraries\STM32F4xx_StdPeriph_Driver\src\stm32f4xx_dcmi.o
DCMI_GetITStatus                                  Libraries\STM32F4xx_StdPeriph_Driver\src\stm32f4xx_dcmi.o
DCMI_IRQHandler                                   src\startup_stm32f4xx.o
DCMI_ITConfig                                     Libraries\STM32F4xx_StdPeriph_Driver\src\stm32f4xx_dcmi.o
DCMI_Init                                         Libraries\STM32F4xx_StdPeriph_Driver\src\stm32f4xx_dcmi.o
DCMI_JPEGCmd                                      Libraries\STM32F4xx_StdPeriph_Driver\src\stm32f4xx_dcmi.o
DCMI_ReadData                                     Libraries\STM32F4xx_StdPeriph_Driver\src\stm32f4xx_dcmi.o
DCMI_SetEmbeddedSynchroCodes                      Libraries\STM32F4xx_StdPeriph_Driver\src\stm32f4xx_dcmi.o
DCMI_StructInit                                   Libraries\STM32F4xx_StdPeriph_Driver\src\stm32f4xx_dcmi.o
DMA1_Stream0_IRQHandler                           src\startup_stm32f4xx.o
DMA1_Stream1_IRQHandler                           src\startup_stm32f4xx.o
DMA1_Stream2_IRQHandler                           src\startup_stm32f4xx.o
DMA1_Stream3_IRQHandler                           src\startup_stm32f4xx.o
DMA1_Stream4_IRQHandler                           src\startup_stm32f4xx.o
DMA1_Stream5_IRQHandler                           src\startup_stm32f4xx.o
DMA1_Stream6_IRQHandler                           src\startup_stm32f4xx.o
DMA1_Stream7_IRQHandler                           src\startup_stm32f4xx.o
DMA2_Stream0_IRQHandler                           src\startup_stm32f4xx.o
DMA2_Stream1_IRQHandler                           src\startup_stm32f4xx.o
DMA2_Stream2_IRQHandler                           src\startup_stm32f4xx.o
DMA2_Stream3_IRQHandler                           src\startup_stm32f4xx.o
DMA2_Stream4_IRQHandler                           src\startup_stm32f4xx.o
DMA2_Stream5_IRQHandler                           src\startup_stm32f4xx.o
DMA2_Stream6_IRQHandler                           src\stm32f4xx_it.o
DMA2_Stream7_IRQHandler                           src\startup_stm32f4xx.o
DMA_ClearFlag                                     Libraries\STM32F4xx_StdPeriph_Driver\src\stm32f4xx_dma.o
DMA_ClearITPendingBit                             Libraries\STM32F4xx_StdPeriph_Driver\src\stm32f4xx_dma.o
                                                  src\stm32f4xx_it.o
DMA_Cmd                                           Libraries\STM32F4xx_StdPeriph_Driver\src\stm32f4xx_dma.o
                                                  src\hardwareSetup.o
                                                  src\vComsTask.o
                                                  src\vSensorTask.o
DMA_DeInit                                        Libraries\STM32F4xx_StdPeriph_Driver\src\stm32f4xx_dma.o
                                                  src\hardwareSetup.o
DMA_DoubleBufferModeCmd                           Libraries\STM32F4xx_StdPeriph_Driver\src\stm32f4xx_dma.o
DMA_DoubleBufferModeConfig                        Libraries\STM32F4xx_StdPeriph_Driver\src\stm32f4xx_dma.o
DMA_FlowControllerConfig                          Libraries\STM32F4xx_StdPeriph_Driver\src\stm32f4xx_dma.o
DMA_GetCmdStatus                                  Libraries\STM32F4xx_StdPeriph_Driver\src\stm32f4xx_dma.o
                                                  src\hardwareSetup.o
                                                  src\vComsTask.o
                                                  src\vSensorTask.o
DMA_GetCurrDataCounter                            Libraries\STM32F4xx_StdPeriph_Driver\src\stm32f4xx_dma.o
                                                  src\vComsTask.o
                                                  src\vSensorTask.o
DMA_GetCurrentMemoryTarget                        Libraries\STM32F4xx_StdPeriph_Driver\src\stm32f4xx_dma.o
DMA_GetFIFOStatus                                 Libraries\STM32F4xx_StdPeriph_Driver\src\stm32f4xx_dma.o
DMA_GetFlagStatus                                 Libraries\STM32F4xx_StdPeriph_Driver\src\stm32f4xx_dma.o
DMA_GetITStatus                                   Libraries\STM32F4xx_StdPeriph_Driver\src\stm32f4xx_dma.o
                                                  src\stm32f4xx_it.o
DMA_ITConfig                                      Libraries\STM32F4xx_StdPeriph_Driver\src\stm32f4xx_dma.o
                                                  src\hardwareSetup.o
DMA_Init                                          Libraries\STM32F4xx_StdPeriph_Driver\src\stm32f4xx_dma.o
                                                  src\hardwareSetup.o
DMA_MemoryTargetConfig                            Libraries\STM32F4xx_StdPeriph_Driver\src\stm32f4xx_dma.o
DMA_PeriphIncOffsetSizeConfig                     Libraries\STM32F4xx_StdPeriph_Driver\src\stm32f4xx_dma.o
DMA_SetCurrDataCounter                            Libraries\STM32F4xx_StdPeriph_Driver\src\stm32f4xx_dma.o
                                                  src\vComsTask.o
DMA_StructInit                                    Libraries\STM32F4xx_StdPeriph_Driver\src\stm32f4xx_dma.o
                                                  src\hardwareSetup.o
DebugMon_Handler                                  src\stm32f4xx_it.o
Default_Handler                                   src\startup_stm32f4xx.o
ETH_IRQHandler                                    src\startup_stm32f4xx.o
ETH_WKUP_IRQHandler                               src\startup_stm32f4xx.o
EXTI0_IRQHandler                                  src\startup_stm32f4xx.o
EXTI15_10_IRQHandler                              src\startup_stm32f4xx.o
EXTI1_IRQHandler                                  src\startup_stm32f4xx.o
EXTI2_IRQHandler                                  src\startup_stm32f4xx.o
EXTI3_IRQHandler                                  src\startup_stm32f4xx.o
EXTI4_IRQHandler                                  src\startup_stm32f4xx.o
EXTI9_5_IRQHandler                                src\startup_stm32f4xx.o
EXTI_ClearFlag                                    Libraries\STM32F4xx_StdPeriph_Driver\src\stm32f4xx_exti.o
EXTI_ClearITPendingBit                            Libraries\STM32F4xx_StdPeriph_Driver\src\stm32f4xx_exti.o
EXTI_DeInit                                       Libraries\STM32F4xx_StdPeriph_Driver\src\stm32f4xx_exti.o
EXTI_GenerateSWInterrupt                          Libraries\STM32F4xx_StdPeriph_Driver\src\stm32f4xx_exti.o
EXTI_GetFlagStatus                                Libraries\STM32F4xx_StdPeriph_Driver\src\stm32f4xx_exti.o
EXTI_GetITStatus                                  Libraries\STM32F4xx_StdPeriph_Driver\src\stm32f4xx_exti.o
EXTI_Init                                         Libraries\STM32F4xx_StdPeriph_Driver\src\stm32f4xx_exti.o
                                                  Libraries\STM32F4xx_StdPeriph_Driver\src\stm32f4_discovery.o
EXTI_StructInit                                   Libraries\STM32F4xx_StdPeriph_Driver\src\stm32f4xx_exti.o
FLASH_ClearFlag                                   Libraries\STM32F4xx_StdPeriph_Driver\src\stm32f4xx_flash.o
FLASH_DataCacheCmd                                Libraries\STM32F4xx_StdPeriph_Driver\src\stm32f4xx_flash.o
FLASH_DataCacheReset                              Libraries\STM32F4xx_StdPeriph_Driver\src\stm32f4xx_flash.o
FLASH_EraseAllSectors                             Libraries\STM32F4xx_StdPeriph_Driver\src\stm32f4xx_flash.o
FLASH_EraseSector                                 Libraries\STM32F4xx_StdPeriph_Driver\src\stm32f4xx_flash.o
FLASH_GetFlagStatus                               Libraries\STM32F4xx_StdPeriph_Driver\src\stm32f4xx_flash.o
FLASH_GetStatus                                   Libraries\STM32F4xx_StdPeriph_Driver\src\stm32f4xx_flash.o
FLASH_IRQHandler                                  src\startup_stm32f4xx.o
FLASH_ITConfig                                    Libraries\STM32F4xx_StdPeriph_Driver\src\stm32f4xx_flash.o
FLASH_InstructionCacheCmd                         Libraries\STM32F4xx_StdPeriph_Driver\src\stm32f4xx_flash.o
FLASH_InstructionCacheReset                       Libraries\STM32F4xx_StdPeriph_Driver\src\stm32f4xx_flash.o
FLASH_Lock                                        Libraries\STM32F4xx_StdPeriph_Driver\src\stm32f4xx_flash.o
FLASH_OB_BORConfig                                Libraries\STM32F4xx_StdPeriph_Driver\src\stm32f4xx_flash.o
FLASH_OB_GetBOR                                   Libraries\STM32F4xx_StdPeriph_Driver\src\stm32f4xx_flash.o
FLASH_OB_GetRDP                                   Libraries\STM32F4xx_StdPeriph_Driver\src\stm32f4xx_flash.o
FLASH_OB_GetUser                                  Libraries\STM32F4xx_StdPeriph_Driver\src\stm32f4xx_flash.o
FLASH_OB_GetWRP                                   Libraries\STM32F4xx_StdPeriph_Driver\src\stm32f4xx_flash.o
FLASH_OB_Launch                                   Libraries\STM32F4xx_StdPeriph_Driver\src\stm32f4xx_flash.o
FLASH_OB_Lock                                     Libraries\STM32F4xx_StdPeriph_Driver\src\stm32f4xx_flash.o
FLASH_OB_RDPConfig                                Libraries\STM32F4xx_StdPeriph_Driver\src\stm32f4xx_flash.o
FLASH_OB_Unlock                                   Libraries\STM32F4xx_StdPeriph_Driver\src\stm32f4xx_flash.o
FLASH_OB_UserConfig                               Libraries\STM32F4xx_StdPeriph_Driver\src\stm32f4xx_flash.o
FLASH_OB_WRPConfig                                Libraries\STM32F4xx_StdPeriph_Driver\src\stm32f4xx_flash.o
FLASH_PrefetchBufferCmd                           Libraries\STM32F4xx_StdPeriph_Driver\src\stm32f4xx_flash.o
FLASH_ProgramByte                                 Libraries\STM32F4xx_StdPeriph_Driver\src\stm32f4xx_flash.o
FLASH_ProgramDoubleWord                           Libraries\STM32F4xx_StdPeriph_Driver\src\stm32f4xx_flash.o
FLASH_ProgramHalfWord                             Libraries\STM32F4xx_StdPeriph_Driver\src\stm32f4xx_flash.o
FLASH_ProgramWord                                 Libraries\STM32F4xx_StdPeriph_Driver\src\stm32f4xx_flash.o
FLASH_SetLatency                                  Libraries\STM32F4xx_StdPeriph_Driver\src\stm32f4xx_flash.o
FLASH_Unlock                                      Libraries\STM32F4xx_StdPeriph_Driver\src\stm32f4xx_flash.o
FLASH_WaitForLastOperation                        Libraries\STM32F4xx_StdPeriph_Driver\src\stm32f4xx_flash.o
FPU_IRQHandler                                    src\startup_stm32f4xx.o
FSMC_ClearFlag                                    Libraries\STM32F4xx_StdPeriph_Driver\src\stm32f4xx_fsmc.o
FSMC_ClearITPendingBit                            Libraries\STM32F4xx_StdPeriph_Driver\src\stm32f4xx_fsmc.o
FSMC_GetECC                                       Libraries\STM32F4xx_StdPeriph_Driver\src\stm32f4xx_fsmc.o
FSMC_GetFlagStatus                                Libraries\STM32F4xx_StdPeriph_Driver\src\stm32f4xx_fsmc.o
FSMC_GetITStatus                                  Libraries\STM32F4xx_StdPeriph_Driver\src\stm32f4xx_fsmc.o